Component: ARM Compiler 5.05 update 1 (build 106) Tool: armlink [4d0efa]

==============================================================================

Section Cross References

    system_stm32f4xx.o(i.SystemCoreClockUpdate) refers to system_stm32f4xx.o(.data) for .data
    system_stm32f4xx.o(i.SystemCoreClockUpdate) refers to system_stm32f4xx.o(.constdata) for .constdata
    arm_cos_f32.o(i.arm_cos_f32) refers to arm_common_tables.o(.constdata) for sinTable_f32
    arm_sin_f32.o(i.arm_sin_f32) refers to arm_common_tables.o(.constdata) for sinTable_f32
    trckernelport.o(i.TzCtrl) refers to segger_rtt.o(i.SEGGER_RTT_Read) for SEGGER_RTT_Read
    trckernelport.o(i.TzCtrl) refers to trcstreamingrecorder.o(i.prvIsValidCommand) for prvIsValidCommand
    trckernelport.o(i.TzCtrl) refers to trcstreamingrecorder.o(i.prvProcessCommand) for prvProcessCommand
    trckernelport.o(i.TzCtrl) refers to trckernelport.o(i.prvCheckRecorderStatus) for prvCheckRecorderStatus
    trckernelport.o(i.TzCtrl) refers to tasks.o(i.vTaskDelay) for vTaskDelay
    trckernelport.o(i.TzCtrl) refers to segger_rtt.o(.bss) for _SEGGER_RTT
    trckernelport.o(i.prvCheckRecorderStatus) refers to trcstreamingrecorder.o(i.vTracePrintF) for vTracePrintF
    trckernelport.o(i.prvCheckRecorderStatus) refers to trcstreamingrecorder.o(.data) for NoRoomForSymbol
    trckernelport.o(i.prvCheckRecorderStatus) refers to trckernelport.o(.data) for .data
    trckernelport.o(i.prvIsNewTCB) refers to trckernelport.o(.data) for .data
    trckernelport.o(i.prvTraceGetCurrentTaskHandle) refers to tasks.o(i.xTaskGetCurrentTaskHandle) for xTaskGetCurrentTaskHandle
    trckernelport.o(i.vTraceEnable) refers to segger_rtt.o(i.SEGGER_RTT_ConfigUpBuffer) for SEGGER_RTT_ConfigUpBuffer
    trckernelport.o(i.vTraceEnable) refers to segger_rtt.o(i.SEGGER_RTT_ConfigDownBuffer) for SEGGER_RTT_ConfigDownBuffer
    trckernelport.o(i.vTraceEnable) refers to trcstreamingrecorder.o(i.prvTraceInitCortexM) for prvTraceInitCortexM
    trckernelport.o(i.vTraceEnable) refers to trcstreamingrecorder.o(i.xTraceRegisterString) for xTraceRegisterString
    trckernelport.o(i.vTraceEnable) refers to tasks.o(i.xTaskGenericCreate) for xTaskGenericCreate
    trckernelport.o(i.vTraceEnable) refers to segger_rtt.o(i.SEGGER_RTT_Read) for SEGGER_RTT_Read
    trckernelport.o(i.vTraceEnable) refers to trcstreamingrecorder.o(i.prvIsValidCommand) for prvIsValidCommand
    trckernelport.o(i.vTraceEnable) refers to trcstreamingrecorder.o(i.prvProcessCommand) for prvProcessCommand
    trckernelport.o(i.vTraceEnable) refers to trckernelport.o(.data) for .data
    trckernelport.o(i.vTraceEnable) refers to trckernelport.o(i.TzCtrl) for TzCtrl
    trckernelport.o(i.vTraceEnable) refers to segger_rtt.o(.bss) for _SEGGER_RTT
    trckernelport.o(i.vTraceEnable) refers to trcstreamingrecorder.o(.data) for RecorderEnabled
    trckernelport.o(i.vTraceSetMutexName) refers to trcstreamingrecorder.o(i.vTraceStoreKernelObjectName) for vTraceStoreKernelObjectName
    trckernelport.o(i.vTraceSetQueueName) refers to trcstreamingrecorder.o(i.vTraceStoreKernelObjectName) for vTraceStoreKernelObjectName
    trckernelport.o(i.vTraceSetSemaphoreName) refers to trcstreamingrecorder.o(i.vTraceStoreKernelObjectName) for vTraceStoreKernelObjectName
    trcstreamingrecorder.o(i.prvAllocateBufferPage) refers to trcstreamingrecorder.o(.bss) for .bss
    trcstreamingrecorder.o(i.prvPagedEventBufferGetWritePointer) refers to trcstreamingrecorder.o(i.prvAllocateBufferPage) for prvAllocateBufferPage
    trcstreamingrecorder.o(i.prvPagedEventBufferGetWritePointer) refers to trcstreamingrecorder.o(.data) for .data
    trcstreamingrecorder.o(i.prvPagedEventBufferGetWritePointer) refers to trcstreamingrecorder.o(.bss) for .bss
    trcstreamingrecorder.o(i.prvPagedEventBufferInit) refers to trcstreamingrecorder.o(.data) for .data
    trcstreamingrecorder.o(i.prvPagedEventBufferInit) refers to trcstreamingrecorder.o(.bss) for .bss
    trcstreamingrecorder.o(i.prvPagedEventBufferTransfer) refers to trcstreamingrecorder.o(.data) for .data
    trcstreamingrecorder.o(i.prvPagedEventBufferTransfer) refers to trcstreamingrecorder.o(.bss) for .bss
    trcstreamingrecorder.o(i.prvProcessCommand) refers to trcstreamingrecorder.o(i.prvSetRecorderEnabled) for prvSetRecorderEnabled
    trcstreamingrecorder.o(i.prvSetRecorderEnabled) refers to trckernelport.o(i.prvTraceGetCurrentTaskHandle) for prvTraceGetCurrentTaskHandle
    trcstreamingrecorder.o(i.prvSetRecorderEnabled) refers to trckernelport.o(i.prvTraceOnBegin) for prvTraceOnBegin
    trcstreamingrecorder.o(i.prvSetRecorderEnabled) refers to segger_rtt.o(i.SEGGER_RTT_Write) for SEGGER_RTT_Write
    trcstreamingrecorder.o(i.prvSetRecorderEnabled) refers to trcstreamingrecorder.o(i.prvTraceStoreEvent3) for prvTraceStoreEvent3
[...]
    HASH_RNG_IRQHandler                      0x08000273   Thumb Code     0  startup_stm32f407xx.o(.text)
    I2C1_ER_IRQHandler                       0x08000273   Thumb Code     0  startup_stm32f407xx.o(.text)
    I2C1_EV_IRQHandler                       0x08000273   Thumb Code     0  startup_stm32f407xx.o(.text)
    I2C2_ER_IRQHandler                       0x08000273   Thumb Code     0  startup_stm32f407xx.o(.text)
    I2C2_EV_IRQHandler                       0x08000273   Thumb Code     0  startup_stm32f407xx.o(.text)
    I2C3_ER_IRQHandler                       0x08000273   Thumb Code     0  startup_stm32f407xx.o(.text)
    I2C3_EV_IRQHandler                       0x08000273   Thumb Code     0  startup_stm32f407xx.o(.text)
    OTG_FS_IRQHandler                        0x08000273   Thumb Code     0  startup_stm32f407xx.o(.text)
    OTG_FS_WKUP_IRQHandler                   0x08000273   Thumb Code     0  startup_stm32f407xx.o(.text)
    OTG_HS_EP1_IN_IRQHandler                 0x08000273   Thumb Code     0  startup_stm32f407xx.o(.text)
    OTG_HS_EP1_OUT_IRQHandler                0x08000273   Thumb Code     0  startup_stm32f407xx.o(.text)
    OTG_HS_IRQHandler                        0x08000273   Thumb Code     0  startup_stm32f407xx.o(.text)
    OTG_HS_WKUP_IRQHandler                   0x08000273   Thumb Code     0  startup_stm32f407xx.o(.text)
    PVD_IRQHandler                           0x08000273   Thumb Code     0  startup_stm32f407xx.o(.text)
    RCC_IRQHandler                           0x08000273   Thumb Code     0  startup_stm32f407xx.o(.text)
    RTC_Alarm_IRQHandler                     0x08000273   Thumb Code     0  startup_stm32f407xx.o(.text)
    RTC_WKUP_IRQHandler                      0x08000273   Thumb Code     0  startup_stm32f407xx.o(.text)
    SDIO_IRQHandler                          0x08000273   Thumb Code     0  startup_stm32f407xx.o(.text)
    SPI1_IRQHandler                          0x08000273   Thumb Code     0  startup_stm32f407xx.o(.text)
    SPI2_IRQHandler                          0x08000273   Thumb Code     0  startup_stm32f407xx.o(.text)
    SPI3_IRQHandler                          0x08000273   Thumb Code     0  startup_stm32f407xx.o(.text)
    TAMP_STAMP_IRQHandler                    0x08000273   Thumb Code     0  startup_stm32f407xx.o(.text)
    TIM1_BRK_TIM9_IRQHandler                 0x08000273   Thumb Code     0  startup_stm32f407xx.o(.text)
    TIM1_CC_IRQHandler                       0x08000273   Thumb Code     0  startup_stm32f407xx.o(.text)
    TIM1_TRG_COM_TIM11_IRQHandler            0x08000273   Thumb Code     0  startup_stm32f407xx.o(.text)
    TIM1_UP_TIM10_IRQHandler                 0x08000273   Thumb Code     0  startup_stm32f407xx.o(.text)
    TIM2_IRQHandler                          0x08000273   Thumb Code     0  startup_stm32f407xx.o(.text)
    TIM4_IRQHandler                          0x08000273   Thumb Code     0  startup_stm32f407xx.o(.text)
    TIM5_IRQHandler                          0x08000273   Thumb Code     0  startup_stm32f407xx.o(.text)
    TIM6_DAC_IRQHandler                      0x08000273   Thumb Code     0  startup_stm32f407xx.o(.text)
    TIM7_IRQHandler                          0x08000273   Thumb Code     0  startup_stm32f407xx.o(.text)
    TIM8_BRK_TIM12_IRQHandler                0x08000273   Thumb Code     0  startup_stm32f407xx.o(.text)
    TIM8_CC_IRQHandler                       0x08000273   Thumb Code     0  startup_stm32f407xx.o(.text)
    TIM8_TRG_COM_TIM14_IRQHandler            0x08000273   Thumb Code     0  startup_stm32f407xx.o(.text)
    TIM8_UP_TIM13_IRQHandler                 0x08000273   Thumb Code     0  startup_stm32f407xx.o(.text)
    UART4_IRQHandler                         0x08000273   Thumb Code     0  startup_stm32f407xx.o(.text)
    UART5_IRQHandler                         0x08000273   Thumb Code     0  startup_stm32f407xx.o(.text)
    USART1_IRQHandler                        0x08000273   Thumb Code     0  startup_stm32f407xx.o(.text)
    USART2_IRQHandler                        0x08000273   Thumb Code     0  startup_stm32f407xx.o(.text)
    USART3_IRQHandler                        0x08000273   Thumb Code     0  startup_stm32f407xx.o(.text)
    USART6_IRQHandler                        0x08000273   Thumb Code     0  startup_stm32f407xx.o(.text)
    WWDG_IRQHandler                          0x08000273   Thumb Code     0  startup_stm32f407xx.o(.text)
    __aeabi_memcpy                           0x0800027d   Thumb Code    36  memcpya.o(.text)
    __aeabi_memcpy4                          0x0800027d   Thumb Code     0  memcpya.o(.text)
    __aeabi_memcpy8                          0x0800027d   Thumb Code     0  memcpya.o(.text)
    __aeabi_memset                           0x080002a1   Thumb Code    14  memseta.o(.text)
    __aeabi_memset4                          0x080002a1   Thumb Code     0  memseta.o(.text)
    __aeabi_memset8                          0x080002a1   Thumb Code     0  memseta.o(.text)
    __aeabi_memclr                           0x080002af   Thumb Code     4  memseta.o(.text)
    __aeabi_memclr4                          0x080002af   Thumb Code     0  memseta.o(.text)
    __aeabi_memclr8                          0x080002af   Thumb Code     0  memseta.o(.text)
    _memset$wrapper                          0x080002b3   Thumb Code    18  memseta.o(.text)
    strncpy                                  0x080002c5   Thumb Code    24  strncpy.o(.text)
    strcmp                                   0x080002dd   Thumb Code    28  strcmp.o(.text)
    strcpy                                   0x080002f9   Thumb Code    18  strcpy.o(.text)
    __0sscanf                                0x0800030d   Thumb Code    48  __0sscanf.o(.text)
    _scanf_real                              0x08000445   Thumb Code     0  scanf_fp.o(.text)
    _scanf_really_real                       0x08000445   Thumb Code   556  scanf_fp.o(.text)
    atoi                                     0x0800067d   Thumb Code    26  atoi.o(.text)
    __aeabi_dadd                             0x08000697   Thumb Code   322  dadd.o(.text)
    __aeabi_dsub                             0x080007d9   Thumb Code     6  dadd.o(.text)
    __aeabi_drsub                            0x080007df   Thumb Code     6  dadd.o(.text)
    __aeabi_dmul                             0x080007e5   Thumb Code   228  dmul.o(.text)
    __aeabi_ddiv                             0x080008c9   Thumb Code   222  ddiv.o(.text)
    __aeabi_ui2d                             0x080009a7   Thumb Code    26  dfltui.o(.text)
    __aeabi_d2uiz                            0x080009c1   Thumb Code    50  dfixui.o(.text)
    __aeabi_f2d                              0x080009f3   Thumb Code    38  f2d.o(.text)
    __aeabi_d2f                              0x08000a19   Thumb Code    56  d2f.o(.text)
    __aeabi_uidiv                            0x08000a51   Thumb Code     0  uidiv.o(.text)
    __aeabi_uidivmod                         0x08000a51   Thumb Code    44  uidiv.o(.text)
    __aeabi_uldivmod                         0x08000a7d   Thumb Code    98  uldiv.o(.text)
    __aeabi_llsl                             0x08000adf   Thumb Code    30  llshl.o(.text)
    _ll_shift_l                              0x08000adf   Thumb Code     0  llshl.o(.text)
    __aeabi_llsr                             0x08000afd   Thumb Code    32  llushr.o(.text)
    _ll_ushift_r                             0x08000afd   Thumb Code     0  llushr.o(.text)
    __aeabi_lasr                             0x08000b1d   Thumb Code    36  llsshr.o(.text)
    _ll_sshift_r                             0x08000b1d   Thumb Code     0  llsshr.o(.text)
    __vfscanf_char                           0x08000b4d   Thumb Code    20  scanf_char.o(.text)
    _sgetc                                   0x08000b69   Thumb Code    30  _sgetc.o(.text)
    _sbackspace                              0x08000b87   Thumb Code    34  _sgetc.o(.text)
    __strtod_int                             0x08000bdf   Thumb Code    88  strtod.o(.text)
    strtol                                   0x08000c45   Thumb Code   112  strtol.o(.text)
    __I$use$fp                               0x08000cb5   Thumb Code     0  iusefp.o(.text)
    _float_round                             0x08000cb5   Thumb Code    18  fepilogue.o(.text)
    _float_epilogue                          0x08000cc7   Thumb Code    92  fepilogue.o(.text)
    _double_round                            0x08000d23   Thumb Code    30  depilogue.o(.text)
    _double_epilogue                         0x08000d41   Thumb Code   156  depilogue.o(.text)
    __ARM_scalbn                             0x08000ddd   Thumb Code    46  dscalb.o(.text)
    scalbn                                   0x08000ddd   Thumb Code     0  dscalb.o(.text)
    __aeabi_i2d                              0x08000e0b   Thumb Code    34  dflti.o(.text)
    __aeabi_ul2d                             0x08000e2d   Thumb Code    24  dfltul.o(.text)
    __aeabi_d2ulz                            0x08000e45   Thumb Code    48  dfixul.o(.text)
    __aeabi_cdrcmple                         0x08000e75   Thumb Code    48  cdrcmple.o(.text)
    __scatterload                            0x08000ea5   Thumb Code    28  init.o(.text)
    __scatterload_rt2                        0x08000ea5   Thumb Code     0  init.o(.text)
    __rt_ctype_table                         0x08000ec9   Thumb Code     4  ctype_o.o(.text)
    isspace                                  0x08000ed1   Thumb Code    18  isspace_o.o(.text)
    __vfscanf                                0x08000ee5   Thumb Code   808  _scanf.o(.text)
    _strtoul                                 0x08001211   Thumb Code   158  _strtoul.o(.text)
    _dsqrt                                   0x080012af   Thumb Code   162  dsqrt.o(.text)
    _chval                                   0x08001351   Thumb Code    28  _chval.o(.text)
    __decompress                             0x0800136d   Thumb Code     0  __dclz77c.o(.text)
    __decompress2                            0x0800136d   Thumb Code    94  __dclz77c.o(.text)
    BusFault_Handler                         0x0800144d   Thumb Code     2  stm32f4xx_it.o(i.BusFault_Handler)
    DebugMon_Handler                         0x08001477   Thumb Code     2  stm32f4xx_it.o(i.DebugMon_Handler)
    Error_Handler                            0x08001479   Thumb Code     2  main.o(i.Error_Handler)
    GetGPSValues                             0x0800147d   Thumb Code   836  gps.o(i.GetGPSValues)
    HAL_ADC_ConvCpltCallback                 0x080017e1   Thumb Code     2  stm32f4xx_hal_adc.o(i.HAL_ADC_ConvCpltCallback)
    HAL_ADC_ConvHalfCpltCallback             0x080017e3   Thumb Code     2  stm32f4xx_hal_adc.o(i.HAL_ADC_ConvHalfCpltCallback)
    HAL_ADC_ErrorCallback                    0x080017e5   Thumb Code     2  stm32f4xx_hal_adc.o(i.HAL_ADC_ErrorCallback)
    HAL_ADC_Start_DMA                        0x080017e9   Thumb Code   228  stm32f4xx_hal_adc.o(i.HAL_ADC_Start_DMA)
    HAL_DMA_Start_IT                         0x080018e5   Thumb Code   120  stm32f4xx_hal_dma.o(i.HAL_DMA_Start_IT)
    HAL_Delay                                0x0800195d   Thumb Code    22  stm32f4xx_hal.o(i.HAL_Delay)
    HAL_GPIO_Init                            0x08001975   Thumb Code   388  stm32f4xx_hal_gpio.o(i.HAL_GPIO_Init)
    HAL_GPIO_WritePin                        0x08001b25   Thumb Code    10  stm32f4xx_hal_gpio.o(i.HAL_GPIO_WritePin)
    HAL_GetTick                              0x08001b31   Thumb Code     6  stm32f4xx_hal.o(i.HAL_GetTick)
    HAL_IncTick                              0x08001b3d   Thumb Code    10  stm32f4xx_hal.o(i.HAL_IncTick)
    HAL_Init                                 0x08001b4d   Thumb Code    48  stm32f4xx_hal.o(i.HAL_Init)
    HAL_InitTick                             0x08001b81   Thumb Code   100  stm32f4xx_hal_timebase_tim.o(i.HAL_InitTick)
    HAL_MspInit                              0x08001bf5   Thumb Code    88  stm32f4xx_hal_msp.o(i.HAL_MspInit)
    HAL_NVIC_EnableIRQ                       0x08001c4d   Thumb Code    22  stm32f4xx_hal_cortex.o(i.HAL_NVIC_EnableIRQ)
    HAL_NVIC_SetPriority                     0x08001c65   Thumb Code    60  stm32f4xx_hal_cortex.o(i.HAL_NVIC_SetPriority)
    HAL_NVIC_SetPriorityGrouping             0x08001ca5   Thumb Code    26  stm32f4xx_hal_cortex.o(i.HAL_NVIC_SetPriorityGrouping)
    HAL_RCC_CSSCallback                      0x08001cc9   Thumb Code     2  stm32f4xx_hal_rcc.o(i.HAL_RCC_CSSCallback)
    HAL_RCC_ClockConfig                      0x08001ccd   Thumb Code   364  stm32f4xx_hal_rcc.o(i.HAL_RCC_ClockConfig)
    HAL_RCC_EnableCSS                        0x08001e49   Thumb Code     8  stm32f4xx_hal_rcc.o(i.HAL_RCC_EnableCSS)
    HAL_RCC_GetClockConfig                   0x08001e55   Thumb Code    54  stm32f4xx_hal_rcc.o(i.HAL_RCC_GetClockConfig)
    HAL_RCC_GetHCLKFreq                      0x08001e95   Thumb Code     6  stm32f4xx_hal_rcc.o(i.HAL_RCC_GetHCLKFreq)
    HAL_RCC_GetPCLK1Freq                     0x08001ea1   Thumb Code    34  stm32f4xx_hal_rcc.o(i.HAL_RCC_GetPCLK1Freq)
    HAL_RCC_GetPCLK2Freq                     0x08001ed1   Thumb Code    34  stm32f4xx_hal_rcc.o(i.HAL_RCC_GetPCLK2Freq)
    HAL_RCC_GetSysClockFreq                  0x08001f01   Thumb Code   104  stm32f4xx_hal_rcc.o(i.HAL_RCC_GetSysClockFreq)
    HAL_RCC_NMI_IRQHandler                   0x08001f71   Thumb Code    24  stm32f4xx_hal_rcc.o(i.HAL_RCC_NMI_IRQHandler)
    HAL_RCC_OscConfig                        0x08001f8d   Thumb Code   770  stm32f4xx_hal_rcc.o(i.HAL_RCC_OscConfig)
    HAL_SYSTICK_CLKSourceConfig              0x080022a1   Thumb Code    24  stm32f4xx_hal_cortex.o(i.HAL_SYSTICK_CLKSourceConfig)
    HAL_SYSTICK_Config                       0x080022b9   Thumb Code    40  stm32f4xx_hal_cortex.o(i.HAL_SYSTICK_Config)
    HAL_TIMEx_BreakCallback                  0x080022e1   Thumb Code     2  stm32f4xx_hal_tim_ex.o(i.HAL_TIMEx_BreakCallback)
    HAL_TIMEx_CommutationCallback            0x080022e3   Thumb Code     2  stm32f4xx_hal_tim_ex.o(i.HAL_TIMEx_CommutationCallback)
    HAL_TIMEx_ConfigBreakDeadTime            0x080022e5   Thumb Code    66  stm32f4xx_hal_tim_ex.o(i.HAL_TIMEx_ConfigBreakDeadTime)
    HAL_TIMEx_MasterConfigSynchronization    0x08002327   Thumb Code    80  stm32f4xx_hal_tim_ex.o(i.HAL_TIMEx_MasterConfigSynchronization)
    HAL_TIM_Base_Init                        0x08002377   Thumb Code    54  stm32f4xx_hal_tim.o(i.HAL_TIM_Base_Init)
    HAL_TIM_Base_MspInit                     0x080023ad   Thumb Code    42  tim.o(i.HAL_TIM_Base_MspInit)
    HAL_TIM_Base_Start_IT                    0x080023e1   Thumb Code    24  stm32f4xx_hal_tim.o(i.HAL_TIM_Base_Start_IT)
    HAL_TIM_ConfigClockSource                0x080023f9   Thumb Code   242  stm32f4xx_hal_tim.o(i.HAL_TIM_ConfigClockSource)
    HAL_TIM_IC_CaptureCallback               0x080024eb   Thumb Code     2  stm32f4xx_hal_tim.o(i.HAL_TIM_IC_CaptureCallback)
    HAL_TIM_IRQHandler                       0x080024ed   Thumb Code   358  stm32f4xx_hal_tim.o(i.HAL_TIM_IRQHandler)
    HAL_TIM_MspPostInit                      0x08002655   Thumb Code    70  tim.o(i.HAL_TIM_MspPostInit)
    HAL_TIM_OC_DelayElapsedCallback          0x080026a9   Thumb Code     2  stm32f4xx_hal_tim.o(i.HAL_TIM_OC_DelayElapsedCallback)
    HAL_TIM_PWM_ConfigChannel                0x080026ab   Thumb Code   208  stm32f4xx_hal_tim.o(i.HAL_TIM_PWM_ConfigChannel)
    HAL_TIM_PWM_Init                         0x0800277b   Thumb Code    54  stm32f4xx_hal_tim.o(i.HAL_TIM_PWM_Init)
    HAL_TIM_PWM_MspInit                      0x080027b1   Thumb Code     2  stm32f4xx_hal_tim.o(i.HAL_TIM_PWM_MspInit)
    HAL_TIM_PWM_PulseFinishedCallback        0x080027b3   Thumb Code     2  stm32f4xx_hal_tim.o(i.HAL_TIM_PWM_PulseFinishedCallback)
    HAL_TIM_PWM_Start                        0x080027b5   Thumb Code    48  stm32f4xx_hal_tim.o(i.HAL_TIM_PWM_Start)
    HAL_TIM_PeriodElapsedCallback            0x080027ed   Thumb Code    14  main.o(i.HAL_TIM_PeriodElapsedCallback)
    HAL_TIM_TriggerCallback                  0x08002801   Thumb Code     2  stm32f4xx_hal_tim.o(i.HAL_TIM_TriggerCallback)
    HAL_UART_Init                            0x08002803   Thumb Code    98  stm32f4xx_hal_uart.o(i.HAL_UART_Init)
    HAL_UART_MspInit                         0x08002865   Thumb Code   174  usart.o(i.HAL_UART_MspInit)
    HAL_UART_Receive                         0x08002935   Thumb Code   184  stm32f4xx_hal_uart.o(i.HAL_UART_Receive)
    HAL_UART_Transmit                        0x080029ed   Thumb Code   186  stm32f4xx_hal_uart.o(i.HAL_UART_Transmit)
    HardFault_Handler                        0x08002aa7   Thumb Code     2  stm32f4xx_it.o(i.HardFault_Handler)
    MX_FREERTOS_Init                         0x08002aa9   Thumb Code   368  freertos.o(i.MX_FREERTOS_Init)
    MX_GPIO_Init                             0x08002c21   Thumb Code   258  gpio.o(i.MX_GPIO_Init)
    MX_TIM1_Init                             0x08002d35   Thumb Code   204  tim.o(i.MX_TIM1_Init)
    MX_TIM2_Init                             0x08002e09   Thumb Code   150  tim.o(i.MX_TIM2_Init)
    MX_UART4_Init                            0x08002ea5   Thumb Code    48  usart.o(i.MX_UART4_Init)
    MX_USART2_UART_Init                      0x08002edd   Thumb Code    48  usart.o(i.MX_USART2_UART_Init)
    MX_USART3_UART_Init                      0x08002f15   Thumb Code    48  usart.o(i.MX_USART3_UART_Init)
    MX_USART6_UART_Init                      0x08002f4d   Thumb Code    48  usart.o(i.MX_USART6_UART_Init)
    MemManage_Handler                        0x08002f85   Thumb Code     2  stm32f4xx_it.o(i.MemManage_Handler)
    MyWrapper                                0x08002f87   Thumb Code   242  queue.o(i.MyWrapper)
    NMI_Handler                              0x08003079   Thumb Code     4  stm32f4xx_it.o(i.NMI_Handler)
    SEGGER_RTT_ConfigDownBuffer              0x0800309d   Thumb Code    90  segger_rtt.o(i.SEGGER_RTT_ConfigDownBuffer)
    SEGGER_RTT_ConfigUpBuffer                0x080030fd   Thumb Code    90  segger_rtt.o(i.SEGGER_RTT_ConfigUpBuffer)
    SEGGER_RTT_Read                          0x0800315d   Thumb Code    24  segger_rtt.o(i.SEGGER_RTT_Read)
    SEGGER_RTT_ReadNoLock                    0x08003175   Thumb Code   116  segger_rtt.o(i.SEGGER_RTT_ReadNoLock)
    SEGGER_RTT_Write                         0x080031ed   Thumb Code    50  segger_rtt.o(i.SEGGER_RTT_Write)
    SEGGER_RTT_WriteNoLock                   0x08003225   Thumb Code    86  segger_rtt.o(i.SEGGER_RTT_WriteNoLock)
    StartDefaultTask                         0x08003281   Thumb Code     8  freertos.o(i.StartDefaultTask)
    SysTick_Handler                          0x08003289   Thumb Code     4  stm32f4xx_it.o(i.SysTick_Handler)
    SystemClock_Config                       0x0800328d   Thumb Code   154  main.o(i.SystemClock_Config)
    SystemInit                               0x08003331   Thumb Code    66  system_stm32f4xx.o(i.SystemInit)
    TIM3_IRQHandler                          0x08003385   Thumb Code     6  stm32f4xx_it.o(i.TIM3_IRQHandler)
    TIM_Base_SetConfig                       0x08003391   Thumb Code   148  stm32f4xx_hal_tim.o(i.TIM_Base_SetConfig)
    TIM_CCxChannelCmd                        0x08003451   Thumb Code    22  stm32f4xx_hal_tim.o(i.TIM_CCxChannelCmd)
    TIM_OC2_SetConfig                        0x080034e5   Thumb Code    90  stm32f4xx_hal_tim.o(i.TIM_OC2_SetConfig)
    UsageFault_Handler                       0x08003989   Thumb Code     2  stm32f4xx_it.o(i.UsageFault_Handler)
    __0printf                                0x08003aa9   Thumb Code    22  printfa.o(i.__0printf)
    __1printf                                0x08003aa9   Thumb Code     0  printfa.o(i.__0printf)
    __2printf                                0x08003aa9   Thumb Code     0  printfa.o(i.__0printf)
    __c89printf                              0x08003aa9   Thumb Code     0  printfa.o(i.__0printf)
    printf                                   0x08003aa9   Thumb Code     0  printfa.o(i.__0printf)
    __ARM_fpclassify                         0x08003ac9   Thumb Code    48  fpclassify.o(i.__ARM_fpclassify)
    __ARM_fpclassifyf                        0x08003af9   Thumb Code    38  fpclassifyf.o(i.__ARM_fpclassifyf)
    __aeabi_errno_addr                       0x08003b21   Thumb Code     4  errno.o(i.__aeabi_errno_addr)
    __rt_errno_addr                          0x08003b21   Thumb Code     0  errno.o(i.__aeabi_errno_addr)
    __hardfp_atof                            0x08003b29   Thumb Code    44  atof.o(i.__hardfp_atof)
    __hardfp_cosf                            0x08003b61   Thumb Code   280  cosf.o(i.__hardfp_cosf)
    __hardfp_pow                             0x08003cb1   Thumb Code  3044  pow.o(i.__hardfp_pow)
    __hardfp_powf                            0x080048e9   Thumb Code  1518  powf.o(i.__hardfp_powf)
    __mathlib_powf                           0x080048e9   Thumb Code     0  powf.o(i.__hardfp_powf)
    __hardfp_sinf                            0x08004ef5   Thumb Code   344  sinf.o(i.__hardfp_sinf)
    __hardfp_sqrtf                           0x08005085   Thumb Code    58  sqrtf.o(i.__hardfp_sqrtf)
    __hardfp_tanf                            0x080050c1   Thumb Code   322  tanf.o(i.__hardfp_tanf)
    __kernel_poly                            0x0800523d   Thumb Code   248  poly.o(i.__kernel_poly)
    __mathlib_dbl_divzero                    0x08005339   Thumb Code    28  dunder.o(i.__mathlib_dbl_divzero)
    __mathlib_dbl_infnan2                    0x08005369   Thumb Code    20  dunder.o(i.__mathlib_dbl_infnan2)
    __mathlib_dbl_invalid                    0x08005381   Thumb Code    24  dunder.o(i.__mathlib_dbl_invalid)
    __mathlib_dbl_overflow                   0x080053a1   Thumb Code    24  dunder.o(i.__mathlib_dbl_overflow)
    __mathlib_dbl_underflow                  0x080053c1   Thumb Code    24  dunder.o(i.__mathlib_dbl_underflow)
    __mathlib_flt_divzero                    0x080053e1   Thumb Code    14  funder.o(i.__mathlib_flt_divzero)
    __mathlib_flt_infnan                     0x080053f5   Thumb Code     6  funder.o(i.__mathlib_flt_infnan)
    __mathlib_flt_infnan2                    0x080053fb   Thumb Code     6  funder.o(i.__mathlib_flt_infnan2)
    __mathlib_flt_invalid                    0x08005401   Thumb Code    10  funder.o(i.__mathlib_flt_invalid)
    __mathlib_flt_overflow                   0x08005411   Thumb Code    10  funder.o(i.__mathlib_flt_overflow)
    __mathlib_flt_underflow                  0x08005421   Thumb Code    10  funder.o(i.__mathlib_flt_underflow)
    __mathlib_rredf2                         0x08005431   Thumb Code   316  rredf.o(i.__mathlib_rredf2)
    __read_errno                             0x08005585   Thumb Code     6  errno.o(i.__read_errno)
    __scatterload_copy                       0x08005591   Thumb Code    14  handlers.o(i.__scatterload_copy)
    __scatterload_null                       0x0800559f   Thumb Code     2  handlers.o(i.__scatterload_null)
    __scatterload_zeroinit                   0x080055a1   Thumb Code    14  handlers.o(i.__scatterload_zeroinit)
    __set_errno                              0x080055b1   Thumb Code     6  errno.o(i.__set_errno)
    _is_digit                                0x08005721   Thumb Code    14  scanf_fp.o(i._is_digit)
    arm_dot_prod_f32                         0x08005e61   Thumb Code   100  arm_dot_prod_f32.o(i.arm_dot_prod_f32)
    arm_mat_add_f32                          0x08005ec9   Thumb Code   124  arm_mat_add_f32.o(i.arm_mat_add_f32)
    arm_mat_init_f32                         0x08005f45   Thumb Code     8  arm_mat_init_f32.o(i.arm_mat_init_f32)
    arm_mat_inverse_f32                      0x08005f4d   Thumb Code   608  arm_mat_inverse_f32.o(i.arm_mat_inverse_f32)
    arm_mat_mult_f32                         0x080061b1   Thumb Code   216  arm_mat_mult_f32.o(i.arm_mat_mult_f32)
    arm_mat_scale_f32                        0x0800628d   Thumb Code   100  arm_mat_scale_f32.o(i.arm_mat_scale_f32)
    arm_mat_trans_f32                        0x080062f1   Thumb Code   122  arm_mat_trans_f32.o(i.arm_mat_trans_f32)
    arm_scale_f32                            0x0800636b   Thumb Code    80  arm_scale_f32.o(i.arm_scale_f32)
    cortexm4f_enable_fpu                     0x080063bd   Thumb Code    12  main.o(i.cortexm4f_enable_fpu)
    countLeapYears                           0x080063cd   Thumb Code    30  e_time.o(i.countLeapYears)
    cross_product                            0x080063eb   Thumb Code    86  op_triad.o(i.cross_product)
    e_time                                   0x08006441   Thumb Code   102  e_time.o(i.e_time)
    fabs                                     0x080064ad   Thumb Code    24  fabs.o(i.fabs)
    findjd                                   0x080064c5   Thumb Code   214  sun_vector.o(i.findjd)
    fputc                                    0x080065ad   Thumb Code    22  fputc.o(i.fputc)
    get_attitude                             0x080065c9   Thumb Code     6  op_triad.o(i.get_attitude)
    igrf                                     0x080065d5   Thumb Code  1310  igrf.o(i.igrf)
    magnm_data_parse                         0x08006b01   Thumb Code   204  magnetometer.o(i.magnm_data_parse)
    main                                     0x08006be5   Thumb Code    56  main.o(i.main)
    map                                      0x08006c29   Thumb Code    26  magnetometer.o(i.map)
    optimized_triad                          0x08006c45   Thumb Code   272  op_triad.o(i.optimized_triad)
    optimized_triad_init                     0x08006d5d   Thumb Code   326  op_triad.o(i.optimized_triad_init)
    osDelay                                  0x08006eb1   Thumb Code    14  cmsis_os.o(i.osDelay)
    osKernelStart                            0x08006ebf   Thumb Code    10  cmsis_os.o(i.osKernelStart)
    osSemaphoreCreate                        0x08006ec9   Thumb Code    38  cmsis_os.o(i.osSemaphoreCreate)
    osSemaphoreRelease                       0x08006ef1   Thumb Code    74  cmsis_os.o(i.osSemaphoreRelease)
    osSemaphoreWait                          0x08006f41   Thumb Code   100  cmsis_os.o(i.osSemaphoreWait)
    osSystickHandler                         0x08006fa9   Thumb Code    20  cmsis_os.o(i.osSystickHandler)
    osThreadCreate                           0x08006fbd   Thumb Code    56  cmsis_os.o(i.osThreadCreate)
    prvIsNewTCB                              0x08007321   Thumb Code    18  trckernelport.o(i.prvIsNewTCB)
    prvIsValidCommand                        0x08007339   Thumb Code    58  trcstreamingrecorder.o(i.prvIsValidCommand)
    prvProcessCommand                        0x08007373   Thumb Code    14  trcstreamingrecorder.o(i.prvProcessCommand)
    prvTraceError                            0x08007519   Thumb Code    38  trcstreamingrecorder.o(i.prvTraceError)
    prvTraceGetCurrentTaskHandle             0x0800756d   Thumb Code     4  trckernelport.o(i.prvTraceGetCurrentTaskHandle)
    prvTraceInitCortexM                      0x08007571   Thumb Code    46  trcstreamingrecorder.o(i.prvTraceInitCortexM)
    prvTraceOnBegin                          0x080075a9   Thumb Code     2  trckernelport.o(i.prvTraceOnBegin)
    prvTraceOnEnd                            0x080075ab   Thumb Code     2  trckernelport.o(i.prvTraceOnEnd)
    prvTraceSaveObjectData                   0x080075ad   Thumb Code    74  trcstreamingrecorder.o(i.prvTraceSaveObjectData)
    prvTraceSaveSymbol                       0x08007601   Thumb Code   112  trcstreamingrecorder.o(i.prvTraceSaveSymbol)
    prvTraceStoreEvent                       0x08007679   Thumb Code   110  trcstreamingrecorder.o(i.prvTraceStoreEvent)
    prvTraceStoreEvent0                      0x080076f1   Thumb Code    70  trcstreamingrecorder.o(i.prvTraceStoreEvent0)
    prvTraceStoreEvent1                      0x08007741   Thumb Code    76  trcstreamingrecorder.o(i.prvTraceStoreEvent1)
    prvTraceStoreEvent2                      0x08007795   Thumb Code    80  trcstreamingrecorder.o(i.prvTraceStoreEvent2)
    prvTraceStoreEvent3                      0x080077ed   Thumb Code    84  trcstreamingrecorder.o(i.prvTraceStoreEvent3)
    prvTraceStoreStringEvent                 0x08007849   Thumb Code    22  trcstreamingrecorder.o(i.prvTraceStoreStringEvent)
    pvPortMalloc                             0x08007b59   Thumb Code   220  heap_4.o(i.pvPortMalloc)
    pvTaskIncrementMutexHeldCount            0x08007c39   Thumb Code    18  tasks.o(i.pvTaskIncrementMutexHeldCount)
    pxPortInitialiseStack                    0x08007c51   Thumb Code    36  port.o(i.pxPortInitialiseStack)
    read_magnm_data                          0x08007c79   Thumb Code    40  magnetometer.o(i.read_magnm_data)
    rxn_wheels_init                          0x08007ca5   Thumb Code    48  rxn_wheels.o(i.rxn_wheels_init)
    send                                     0x08007ce1   Thumb Code    16  magnetometer.o(i.send)
    single_op                                0x08007cf5   Thumb Code    36  magnetometer.o(i.single_op)
    sqrt                                     0x08007d19   Thumb Code   110  sqrt.o(i.sqrt)
    sun_vector_body                          0x08007d87   Thumb Code    26  sun_vector.o(i.sun_vector_body)
    sun_vector_ref                           0x08007da1   Thumb Code   216  sun_vector.o(i.sun_vector_ref)
    taskAttControl                           0x08007e9d   Thumb Code    26  freertos.o(i.taskAttControl)
    taskAttDet                               0x08007ebd   Thumb Code   240  freertos.o(i.taskAttDet)
    taskDetumble                             0x08008015   Thumb Code    62  freertos.o(i.taskDetumble)
    taskGPS                                  0x08008061   Thumb Code    34  freertos.o(i.taskGPS)
    taskGyro                                 0x0800808d   Thumb Code    50  freertos.o(i.taskGyro)
    taskIPC                                  0x080080c9   Thumb Code    16  freertos.o(i.taskIPC)
    taskMagnm                                0x080080dd   Thumb Code    22  freertos.o(i.taskMagnm)
    taskSunSense                             0x080080fd   Thumb Code    38  freertos.o(i.taskSunSense)
    triad_mat                                0x0800812d   Thumb Code    80  op_triad.o(i.triad_mat)
    triad_vec                                0x08008181   Thumb Code   406  op_triad.o(i.triad_vec)
    uxListRemove                             0x08008321   Thumb Code    36  list.o(i.uxListRemove)
    vListInitialise                          0x08008345   Thumb Code    22  list.o(i.vListInitialise)
    vListInitialiseItem                      0x0800835b   Thumb Code     6  list.o(i.vListInitialiseItem)
    vListInsert                              0x08008361   Thumb Code    48  list.o(i.vListInsert)
    vListInsertEnd                           0x08008391   Thumb Code    24  list.o(i.vListInsertEnd)
    vPortEnterCritical                       0x080083a9   Thumb Code    54  port.o(i.vPortEnterCritical)
    vPortExitCritical                        0x080083e9   Thumb Code    34  port.o(i.vPortExitCritical)
    vPortFree                                0x08008411   Thumb Code    98  heap_4.o(i.vPortFree)
    vPortSetupTimerInterrupt                 0x08008479   Thumb Code    26  port.o(i.vPortSetupTimerInterrupt)
    vPortValidateInterruptPriority           0x08008499   Thumb Code    74  port.o(i.vPortValidateInterruptPriority)
    vTaskDelay                               0x080084ed   Thumb Code   102  tasks.o(i.vTaskDelay)
    vTaskMissedYield                         0x0800855d   Thumb Code     8  tasks.o(i.vTaskMissedYield)
    vTaskPlaceOnEventList                    0x08008569   Thumb Code    90  tasks.o(i.vTaskPlaceOnEventList)
    vTaskPriorityInherit                     0x080085cd   Thumb Code   152  tasks.o(i.vTaskPriorityInherit)
    vTaskSetTimeOutState                     0x0800866d   Thumb Code    30  tasks.o(i.vTaskSetTimeOutState)
    vTaskStartScheduler                      0x08008691   Thumb Code    86  tasks.o(i.vTaskStartScheduler)
    vTaskSuspendAll                          0x080086f9   Thumb Code    10  tasks.o(i.vTaskSuspendAll)
    vTaskSwitchContext                       0x08008709   Thumb Code   108  tasks.o(i.vTaskSwitchContext)
    vTraceEnable                             0x0800877d   Thumb Code   184  trckernelport.o(i.vTraceEnable)
    vTracePrintF                             0x0800886d   Thumb Code    68  trcstreamingrecorder.o(i.vTracePrintF)
    vector_update                            0x080088b1   Thumb Code   110  op_triad.o(i.vector_update)
    xPortStartScheduler                      0x08008925   Thumb Code   202  port.o(i.xPortStartScheduler)
    xPortSysTickHandler                      0x08008a05   Thumb Code    38  port.o(i.xPortSysTickHandler)
    xQueueGenericCreate                      0x08008a31   Thumb Code   128  queue.o(i.xQueueGenericCreate)
    xQueueGenericReceive                     0x08008ab1   Thumb Code   632  queue.o(i.xQueueGenericReceive)
    xQueueGenericReset                       0x08008d2d   Thumb Code   126  queue.o(i.xQueueGenericReset)
    xQueueGenericSend                        0x08008db1   Thumb Code   534  queue.o(i.xQueueGenericSend)
    xQueueGiveFromISR                        0x08008fcd   Thumb Code     6  queue.o(i.xQueueGiveFromISR)
    xQueueReceiveFromISR                     0x08008fd3   Thumb Code   218  queue.o(i.xQueueReceiveFromISR)
    xTaskCheckForTimeOut                     0x080090ad   Thumb Code   102  tasks.o(i.xTaskCheckForTimeOut)
    xTaskGenericCreate                       0x08009119   Thumb Code   482  tasks.o(i.xTaskGenericCreate)
    xTaskGetCurrentTaskHandle                0x08009309   Thumb Code     6  tasks.o(i.xTaskGetCurrentTaskHandle)
    xTaskGetSchedulerState                   0x08009315   Thumb Code    22  tasks.o(i.xTaskGetSchedulerState)
    xTaskIncrementTick                       0x08009331   Thumb Code   234  tasks.o(i.xTaskIncrementTick)
    xTaskPriorityDisinherit                  0x08009429   Thumb Code   166  tasks.o(i.xTaskPriorityDisinherit)
    xTaskRemoveFromEventList                 0x080094d9   Thumb Code   116  tasks.o(i.xTaskRemoveFromEventList)
    xTaskResumeAll                           0x08009555   Thumb Code   190  tasks.o(i.xTaskResumeAll)
    xTraceRegisterString                     0x08009621   Thumb Code    26  trcstreamingrecorder.o(i.xTraceRegisterString)
    g2t                                      0x0800963c   Data           4  bdot.o(.constdata)
    monthDays                                0x08009640   Data          48  e_time.o(.constdata)
    set_time                                 0x08009678   Data           3  sun_vector.o(.constdata)
    set_date                                 0x0800967c   Data           8  sun_vector.o(.constdata)
    APBAHBPrescTable                         0x08009758   Data          16  stm32f4xx_hal_rcc.o(.constdata)
    __mathlib_zero                           0x08009930   Data           8  qnan.o(.constdata)
    __ctype_table                            0x08009958   Data         129  ctype_o.o(.constdata)
    Region$$Table$$Base                      0x08009a40   Number         0  anon$$obj.o(Region$$Table)
    Region$$Table$$Limit                     0x08009a60   Number         0  anon$$obj.o(Region$$Table)
    SystemCoreClock                          0x20000000   Data           4  system_stm32f4xx.o(.data)
    trcWarningChannel                        0x20000024   Data           4  trckernelport.o(.data)
    RecorderEnabled                          0x2000003c   Data           4  trcstreamingrecorder.o(.data)
    isPendingContextSwitch                   0x20000048   Data           4  trcstreamingrecorder.o(.data)
    uiTraceTickCount                         0x2000004c   Data           4  trcstreamingrecorder.o(.data)
    timestampFrequency                       0x20000050   Data           4  trcstreamingrecorder.o(.data)
    DroppedEventCounter                      0x20000054   Data           4  trcstreamingrecorder.o(.data)
    TotalBytesRemaining_LowWaterMark         0x20000058   Data           4  trcstreamingrecorder.o(.data)
    TotalBytesRemaining                      0x2000005c   Data           4  trcstreamingrecorder.o(.data)
    EventBuffer                              0x20000060   Data           4  trcstreamingrecorder.o(.data)
    NoRoomForSymbol                          0x20000064   Data           4  trcstreamingrecorder.o(.data)
    NoRoomForObjectData                      0x20000068   Data           4  trcstreamingrecorder.o(.data)
    LongestSymbolName                        0x2000006c   Data           4  trcstreamingrecorder.o(.data)
    MaxBytesTruncated                        0x20000070   Data           4  trcstreamingrecorder.o(.data)
    __stdout                                 0x20000078   Data           4  fputc.o(.data)
    j                                        0x2000007c   Data           1  gps.o(.data)
    i                                        0x2000007d   Data           1  gps.o(.data)
    p                                        0x2000007e   Data           1  gps.o(.data)
    q                                        0x2000007f   Data           1  gps.o(.data)
    c                                        0x20000080   Data           1  gps.o(.data)
    status_gga                               0x20000081   Data           1  gps.o(.data)
    status_rmc                               0x20000082   Data           1  gps.o(.data)
    gps_date                                 0x20000083   Data           3  gps.o(.data)
    gps_flag                                 0x20000086   Data           6  gps.o(.data)
    days                                     0x2000008c   Data           4  igrf.o(.data)
    igrfh                                    0x20000090   Data        1664  igrf_data.o(.data)
    igrfg                                    0x20000710   Data        1664  igrf_data.o(.data)
    v1_norm                                  0x20000d90   Data           4  op_triad.o(.data)
    v1_norm_inv                              0x20000d94   Data           4  op_triad.o(.data)
    t1b_v2_cross_norm                        0x20000d98   Data           4  op_triad.o(.data)
    t1b_v2_cross_norm_inv                    0x20000d9c   Data           4  op_triad.o(.data)
    t1b_t2b_cross_norm                       0x20000da0   Data           4  op_triad.o(.data)
    t1b_t2b_cross_norm_inv                   0x20000da4   Data           4  op_triad.o(.data)
    r1_norm                                  0x20000da8   Data           4  op_triad.o(.data)
    r1_norm_inv                              0x20000dac   Data           4  op_triad.o(.data)
    t1r_r2_cross_norm                        0x20000db0   Data           4  op_triad.o(.data)
    t1r_r2_cross_norm_inv                    0x20000db4   Data           4  op_triad.o(.data)
    t1r_t2r_cross_norm                       0x20000db8   Data           4  op_triad.o(.data)
    t1r_t2r_cross_norm_inv                   0x20000dbc   Data           4  op_triad.o(.data)
    sigma1                                   0x20000dc0   Data           4  op_triad.o(.data)
    sigma2                                   0x20000dc4   Data           4  op_triad.o(.data)
    ref_vec_1_mat                            0x20000dc8   Data           8  op_triad.o(.data)
    ref_vec_2_mat                            0x20000dd0   Data           8  op_triad.o(.data)
    body_vec_1_mat                           0x20000dd8   Data           8  op_triad.o(.data)
    body_vec_2_mat                           0x20000de0   Data           8  op_triad.o(.data)
    t1b_mat                                  0x20000de8   Data           8  op_triad.o(.data)
    t2b_mat                                  0x20000df0   Data           8  op_triad.o(.data)
    t1r_mat                                  0x20000df8   Data           8  op_triad.o(.data)
    t2r_mat                                  0x20000e00   Data           8  op_triad.o(.data)
    t3b_mat                                  0x20000e08   Data           8  op_triad.o(.data)
    t3r_mat                                  0x20000e10   Data           8  op_triad.o(.data)
    t1_mat                                   0x20000e18   Data           8  op_triad.o(.data)
    t2_mat                                   0x20000e20   Data           8  op_triad.o(.data)
    t3_mat                                   0x20000e28   Data           8  op_triad.o(.data)
    t1_t2_mat                                0x20000e30   Data           8  op_triad.o(.data)
    A1_scaled_mat                            0x20000e38   Data           8  op_triad.o(.data)
    A2_scaled_mat                            0x20000e40   Data           8  op_triad.o(.data)
    A1_mat                                   0x20000e48   Data           8  op_triad.o(.data)
    A2_mat                                   0x20000e50   Data           8  op_triad.o(.data)
    A_mat                                    0x20000e58   Data           8  op_triad.o(.data)
    A_dash_mat                               0x20000e60   Data           8  op_triad.o(.data)
    defaultTaskHandle                        0x20000e68   Data           4  freertos.o(.data)
    detumbleHandle                           0x20000e6c   Data           4  freertos.o(.data)
    gyro_checkHandle                         0x20000e70   Data           4  freertos.o(.data)
    att_detHandle                            0x20000e74   Data           4  freertos.o(.data)
    att_controlHandle                        0x20000e78   Data           4  freertos.o(.data)
    gps_dataHandle                           0x20000e7c   Data           4  freertos.o(.data)
    magnm_dataHandle                         0x20000e80   Data           4  freertos.o(.data)
    sun_sensorHandle                         0x20000e84   Data           4  freertos.o(.data)
    ipcHandle                                0x20000e88   Data           4  freertos.o(.data)
    binSemGPSHandle                          0x20000e8c   Data           4  freertos.o(.data)
    binSemMagnmHandle                        0x20000e90   Data           4  freertos.o(.data)
    binSemSunSensorHandle                    0x20000e94   Data           4  freertos.o(.data)
    binSemDetumbleHandle                     0x20000e98   Data           4  freertos.o(.data)
    binSemGyroHandle                         0x20000e9c   Data           4  freertos.o(.data)
    binSemAttDetHandle                       0x20000ea0   Data           4  freertos.o(.data)
    binSemAttControlHandle                   0x20000ea4   Data           4  freertos.o(.data)
    binSemIPCHandle                          0x20000ea8   Data           4  freertos.o(.data)
    gps_input                                0x20000eac   Data          32  g_var.o(.data)
    adc_read                                 0x20000ecc   Data           4  rxn_wheels.o(.data)
    uwTick                                   0x20000ed0   Data           4  stm32f4xx_hal.o(.data)
    pxCurrentTCB                             0x20000eec   Data           4  tasks.o(.data)
    PageInfo                                 0x200013b4   Data          16  trcstreamingrecorder.o(.bss)
    _SEGGER_RTT                              0x200013c4   Data         168  segger_rtt.o(.bss)
    htim1                                    0x2000187c   Data          60  tim.o(.bss)
    htim2                                    0x200018b8   Data          60  tim.o(.bss)
    huart4                                   0x200018f4   Data          64  usart.o(.bss)
    huart2                                   0x20001934   Data          64  usart.o(.bss)
    huart3                                   0x20001974   Data          64  usart.o(.bss)
    huart6                                   0x200019b4   Data          64  usart.o(.bss)
    hadc1                                    0x200019f4   Data          72  adc.o(.bss)
    htim3                                    0x20001a3c   Data          60  stm32f4xx_hal_timebase_tim.o(.bss)
    latt_int_hh                              0x20001a78   Data          11  gps.o(.bss)
    latt_int_dd                              0x20001a83   Data          11  gps.o(.bss)
    long_int_dd                              0x20001a8e   Data          11  gps.o(.bss)
    long_int_mm                              0x20001a99   Data          11  gps.o(.bss)
    varData                                  0x20001aa4   Data          80  gps.o(.bss)
    varData_gga                              0x20001af4   Data         150  gps.o(.bss)
    varData_rmc                              0x20001b8a   Data         150  gps.o(.bss)
    g                                        0x20001c20   Data       43680  igrf.o(.bss)
    h                                        0x2000c6c0   Data       43680  igrf.o(.bss)
    r1                                       0x20017160   Data          12  op_triad.o(.bss)
    r2                                       0x2001716c   Data          12  op_triad.o(.bss)
    b1                                       0x20017178   Data          12  op_triad.o(.bss)
    b2                                       0x20017184   Data          12  op_triad.o(.bss)
    t1b                                      0x20017190   Data          12  op_triad.o(.bss)
    t2b                                      0x2001719c   Data          12  op_triad.o(.bss)
    t3b                                      0x200171a8   Data          12  op_triad.o(.bss)
    t1r                                      0x200171b4   Data          12  op_triad.o(.bss)
    t2r                                      0x200171c0   Data          12  op_triad.o(.bss)
    t3r                                      0x200171cc   Data          12  op_triad.o(.bss)
    t1b_v2_cross                             0x200171d8   Data          12  op_triad.o(.bss)
    t1b_t2b_cross                            0x200171e4   Data          12  op_triad.o(.bss)
    t1r_r2_cross                             0x200171f0   Data          12  op_triad.o(.bss)
    t1r_t2r_cross                            0x200171fc   Data          12  op_triad.o(.bss)
    t1                                       0x20017208   Data          36  op_triad.o(.bss)
    t2                                       0x2001722c   Data          36  op_triad.o(.bss)
    t3                                       0x20017250   Data          36  op_triad.o(.bss)
    t1_t2                                    0x20017274   Data          36  op_triad.o(.bss)
    attitude1                                0x20017298   Data          36  op_triad.o(.bss)
    attitude2                                0x200172bc   Data          36  op_triad.o(.bss)
    attitude                                 0x200172e0   Data          36  op_triad.o(.bss)
    attitude_dash                            0x20017304   Data          36  op_triad.o(.bss)
    A1_scaled                                0x20017328   Data          36  op_triad.o(.bss)
    A2_scaled                                0x2001734c   Data          36  op_triad.o(.bss)
    magnm_ref                                0x20017370   Data          12  g_var.o(.bss)
    sunvec_ref                               0x2001737c   Data          12  g_var.o(.bss)
    magnm_gauss_new                          0x20017388   Data          12  g_var.o(.bss)
    magnm_gauss_old                          0x20017394   Data          12  g_var.o(.bss)
    sunvec_body                              0x200173a0   Data          12  g_var.o(.bss)
    ang_velocity                             0x200173ac   Data          12  g_var.o(.bss)
    __initial_sp                             0x2001b4a8   Data           0  startup_stm32f407xx.o(STACK)



==============================================================================

Memory Map of the image

  Image Entry point : 0x08000189

  Load Region LR_IROM1 (Base: 0x08000000, Size: 0x0000a994, Max: 0x00100000, ABSOLUTE, COMPRESSED[0x0000a200])

    Execution Region ER_IROM1 (Base: 0x08000000, Size: 0x00009a60, Max: 0x00100000, ABSOLUTE)

    Base Addr    Size         Type   Attr      Idx    E Section Name        Object

    0x08000000   0x00000188   Data   RO         2360    RESET               startup_stm32f407xx.o
    0x08000188   0x00000000   Code   RO         6933  * .ARM.Collect$$$$00000000  mc_w.l(entry.o)
    0x08000188   0x00000004   Code   RO         7289    .ARM.Collect$$$$00000001  mc_w.l(entry2.o)
    0x0800018c   0x00000004   Code   RO         7292    .ARM.Collect$$$$00000004  mc_w.l(entry5.o)
    0x08000190   0x00000000   Code   RO         7294    .ARM.Collect$$$$00000008  mc_w.l(entry7b.o)
    0x08000190   0x00000000   Code   RO         7296    .ARM.Collect$$$$0000000A  mc_w.l(entry8b.o)
    0x08000190   0x00000008   Code   RO         7297    .ARM.Collect$$$$0000000B  mc_w.l(entry9a.o)
    0x08000198   0x00000000   Code   RO         7299    .ARM.Collect$$$$0000000D  mc_w.l(entry10a.o)
    0x08000198   0x00000000   Code   RO         7301    .ARM.Collect$$$$0000000F  mc_w.l(entry11a.o)
    0x08000198   0x00000004   Code   RO         7290    .ARM.Collect$$$$00002712  mc_w.l(entry2.o)
    0x0800019c   0x000000ba   Code   RO         6777    .emb_text           port.o
    0x08000256   0x00000002   PAD
    0x08000258   0x00000024   Code   RO         2361    .text               startup_stm32f407xx.o
    0x0800027c   0x00000024   Code   RO         6936    .text               mc_w.l(memcpya.o)
    0x080002a0   0x00000024   Code   RO         6938    .text               mc_w.l(memseta.o)
    0x080002c4   0x00000018   Code   RO         6940    .text               mc_w.l(strncpy.o)
    0x080002dc   0x0000001c   Code   RO         6944    .text               mc_w.l(strcmp.o)
    0x080002f8   0x00000012   Code   RO         6946    .text               mc_w.l(strcpy.o)
    0x0800030a   0x00000002   PAD
    0x0800030c   0x00000038   Code   RO         7211    .text               mc_w.l(__0sscanf.o)
    0x08000344   0x00000338   Code   RO         7213    .text               mc_w.l(scanf_fp.o)
    0x0800067c   0x0000001a   Code   RO         7217    .text               mc_w.l(atoi.o)
    0x08000696   0x0000014e   Code   RO         7219    .text               mf_w.l(dadd.o)
    0x080007e4   0x000000e4   Code   RO         7221    .text               mf_w.l(dmul.o)
    0x080008c8   0x000000de   Code   RO         7223    .text               mf_w.l(ddiv.o)
    0x080009a6   0x0000001a   Code   RO         7225    .text               mf_w.l(dfltui.o)
    0x080009c0   0x00000032   Code   RO         7227    .text               mf_w.l(dfixui.o)
    0x080009f2   0x00000026   Code   RO         7229    .text               mf_w.l(f2d.o)
    0x08000a18   0x00000038   Code   RO         7231    .text               mf_w.l(d2f.o)
    0x08000a50   0x0000002c   Code   RO         7303    .text               mc_w.l(uidiv.o)
    0x08000a7c   0x00000062   Code   RO         7305    .text               mc_w.l(uldiv.o)
    0x08000ade   0x0000001e   Code   RO         7307    .text               mc_w.l(llshl.o)
    0x08000afc   0x00000020   Code   RO         7309    .text               mc_w.l(llushr.o)
    0x08000b1c   0x00000024   Code   RO         7311    .text               mc_w.l(llsshr.o)
    0x08000b40   0x00000028   Code   RO         7320    .text               mc_w.l(scanf_char.o)
    0x08000b68   0x00000040   Code   RO         7322    .text               mc_w.l(_sgetc.o)
    0x08000ba8   0x0000009c   Code   RO         7324    .text               mc_w.l(strtod.o)
    0x08000c44   0x00000070   Code   RO         7326    .text               mc_w.l(strtol.o)
    0x08000cb4   0x00000000   Code   RO         7328    .text               mc_w.l(iusefp.o)
    0x08000cb4   0x0000006e   Code   RO         7329    .text               mf_w.l(fepilogue.o)
    0x08000d22   0x000000ba   Code   RO         7331    .text               mf_w.l(depilogue.o)
    0x08000ddc   0x0000002e   Code   RO         7335    .text               mf_w.l(dscalb.o)
    0x08000e0a   0x00000022   Code   RO         7337    .text               mf_w.l(dflti.o)
    0x08000e2c   0x00000018   Code   RO         7339    .text               mf_w.l(dfltul.o)
    0x08000e44   0x00000030   Code   RO         7341    .text               mf_w.l(dfixul.o)
    0x08000e74   0x00000030   Code   RO         7343    .text               mf_w.l(cdrcmple.o)
    0x08000ea4   0x00000024   Code   RO         7347    .text               mc_w.l(init.o)
    0x08000ec8   0x00000008   Code   RO         7351    .text               mc_w.l(ctype_o.o)
    0x08000ed0   0x00000012   Code   RO         7373    .text               mc_w.l(isspace_o.o)
    0x08000ee2   0x00000002   PAD
    0x08000ee4   0x0000032c   Code   RO         7379    .text               mc_w.l(_scanf.o)
    0x08001210   0x0000009e   Code   RO         7381    .text               mc_w.l(_strtoul.o)
    0x080012ae   0x000000a2   Code   RO         7383    .text               mf_w.l(dsqrt.o)
    0x08001350   0x0000001c   Code   RO         7390    .text               mc_w.l(_chval.o)
    0x0800136c   0x0000005e   Code   RO         7400    .text               mc_w.l(__dclz77c.o)
    0x080013ca   0x00000062   Code   RO         5150    i.ADC_DMAConvCplt   stm32f4xx_hal_adc.o
    0x0800142c   0x00000016   Code   RO         5151    i.ADC_DMAError      stm32f4xx_hal_adc.o
    0x08001442   0x0000000a   Code   RO         5152    i.ADC_DMAHalfConvCplt  stm32f4xx_hal_adc.o
    0x0800144c   0x00000002   Code   RO         1440    i.BusFault_Handler  stm32f4xx_it.o
    0x0800144e   0x00000028   Code   RO         3787    i.DMA_SetConfig     stm32f4xx_hal_dma.o
    0x08001476   0x00000002   Code   RO         1441    i.DebugMon_Handler  stm32f4xx_it.o
    0x08001478   0x00000002   Code   RO         1604    i.Error_Handler     main.o
    0x0800147a   0x00000002   PAD
    0x0800147c   0x00000364   Code   RO         1797    i.GetGPSValues      gps.o
    0x080017e0   0x00000002   Code   RO         5156    i.HAL_ADC_ConvCpltCallback  stm32f4xx_hal_adc.o
    0x080017e2   0x00000002   Code   RO         5157    i.HAL_ADC_ConvHalfCpltCallback  stm32f4xx_hal_adc.o
    0x080017e4   0x00000002   Code   RO         5159    i.HAL_ADC_ErrorCallback  stm32f4xx_hal_adc.o
    0x080017e6   0x00000002   PAD
    0x080017e8   0x000000fc   Code   RO         5171    i.HAL_ADC_Start_DMA  stm32f4xx_hal_adc.o
    0x080018e4   0x00000078   Code   RO         3798    i.HAL_DMA_Start_IT  stm32f4xx_hal_dma.o
    0x0800195c   0x00000016   Code   RO         4561    i.HAL_Delay         stm32f4xx_hal.o
    0x08001972   0x00000002   PAD
    0x08001974   0x000001b0   Code   RO         3091    i.HAL_GPIO_Init     stm32f4xx_hal_gpio.o
    0x08001b24   0x0000000a   Code   RO         3095    i.HAL_GPIO_WritePin  stm32f4xx_hal_gpio.o
    0x08001b2e   0x00000002   PAD
    0x08001b30   0x0000000c   Code   RO         4567    i.HAL_GetTick       stm32f4xx_hal.o
    0x08001b3c   0x00000010   Code   RO         4568    i.HAL_IncTick       stm32f4xx_hal.o
    0x08001b4c   0x00000034   Code   RO         4569    i.HAL_Init          stm32f4xx_hal.o
    0x08001b80   0x00000074   Code   RO         1564    i.HAL_InitTick      stm32f4xx_hal_timebase_tim.o
    0x08001bf4   0x00000058   Code   RO         1143    i.HAL_MspInit       stm32f4xx_hal_msp.o
    0x08001c4c   0x00000016   Code   RO         3912    i.HAL_NVIC_EnableIRQ  stm32f4xx_hal_cortex.o
    0x08001c62   0x00000002   PAD
    0x08001c64   0x00000040   Code   RO         3918    i.HAL_NVIC_SetPriority  stm32f4xx_hal_cortex.o
    0x08001ca4   0x00000024   Code   RO         3919    i.HAL_NVIC_SetPriorityGrouping  stm32f4xx_hal_cortex.o
    0x08001cc8   0x00000002   Code   RO         4940    i.HAL_RCC_CSSCallback  stm32f4xx_hal_rcc.o
    0x08001cca   0x00000002   PAD
    0x08001ccc   0x0000017c   Code   RO         4941    i.HAL_RCC_ClockConfig  stm32f4xx_hal_rcc.o
    0x08001e48   0x0000000c   Code   RO         4944    i.HAL_RCC_EnableCSS  stm32f4xx_hal_rcc.o
    0x08001e54   0x00000040   Code   RO         4945    i.HAL_RCC_GetClockConfig  stm32f4xx_hal_rcc.o
    0x08001e94   0x0000000c   Code   RO         4946    i.HAL_RCC_GetHCLKFreq  stm32f4xx_hal_rcc.o
    0x08001ea0   0x00000030   Code   RO         4948    i.HAL_RCC_GetPCLK1Freq  stm32f4xx_hal_rcc.o
    0x08001ed0   0x00000030   Code   RO         4949    i.HAL_RCC_GetPCLK2Freq  stm32f4xx_hal_rcc.o
    0x08001f00   0x00000070   Code   RO         4950    i.HAL_RCC_GetSysClockFreq  stm32f4xx_hal_rcc.o
    0x08001f70   0x0000001c   Code   RO         4952    i.HAL_RCC_NMI_IRQHandler  stm32f4xx_hal_rcc.o
    0x08001f8c   0x00000314   Code   RO         4953    i.HAL_RCC_OscConfig  stm32f4xx_hal_rcc.o
    0x080022a0   0x00000018   Code   RO         3921    i.HAL_SYSTICK_CLKSourceConfig  stm32f4xx_hal_cortex.o
    0x080022b8   0x00000028   Code   RO         3923    i.HAL_SYSTICK_Config  stm32f4xx_hal_cortex.o
    0x080022e0   0x00000002   Code   RO         4701    i.HAL_TIMEx_BreakCallback  stm32f4xx_hal_tim_ex.o
    0x080022e2   0x00000002   Code   RO         4702    i.HAL_TIMEx_CommutationCallback  stm32f4xx_hal_tim_ex.o
    0x080022e4   0x00000042   Code   RO         4703    i.HAL_TIMEx_ConfigBreakDeadTime  stm32f4xx_hal_tim_ex.o
    0x08002326   0x00000050   Code   RO         4718    i.HAL_TIMEx_MasterConfigSynchronization  stm32f4xx_hal_tim_ex.o
    0x08002376   0x00000036   Code   RO         3156    i.HAL_TIM_Base_Init  stm32f4xx_hal_tim.o
    0x080023ac   0x00000034   Code   RO         1213    i.HAL_TIM_Base_MspInit  tim.o
    0x080023e0   0x00000018   Code   RO         3161    i.HAL_TIM_Base_Start_IT  stm32f4xx_hal_tim.o
    0x080023f8   0x000000f2   Code   RO         3165    i.HAL_TIM_ConfigClockSource  stm32f4xx_hal_tim.o
    0x080024ea   0x00000002   Code   RO         3185    i.HAL_TIM_IC_CaptureCallback  stm32f4xx_hal_tim.o
    0x080024ec   0x00000166   Code   RO         3198    i.HAL_TIM_IRQHandler  stm32f4xx_hal_tim.o
    0x08002652   0x00000002   PAD
    0x08002654   0x00000054   Code   RO         1214    i.HAL_TIM_MspPostInit  tim.o
    0x080026a8   0x00000002   Code   RO         3201    i.HAL_TIM_OC_DelayElapsedCallback  stm32f4xx_hal_tim.o
    0x080026aa   0x000000d0   Code   RO         3222    i.HAL_TIM_PWM_ConfigChannel  stm32f4xx_hal_tim.o
    0x0800277a   0x00000036   Code   RO         3225    i.HAL_TIM_PWM_Init  stm32f4xx_hal_tim.o
    0x080027b0   0x00000002   Code   RO         3227    i.HAL_TIM_PWM_MspInit  stm32f4xx_hal_tim.o
    0x080027b2   0x00000002   Code   RO         3228    i.HAL_TIM_PWM_PulseFinishedCallback  stm32f4xx_hal_tim.o
    0x080027b4   0x00000038   Code   RO         3229    i.HAL_TIM_PWM_Start  stm32f4xx_hal_tim.o
    0x080027ec   0x00000014   Code   RO         1605    i.HAL_TIM_PeriodElapsedCallback  main.o
    0x08002800   0x00000002   Code   RO         3239    i.HAL_TIM_TriggerCallback  stm32f4xx_hal_tim.o
    0x08002802   0x00000062   Code   RO         4057    i.HAL_UART_Init     stm32f4xx_hal_uart.o
    0x08002864   0x000000d0   Code   RO         1357    i.HAL_UART_MspInit  usart.o
    0x08002934   0x000000b8   Code   RO         4060    i.HAL_UART_Receive  stm32f4xx_hal_uart.o
    0x080029ec   0x000000ba   Code   RO         4065    i.HAL_UART_Transmit  stm32f4xx_hal_uart.o
    0x08002aa6   0x00000002   Code   RO         1442    i.HardFault_Handler  stm32f4xx_it.o
    0x08002aa8   0x00000178   Code   RO         2153    i.MX_FREERTOS_Init  freertos.o
    0x08002c20   0x00000114   Code   RO         1416    i.MX_GPIO_Init      gpio.o
    0x08002d34   0x000000d4   Code   RO         1215    i.MX_TIM1_Init      tim.o
    0x08002e08   0x0000009c   Code   RO         1216    i.MX_TIM2_Init      tim.o
    0x08002ea4   0x00000038   Code   RO         1358    i.MX_UART4_Init     usart.o
    0x08002edc   0x00000038   Code   RO         1359    i.MX_USART2_UART_Init  usart.o
    0x08002f14   0x00000038   Code   RO         1360    i.MX_USART3_UART_Init  usart.o
    0x08002f4c   0x00000038   Code   RO         1361    i.MX_USART6_UART_Init  usart.o
    0x08002f84   0x00000002   Code   RO         1443    i.MemManage_Handler  stm32f4xx_it.o
    0x08002f86   0x000000f2   Code   RO         5739    i.MyWrapper         queue.o
    0x08003078   0x00000004   Code   RO         1444    i.NMI_Handler       stm32f4xx_it.o
    0x0800307c   0x00000020   Code   RO         3925    i.NVIC_SetPriority  stm32f4xx_hal_cortex.o
    0x0800309c   0x00000060   Code   RO          973    i.SEGGER_RTT_ConfigDownBuffer  segger_rtt.o
    0x080030fc   0x00000060   Code   RO          974    i.SEGGER_RTT_ConfigUpBuffer  segger_rtt.o
    0x0800315c   0x00000018   Code   RO          979    i.SEGGER_RTT_Read   segger_rtt.o
    0x08003174   0x00000078   Code   RO          980    i.SEGGER_RTT_ReadNoLock  segger_rtt.o
    0x080031ec   0x00000038   Code   RO          988    i.SEGGER_RTT_Write  segger_rtt.o
    0x08003224   0x0000005c   Code   RO          989    i.SEGGER_RTT_WriteNoLock  segger_rtt.o
    0x08003280   0x00000008   Code   RO         2154    i.StartDefaultTask  freertos.o
    0x08003288   0x00000004   Code   RO         1445    i.SysTick_Handler   stm32f4xx_it.o
    0x0800328c   0x000000a4   Code   RO         1606    i.SystemClock_Config  main.o
    0x08003330   0x00000054   Code   RO            5    i.SystemInit        system_stm32f4xx.o
    0x08003384   0x0000000c   Code   RO         1446    i.TIM3_IRQHandler   stm32f4xx_it.o
    0x08003390   0x000000c0   Code   RO         3240    i.TIM_Base_SetConfig  stm32f4xx_hal_tim.o
    0x08003450   0x00000016   Code   RO         3241    i.TIM_CCxChannelCmd  stm32f4xx_hal_tim.o
    0x08003466   0x00000014   Code   RO         3247    i.TIM_ETR_SetConfig  stm32f4xx_hal_tim.o
    0x0800347a   0x00000010   Code   RO         3248    i.TIM_ITRx_SetConfig  stm32f4xx_hal_tim.o
    0x0800348a   0x00000002   PAD
    0x0800348c   0x00000058   Code   RO         3249    i.TIM_OC1_SetConfig  stm32f4xx_hal_tim.o
    0x080034e4   0x00000064   Code   RO         3250    i.TIM_OC2_SetConfig  stm32f4xx_hal_tim.o
    0x08003548   0x00000060   Code   RO         3251    i.TIM_OC3_SetConfig  stm32f4xx_hal_tim.o
    0x080035a8   0x00000050   Code   RO         3252    i.TIM_OC4_SetConfig  stm32f4xx_hal_tim.o
    0x080035f8   0x00000022   Code   RO         3254    i.TIM_TI1_ConfigInputStage  stm32f4xx_hal_tim.o
    0x0800361a   0x00000024   Code   RO         3256    i.TIM_TI2_ConfigInputStage  stm32f4xx_hal_tim.o
    0x0800363e   0x00000002   PAD
    0x08003640   0x00000038   Code   RO          549    i.TzCtrl            trckernelport.o
    0x08003678   0x000002ac   Code   RO         4083    i.UART_SetConfig    stm32f4xx_hal_uart.o
    0x08003924   0x00000064   Code   RO         4085    i.UART_WaitOnFlagUntilTimeout  stm32f4xx_hal_uart.o
    0x08003988   0x00000002   Code   RO         1447    i.UsageFault_Handler  stm32f4xx_it.o
    0x0800398a   0x00000002   PAD
    0x0800398c   0x00000068   Code   RO          993    i._DoInit           segger_rtt.o
    0x080039f4   0x00000016   Code   RO          994    i._GetAvailWriteSpace  segger_rtt.o
    0x08003a0a   0x0000005a   Code   RO          996    i._WriteBlocking    segger_rtt.o
    0x08003a64   0x00000042   Code   RO          997    i._WriteNoCheck     segger_rtt.o
    0x08003aa6   0x00000002   PAD
    0x08003aa8   0x00000020   Code   RO         7183    i.__0printf         mc_w.l(printfa.o)
    0x08003ac8   0x00000030   Code   RO         7253    i.__ARM_fpclassify  m_wm.l(fpclassify.o)
    0x08003af8   0x00000026   Code   RO         7255    i.__ARM_fpclassifyf  m_wm.l(fpclassifyf.o)
    0x08003b1e   0x00000002   PAD
    0x08003b20   0x00000008   Code   RO         7313    i.__aeabi_errno_addr  mc_w.l(errno.o)
    0x08003b28   0x00000038   Code   RO         6851    i.__hardfp_atof     m_wm.l(atof.o)
    0x08003b60   0x00000150   Code   RO         6857    i.__hardfp_cosf     m_wm.l(cosf.o)
    0x08003cb0   0x00000c38   Code   RO         6869    i.__hardfp_pow      m_wm.l(pow.o)
    0x080048e8   0x0000060c   Code   RO         6883    i.__hardfp_powf     m_wm.l(powf.o)
    0x08004ef4   0x00000190   Code   RO         6897    i.__hardfp_sinf     m_wm.l(sinf.o)
    0x08005084   0x0000003a   Code   RO         6909    i.__hardfp_sqrtf    m_wm.l(sqrtf.o)
    0x080050be   0x00000002   PAD
    0x080050c0   0x0000017c   Code   RO         6921    i.__hardfp_tanf     m_wm.l(tanf.o)
    0x0800523c   0x000000f8   Code   RO         7271    i.__kernel_poly     m_wm.l(poly.o)
    0x08005334   0x00000004   PAD
    0x08005338   0x00000030   Code   RO         7233    i.__mathlib_dbl_divzero  m_wm.l(dunder.o)
    0x08005368   0x00000014   Code   RO         7235    i.__mathlib_dbl_infnan2  m_wm.l(dunder.o)
    0x0800537c   0x00000004   PAD
    0x08005380   0x00000020   Code   RO         7236    i.__mathlib_dbl_invalid  m_wm.l(dunder.o)
    0x080053a0   0x00000020   Code   RO         7237    i.__mathlib_dbl_overflow  m_wm.l(dunder.o)
    0x080053c0   0x00000020   Code   RO         7239    i.__mathlib_dbl_underflow  m_wm.l(dunder.o)
    0x080053e0   0x00000014   Code   RO         7257    i.__mathlib_flt_divzero  m_wm.l(funder.o)
    0x080053f4   0x00000006   Code   RO         7258    i.__mathlib_flt_infnan  m_wm.l(funder.o)
    0x080053fa   0x00000006   Code   RO         7259    i.__mathlib_flt_infnan2  m_wm.l(funder.o)
    0x08005400   0x00000010   Code   RO         7260    i.__mathlib_flt_invalid  m_wm.l(funder.o)
    0x08005410   0x00000010   Code   RO         7261    i.__mathlib_flt_overflow  m_wm.l(funder.o)
    0x08005420   0x00000010   Code   RO         7263    i.__mathlib_flt_underflow  m_wm.l(funder.o)
    0x08005430   0x00000154   Code   RO         7274    i.__mathlib_rredf2  m_wm.l(rredf.o)
    0x08005584   0x0000000c   Code   RO         7314    i.__read_errno      mc_w.l(errno.o)
    0x08005590   0x0000000e   Code   RO         7394    i.__scatterload_copy  mc_w.l(handlers.o)
    0x0800559e   0x00000002   Code   RO         7395    i.__scatterload_null  mc_w.l(handlers.o)
    0x080055a0   0x0000000e   Code   RO         7396    i.__scatterload_zeroinit  mc_w.l(handlers.o)
    0x080055ae   0x00000002   PAD
    0x080055b0   0x0000000c   Code   RO         7315    i.__set_errno       mc_w.l(errno.o)
    0x080055bc   0x00000164   Code   RO         7190    i._fp_digits        mc_w.l(printfa.o)
    0x08005720   0x0000000e   Code   RO         7215    i._is_digit         mc_w.l(scanf_fp.o)
    0x0800572e   0x00000002   PAD
    0x08005730   0x000006dc   Code   RO         7191    i._printf_core      mc_w.l(printfa.o)
    0x08005e0c   0x00000024   Code   RO         7192    i._printf_post_padding  mc_w.l(printfa.o)
    0x08005e30   0x0000002e   Code   RO         7193    i._printf_pre_padding  mc_w.l(printfa.o)
    0x08005e5e   0x00000002   PAD
    0x08005e60   0x00000068   Code   RO          192    i.arm_dot_prod_f32  arm_dot_prod_f32.o
    0x08005ec8   0x0000007c   Code   RO          240    i.arm_mat_add_f32   arm_mat_add_f32.o
    0x08005f44   0x00000008   Code   RO          264    i.arm_mat_init_f32  arm_mat_init_f32.o
    0x08005f4c   0x00000264   Code   RO          288    i.arm_mat_inverse_f32  arm_mat_inverse_f32.o
    0x080061b0   0x000000dc   Code   RO          312    i.arm_mat_mult_f32  arm_mat_mult_f32.o
    0x0800628c   0x00000064   Code   RO          336    i.arm_mat_scale_f32  arm_mat_scale_f32.o
    0x080062f0   0x0000007a   Code   RO          360    i.arm_mat_trans_f32  arm_mat_trans_f32.o
    0x0800636a   0x00000050   Code   RO          216    i.arm_scale_f32     arm_scale_f32.o
    0x080063ba   0x00000002   PAD
    0x080063bc   0x00000010   Code   RO         1607    i.cortexm4f_enable_fpu  main.o
    0x080063cc   0x0000001e   Code   RO         1745    i.countLeapYears    e_time.o
    0x080063ea   0x00000056   Code   RO         1998    i.cross_product     op_triad.o
    0x08006440   0x0000006c   Code   RO         1746    i.e_time            e_time.o
    0x080064ac   0x00000018   Code   RO         7249    i.fabs              m_wm.l(fabs.o)
    0x080064c4   0x000000e8   Code   RO         2064    i.findjd            sun_vector.o
    0x080065ac   0x0000001c   Code   RO         1778    i.fputc             fputc.o
    0x080065c8   0x0000000c   Code   RO         1999    i.get_attitude      op_triad.o
    0x080065d4   0x0000051e   Code   RO         1833    i.igrf              igrf.o
    0x08006af2   0x0000000c   Code   RO         6137    i.inHandlerMode     cmsis_os.o
    0x08006afe   0x00000002   PAD
    0x08006b00   0x000000e4   Code   RO         1891    i.magnm_data_parse  magnetometer.o
    0x08006be4   0x00000038   Code   RO         1608    i.main              main.o
    0x08006c1c   0x0000000c   Code   RO         6139    i.makeFreeRtosPriority  cmsis_os.o
    0x08006c28   0x0000001a   Code   RO         1892    i.map               magnetometer.o
    0x08006c42   0x00000002   PAD
    0x08006c44   0x00000118   Code   RO         2000    i.optimized_triad   op_triad.o
    0x08006d5c   0x00000154   Code   RO         2001    i.optimized_triad_init  op_triad.o
    0x08006eb0   0x0000000e   Code   RO         6140    i.osDelay           cmsis_os.o
    0x08006ebe   0x0000000a   Code   RO         6143    i.osKernelStart     cmsis_os.o
    0x08006ec8   0x00000026   Code   RO         6166    i.osSemaphoreCreate  cmsis_os.o
    0x08006eee   0x00000002   PAD
    0x08006ef0   0x00000050   Code   RO         6168    i.osSemaphoreRelease  cmsis_os.o
    0x08006f40   0x00000068   Code   RO         6169    i.osSemaphoreWait   cmsis_os.o
    0x08006fa8   0x00000014   Code   RO         6172    i.osSystickHandler  cmsis_os.o
    0x08006fbc   0x00000038   Code   RO         6173    i.osThreadCreate    cmsis_os.o
    0x08006ff4   0x00000034   Code   RO         6483    i.prvAddCurrentTaskToDelayedList  tasks.o
    0x08007028   0x00000150   Code   RO          550    i.prvCheckRecorderStatus  trckernelport.o
    0x08007178   0x00000054   Code   RO         6484    i.prvCheckTasksWaitingTermination  tasks.o
    0x080071cc   0x00000026   Code   RO         5740    i.prvCopyDataFromQueue  queue.o
    0x080071f2   0x0000006e   Code   RO         5741    i.prvCopyDataToQueue  queue.o
    0x08007260   0x0000004c   Code   RO         6047    i.prvHeapInit       heap_4.o
    0x080072ac   0x00000028   Code   RO         6485    i.prvIdleTask       tasks.o
    0x080072d4   0x0000004c   Code   RO         6048    i.prvInsertBlockIntoFreeList  heap_4.o
    0x08007320   0x00000018   Code   RO          551    i.prvIsNewTCB       trckernelport.o
    0x08007338   0x0000003a   Code   RO          741    i.prvIsValidCommand  trcstreamingrecorder.o
    0x08007372   0x0000000e   Code   RO          745    i.prvProcessCommand  trcstreamingrecorder.o
    0x08007380   0x00000020   Code   RO         6487    i.prvResetNextTaskUnblockTime  tasks.o
    0x080073a0   0x00000150   Code   RO          746    i.prvSetRecorderEnabled  trcstreamingrecorder.o
    0x080074f0   0x00000028   Code   RO         6778    i.prvTaskExitError  port.o
    0x08007518   0x00000054   Code   RO          749    i.prvTraceError     trcstreamingrecorder.o
    0x0800756c   0x00000004   Code   RO          552    i.prvTraceGetCurrentTaskHandle  trckernelport.o
    0x08007570   0x00000038   Code   RO          750    i.prvTraceInitCortexM  trcstreamingrecorder.o
    0x080075a8   0x00000002   Code   RO          553    i.prvTraceOnBegin   trckernelport.o
    0x080075aa   0x00000002   Code   RO          554    i.prvTraceOnEnd     trckernelport.o
    0x080075ac   0x00000054   Code   RO          751    i.prvTraceSaveObjectData  trcstreamingrecorder.o
    0x08007600   0x00000078   Code   RO          752    i.prvTraceSaveSymbol  trcstreamingrecorder.o
    0x08007678   0x00000078   Code   RO          753    i.prvTraceStoreEvent  trcstreamingrecorder.o
    0x080076f0   0x00000050   Code   RO          754    i.prvTraceStoreEvent0  trcstreamingrecorder.o
    0x08007740   0x00000054   Code   RO          755    i.prvTraceStoreEvent1  trcstreamingrecorder.o
    0x08007794   0x00000058   Code   RO          756    i.prvTraceStoreEvent2  trcstreamingrecorder.o
    0x080077ec   0x0000005c   Code   RO          757    i.prvTraceStoreEvent3  trcstreamingrecorder.o
    0x08007848   0x00000016   Code   RO          758    i.prvTraceStoreStringEvent  trcstreamingrecorder.o
    0x0800785e   0x00000002   PAD
    0x08007860   0x000000f4   Code   RO          759    i.prvTraceStoreStringEventHelper  trcstreamingrecorder.o
    0x08007954   0x000001a0   Code   RO          760    i.prvTraceStoreWarnings  trcstreamingrecorder.o
    0x08007af4   0x00000064   Code   RO         5742    i.prvUnlockQueue    queue.o
    0x08007b58   0x000000e0   Code   RO         6049    i.pvPortMalloc      heap_4.o
    0x08007c38   0x00000018   Code   RO         6489    i.pvTaskIncrementMutexHeldCount  tasks.o
    0x08007c50   0x00000028   Code   RO         6779    i.pxPortInitialiseStack  port.o
    0x08007c78   0x0000002c   Code   RO         1893    i.read_magnm_data   magnetometer.o
    0x08007ca4   0x0000003c   Code   RO         2276    i.rxn_wheels_init   rxn_wheels.o
    0x08007ce0   0x00000014   Code   RO         1895    i.send              magnetometer.o
    0x08007cf4   0x00000024   Code   RO         1899    i.single_op         magnetometer.o
    0x08007d18   0x0000006e   Code   RO         7279    i.sqrt              m_wm.l(sqrt.o)
    0x08007d86   0x0000001a   Code   RO         2065    i.sun_vector_body   sun_vector.o
    0x08007da0   0x000000fc   Code   RO         2066    i.sun_vector_ref    sun_vector.o
    0x08007e9c   0x00000020   Code   RO         2155    i.taskAttControl    freertos.o
    0x08007ebc   0x00000158   Code   RO         2156    i.taskAttDet        freertos.o
    0x08008014   0x0000004c   Code   RO         2157    i.taskDetumble      freertos.o
    0x08008060   0x0000002c   Code   RO         2158    i.taskGPS           freertos.o
    0x0800808c   0x0000003c   Code   RO         2159    i.taskGyro          freertos.o
    0x080080c8   0x00000014   Code   RO         2160    i.taskIPC           freertos.o
    0x080080dc   0x00000020   Code   RO         2161    i.taskMagnm         freertos.o
    0x080080fc   0x00000030   Code   RO         2162    i.taskSunSense      freertos.o
    0x0800812c   0x00000054   Code   RO         2002    i.triad_mat         op_triad.o
    0x08008180   0x000001a0   Code   RO         2003    i.triad_vec         op_triad.o
    0x08008320   0x00000024   Code   RO         5913    i.uxListRemove      list.o
    0x08008344   0x00000016   Code   RO         5914    i.vListInitialise   list.o
    0x0800835a   0x00000006   Code   RO         5915    i.vListInitialiseItem  list.o
    0x08008360   0x00000030   Code   RO         5916    i.vListInsert       list.o
    0x08008390   0x00000018   Code   RO         5917    i.vListInsertEnd    list.o
    0x080083a8   0x00000040   Code   RO         6781    i.vPortEnterCritical  port.o
    0x080083e8   0x00000028   Code   RO         6782    i.vPortExitCritical  port.o
    0x08008410   0x00000068   Code   RO         6050    i.vPortFree         heap_4.o
    0x08008478   0x00000020   Code   RO         6783    i.vPortSetupTimerInterrupt  port.o
    0x08008498   0x00000054   Code   RO         6784    i.vPortValidateInterruptPriority  port.o
    0x080084ec   0x00000070   Code   RO         6497    i.vTaskDelay        tasks.o
    0x0800855c   0x0000000c   Code   RO         6500    i.vTaskMissedYield  tasks.o
    0x08008568   0x00000064   Code   RO         6502    i.vTaskPlaceOnEventList  tasks.o
    0x080085cc   0x000000a0   Code   RO         6504    i.vTaskPriorityInherit  tasks.o
    0x0800866c   0x00000024   Code   RO         6508    i.vTaskSetTimeOutState  tasks.o
    0x08008690   0x00000068   Code   RO         6509    i.vTaskStartScheduler  tasks.o
    0x080086f8   0x00000010   Code   RO         6511    i.vTaskSuspendAll   tasks.o
    0x08008708   0x00000074   Code   RO         6512    i.vTaskSwitchContext  tasks.o
    0x0800877c   0x000000f0   Code   RO          555    i.vTraceEnable      trckernelport.o
    0x0800886c   0x00000044   Code   RO          765    i.vTracePrintF      trcstreamingrecorder.o
    0x080088b0   0x00000074   Code   RO         2004    i.vector_update     op_triad.o
    0x08008924   0x000000e0   Code   RO         6785    i.xPortStartScheduler  port.o
    0x08008a04   0x0000002c   Code   RO         6786    i.xPortSysTickHandler  port.o
    0x08008a30   0x00000080   Code   RO         5753    i.xQueueGenericCreate  queue.o
    0x08008ab0   0x0000027c   Code   RO         5754    i.xQueueGenericReceive  queue.o
    0x08008d2c   0x00000084   Code   RO         5755    i.xQueueGenericReset  queue.o
    0x08008db0   0x0000021c   Code   RO         5756    i.xQueueGenericSend  queue.o
    0x08008fcc   0x00000006   Code   RO         5758    i.xQueueGiveFromISR  queue.o
    0x08008fd2   0x000000da   Code   RO         5762    i.xQueueReceiveFromISR  queue.o
    0x080090ac   0x0000006c   Code   RO         6513    i.xTaskCheckForTimeOut  tasks.o
    0x08009118   0x000001f0   Code   RO         6514    i.xTaskGenericCreate  tasks.o
    0x08009308   0x0000000c   Code   RO         6517    i.xTaskGetCurrentTaskHandle  tasks.o
    0x08009314   0x0000001c   Code   RO         6518    i.xTaskGetSchedulerState  tasks.o
    0x08009330   0x000000f8   Code   RO         6521    i.xTaskIncrementTick  tasks.o
    0x08009428   0x000000b0   Code   RO         6524    i.xTaskPriorityDisinherit  tasks.o
    0x080094d8   0x0000007c   Code   RO         6525    i.xTaskRemoveFromEventList  tasks.o
    0x08009554   0x000000cc   Code   RO         6527    i.xTaskResumeAll    tasks.o
    0x08009620   0x0000001a   Code   RO          772    i.xTraceRegisterString  trcstreamingrecorder.o
    0x0800963a   0x00000002   PAD
    0x0800963c   0x00000004   Data   RO         1710    .constdata          bdot.o
    0x08009640   0x00000030   Data   RO         1747    .constdata          e_time.o
    0x08009670   0x00000008   Data   RO         1835    .constdata          igrf.o
    0x08009678   0x0000000c   Data   RO         2067    .constdata          sun_vector.o
    0x08009684   0x000000d4   Data   RO         2163    .constdata          freertos.o
    0x08009758   0x00000010   Data   RO         4954    .constdata          stm32f4xx_hal_rcc.o
    0x08009768   0x00000088   Data   RO         6872    .constdata          m_wm.l(pow.o)
    0x080097f0   0x00000140   Data   RO         6886    .constdata          m_wm.l(powf.o)
    0x08009930   0x00000008   Data   RO         7273    .constdata          m_wm.l(qnan.o)
    0x08009938   0x00000020   Data   RO         7275    .constdata          m_wm.l(rredf.o)
    0x08009958   0x00000081   Data   RO         7352    .constdata          mc_w.l(ctype_o.o)
    0x080099d9   0x00000003   PAD
    0x080099dc   0x00000004   Data   RO         7353    .constdata          mc_w.l(ctype_o.o)
    0x080099e0   0x00000060   Data   RO         2164    .conststring        freertos.o
    0x08009a40   0x00000020   Data   RO         7392    Region$$Table       anon$$obj.o


    Execution Region RW_IRAM1 (Base: 0x20000000, Size: 0x0001b4a8, Max: 0x00020000, ABSOLUTE, COMPRESSED[0x000007a0])

    Base Addr    Size         Type   Attr      Idx    E Section Name        Object

    0x20000000   0x00000004   Data   RW            8    .data               system_stm32f4xx.o
    0x20000004   0x00000024   Data   RW          559    .data               trckernelport.o
    0x20000028   0x00000050   Data   RW          775    .data               trcstreamingrecorder.o
    0x20000078   0x00000004   Data   RW         1779    .data               fputc.o
    0x2000007c   0x00000010   Data   RW         1800    .data               gps.o
    0x2000008c   0x00000004   Data   RW         1836    .data               igrf.o
    0x20000090   0x00000680   Data   RW         1866    .data               igrf_data.o
    0x20000710   0x00000680   Data   RW         1867    .data               igrf_data.o
    0x20000d90   0x000000d8   Data   RW         2008    .data               op_triad.o
    0x20000e68   0x00000044   Data   RW         2165    .data               freertos.o
    0x20000eac   0x00000020   Data   RW         2250    .data               g_var.o
    0x20000ecc   0x00000004   Data   RW         2284    .data               rxn_wheels.o
    0x20000ed0   0x00000004   Data   RW         4575    .data               stm32f4xx_hal.o
    0x20000ed4   0x00000018   Data   RW         6055    .data               heap_4.o
    0x20000eec   0x00000038   Data   RW         6530    .data               tasks.o
    0x20000f24   0x0000000c   Data   RW         6787    .data               port.o
    0x20000f30   0x00000004   Data   RW         7316    .data               mc_w.l(errno.o)
    0x20000f34   0x00000490   Zero   RW          774    .bss                trcstreamingrecorder.o
    0x200013c4   0x000004b8   Zero   RW          998    .bss                segger_rtt.o
    0x2000187c   0x00000078   Zero   RW         1217    .bss                tim.o
    0x200018f4   0x00000100   Zero   RW         1362    .bss                usart.o
    0x200019f4   0x00000048   Zero   RW         1525    .bss                adc.o
    0x20001a3c   0x0000003c   Zero   RW         1567    .bss                stm32f4xx_hal_timebase_tim.o
    0x20001a78   0x000001a8   Zero   RW         1798    .bss                gps.o
    0x20001c20   0x00015540   Zero   RW         1834    .bss                igrf.o
    0x20017160   0x00000210   Zero   RW         2005    .bss                op_triad.o
    0x20017370   0x0000000c   Zero   RW         2244    .bss                g_var.o
    0x2001737c   0x0000000c   Zero   RW         2245    .bss                g_var.o
    0x20017388   0x0000000c   Zero   RW         2246    .bss                g_var.o
    0x20017394   0x0000000c   Zero   RW         2247    .bss                g_var.o
    0x200173a0   0x0000000c   Zero   RW         2248    .bss                g_var.o
    0x200173ac   0x0000000c   Zero   RW         2249    .bss                g_var.o
    0x200173b8   0x00003c00   Zero   RW         6054    .bss                heap_4.o
    0x2001afb8   0x000000f0   Zero   RW         6529    .bss                tasks.o
    0x2001b0a8   0x00000400   Zero   RW         2358    STACK               startup_stm32f407xx.o


==============================================================================

Image component sizes


      Code (inc. data)   RO Data    RW Data    ZI Data      Debug   Object Name

         0          0          0          0         72        204   adc.o
         0          0          0          0          0      13308   arm_add_f32.o
       104          4          0          0          0        743   arm_dot_prod_f32.o
       124          0          0          0          0       1330   arm_mat_add_f32.o
         8          0          0          0          0        995   arm_mat_init_f32.o
       612          4          0          0          0       2074   arm_mat_inverse_f32.o
       220          4          0          0          0       1531   arm_mat_mult_f32.o
       100          0          0          0          0       1292   arm_mat_scale_f32.o
       122          0          0          0          0       1288   arm_mat_trans_f32.o
        80          0          0          0          0        756   arm_scale_f32.o
         0          0          4          0          0        532   bdot.o
       346         10          0          0          0      18023   cmsis_os.o
       138          6         48          0          0       1658   e_time.o
        28          6          0          4          0       1043   fputc.o
      1040        176        308         68          0       7620   freertos.o
         0          0          0         32         72        790   g_var.o
       276         18          0          0          0       1083   gpio.o
       868         32          0         16        424       2802   gps.o
       480         24          0         24      15360       7067   heap_4.o
      1310         82          8          4      87360       2504   igrf.o
         0          0          0       3328          0        590   igrf_data.o
       136          0          0          0          0       3426   list.o
       354         32          0          0          0       3402   magnetometer.o
       258         20          0          0          0       3849   main.o
      1334         48          0        216        528       7338   op_triad.o
       754         84          0         12          0       9353   port.o
      2150         70          0          0          0      20637   queue.o
        60         12          0          4          0       1446   rxn_wheels.o
       766         56          0          0       1208      12076   segger_rtt.o
        36          8        392          0       1024        816   startup_stm32f407xx.o
       102         16          0          4          0       3848   stm32f4xx_hal.o
       388         24          0          0          0       4714   stm32f4xx_hal_adc.o
       218         14          0          0          0      30741   stm32f4xx_hal_cortex.o
       160          0          0          0          0       2035   stm32f4xx_hal_dma.o
       442         44          0          0          0       2332   stm32f4xx_hal_gpio.o
        88          0          0          0          0        534   stm32f4xx_hal_msp.o
      1494         94         16          0          0       8159   stm32f4xx_hal_rcc.o
      1690         88          0          0          0      15508   stm32f4xx_hal_tim.o
       150          0          0          0          0       3142   stm32f4xx_hal_tim_ex.o
       116         16          0          0         60       1464   stm32f4xx_hal_timebase_tim.o
      1252          8          0          0          0       4643   stm32f4xx_hal_uart.o
        30          6          0          0          0      12221   stm32f4xx_it.o
       510         54         12          0          0      16640   sun_vector.o
        84         18          0          4          0     690947   system_stm32f4xx.o
      2284        182          0         56        240      20693   tasks.o
       504         38          0          0        120       3169   tim.o
         0          0          0          0          0       1472   timers.o
       664        294          0         36          0      19270   trckernelport.o
      1992        438          0         80       1168      25078   trcstreamingrecorder.o
       432         66          0          0        256       3595   usart.o

    ----------------------------------------------------------------------
     24340       2096        820       3888     107892     999781   Object Totals
         0          0         32          0          0          0   (incl. Generated)
        36          0          0          0          0          0   (incl. Padding)

    ----------------------------------------------------------------------

      Code (inc. data)   RO Data    RW Data    ZI Data      Debug   Library Member Name

        56         12          0          0          0        132   atof.o
       336         56          0          0          0        136   cosf.o
       164         44          0          0          0        620   dunder.o
        24          0          0          0          0        124   fabs.o
        48          0          0          0          0        124   fpclassify.o
        38          0          0          0          0        116   fpclassifyf.o
        80         24          0          0          0        696   funder.o
       248          0          0          0          0        152   poly.o
      3128        302        136          0          0        356   pow.o
      1548        110        320          0          0        268   powf.o
         0          0          8          0          0          0   qnan.o
       340         24         32          0          0        160   rredf.o
       400         56          0          0          0        212   sinf.o
       110          0          0          0          0        148   sqrt.o
        58          0          0          0          0        136   sqrtf.o
       380         58          0          0          0        200   tanf.o
        56          8          0          0          0         84   __0sscanf.o
        94          0          0          0          0          0   __dclz77c.o
        28          0          0          0          0         68   _chval.o
       812          4          0          0          0        112   _scanf.o
        64          0          0          0          0         84   _sgetc.o
       158          0          0          0          0         92   _strtoul.o
        26          0          0          0          0         80   atoi.o
         8          4        133          0          0         68   ctype_o.o
         0          0          0          0          0          0   entry.o
         0          0          0          0          0          0   entry10a.o
         0          0          0          0          0          0   entry11a.o
         8          4          0          0          0          0   entry2.o
         4          0          0          0          0          0   entry5.o
         0          0          0          0          0          0   entry7b.o
         0          0          0          0          0          0   entry8b.o
         8          4          0          0          0          0   entry9a.o
        32         16          0          4          0        204   errno.o
        30          0          0          0          0          0   handlers.o
        36          8          0          0          0         68   init.o
        18          0          0          0          0         76   isspace_o.o
         0          0          0          0          0          0   iusefp.o
        30          0          0          0          0         68   llshl.o
        36          0          0          0          0         68   llsshr.o
        32          0          0          0          0         68   llushr.o
        36          0          0          0          0         68   memcpya.o
        36          0          0          0          0        108   memseta.o
      2226         90          0          0          0        444   printfa.o
        40          8          0          0          0         84   scanf_char.o
       838         12          0          0          0        216   scanf_fp.o
        28          0          0          0          0         76   strcmp.o
        18          0          0          0          0         68   strcpy.o
        24          0          0          0          0         76   strncpy.o
       156         14          0          0          0        120   strtod.o
       112          0          0          0          0         88   strtol.o
        44          0          0          0          0         80   uidiv.o
        98          0          0          0          0         92   uldiv.o
        48          0          0          0          0         68   cdrcmple.o
        56          0          0          0          0         88   d2f.o
       334          0          0          0          0        148   dadd.o
       222          0          0          0          0        100   ddiv.o
       186          0          0          0          0        176   depilogue.o
        50          0          0          0          0         76   dfixui.o
        48          0          0          0          0         68   dfixul.o
        34          0          0          0          0         76   dflti.o
        26          0          0          0          0         76   dfltui.o
        24          0          0          0          0         76   dfltul.o
       228          0          0          0          0         96   dmul.o
        46          0          0          0          0         80   dscalb.o
       162          0          0          0          0        100   dsqrt.o
        38          0          0          0          0         68   f2d.o
       110          0          0          0          0        168   fepilogue.o

    ----------------------------------------------------------------------
     13728        858        632          4          0       7704   Library Totals
        22          0          3          0          0          0   (incl. Padding)

    ----------------------------------------------------------------------

      Code (inc. data)   RO Data    RW Data    ZI Data      Debug   Library Name

      6958        686        496          0          0       3580   m_wm.l
      5136        172        133          4          0       2660   mc_w.l
      1612          0          0          0          0       1464   mf_w.l

    ----------------------------------------------------------------------
     13728        858        632          4          0       7704   Library Totals

    ----------------------------------------------------------------------

==============================================================================


      Code (inc. data)   RO Data    RW Data    ZI Data      Debug   

     38068       2954       1452       3892     107892     982833   Grand Totals
     38068       2954       1452       1952     107892     982833   ELF Image Totals (compressed)
     38068       2954       1452       1952          0          0   ROM Totals

==============================================================================

    Total RO  Size (Code + RO Data)                39520 (  38.59kB)
    Total RW  Size (RW Data + ZI Data)            111784 ( 109.16kB)
    Total ROM Size (Code + RO Data + RW Data)      41472 (  40.50kB)

==============================================================================

