Component: ARM Compiler 5.05 update 1 (build 106) Tool: armlink [4d0efa]

==============================================================================

Section Cross References

    stm32f4xx_it.o(i.EXTI0_IRQHandler) refers to stm32f4xx_exti.o(i.EXTI_GetITStatus) for EXTI_GetITStatus
    stm32f4xx_it.o(i.EXTI0_IRQHandler) refers to stm32f4_discovery.o(i.STM_EVAL_LEDToggle) for STM_EVAL_LEDToggle
    stm32f4xx_it.o(i.EXTI0_IRQHandler) refers to stm32f4xx_exti.o(i.EXTI_ClearITPendingBit) for EXTI_ClearITPendingBit
    system_stm32f4xx.o(i.SystemCoreClockUpdate) refers to system_stm32f4xx.o(.data) for .data
    system_stm32f4xx.o(i.SystemInit) refers to system_stm32f4xx.o(i.SetSysClock) for SetSysClock
    ekf_init.o(i.init_att) refers to arm_mat_init_f32.o(i.arm_mat_init_f32) for arm_mat_init_f32
    ekf_init.o(i.init_att) refers to powf.o(i.__hardfp_powf) for __hardfp_powf
    ekf_init.o(i.init_att) refers to arm_mat_scale_f32.o(.text) for arm_mat_scale_f32
    ekf_init.o(i.init_att) refers to ekf_var.o(.bss) for F_att_f32
    ekf_init.o(i.init_att) refers to ekf_init.o(.data) for .data
    ekf_init.o(i.init_att) refers to ekf_var.o(.data) for H_att_f32
    ekf_init.o(i.init_att) refers to ekf_var.o(.data) for Q_att_f32
    ekf_init.o(i.init_att) refers to ekf_var.o(.constdata) for R_att_f32
    ekf_init.o(i.init_att) refers to ekf_var.o(.constdata) for v_att_f32
    ekf_init.o(i.init_att) refers to ekf_var.o(.constdata) for w_att_f32
    ekf_init.o(i.init_att) refers to ekf_var.o(.bss) for x_att_f32
    ekf_init.o(i.init_att) refers to ekf_var.o(.bss) for readings_att_f32
    ekf_init.o(i.init_att) refers to ekf_var.o(.data) for P_att_f32
    ekf_init.o(i.init_igrf) refers to arm_mat_init_f32.o(i.arm_mat_init_f32) for arm_mat_init_f32
    ekf_init.o(i.init_igrf) refers to ekf_var.o(.bss) for Bi_f32
    ekf_init.o(i.init_igrf) refers to ekf_init.o(.data) for .data
    ekf_init.o(i.init_igrf) refers to ekf_var.o(.bss) for Bi_dot_f32
    ekf_init.o(i.init_igrf) refers to ekf_var.o(.bss) for Bi_dot_tmp_f32
    ekf_init.o(i.init_igrf) refers to ekf_var.o(.bss) for sat_vel_f32
    ekf_init.o(i.init_igrf) refers to ekf_var.o(.bss) for deltaBi_f32
    ekf_init.o(i.init_pf) refers to arm_mat_init_f32.o(i.arm_mat_init_f32) for arm_mat_init_f32
    ekf_init.o(i.init_pf) refers to powf.o(i.__hardfp_powf) for __hardfp_powf
    ekf_init.o(i.init_pf) refers to arm_mat_scale_f32.o(.text) for arm_mat_scale_f32
    ekf_init.o(i.init_pf) refers to ekf_var.o(.constdata) for F_pf_f32
    ekf_init.o(i.init_pf) refers to ekf_init.o(.data) for .data
    ekf_init.o(i.init_pf) refers to ekf_var.o(.constdata) for H_pf_f32
    ekf_init.o(i.init_pf) refers to ekf_var.o(.constdata) for Q_pf_f32
    ekf_init.o(i.init_pf) refers to ekf_var.o(.data) for R_pf_f32
    ekf_init.o(i.init_pf) refers to ekf_var.o(.constdata) for v_pf_f32
    ekf_init.o(i.init_pf) refers to ekf_var.o(.constdata) for w_pf_f32
    ekf_init.o(i.init_pf) refers to ekf_var.o(.bss) for x_pf_f32
    ekf_init.o(i.init_pf) refers to ekf_var.o(.bss) for readings_pf_f32
    ekf_init.o(i.init_pf) refers to ekf_var.o(.data) for P_pf_f32
    ekf_tmp.o(i.att_ekf_tmp_init) refers to arm_mat_init_f32.o(i.arm_mat_init_f32) for arm_mat_init_f32
    ekf_tmp.o(i.att_ekf_tmp_init) refers to ekf_tmp.o(.bss) for .bss
    ekf_tmp.o(i.att_ekf_tmp_init) refers to ekf_tmp.o(.data) for .data
    ekf_tmp.o(i.pf_ekf_tmp_init) refers to arm_mat_init_f32.o(i.arm_mat_init_f32) for arm_mat_init_f32
    ekf_tmp.o(i.pf_ekf_tmp_init) refers to ekf_tmp.o(.bss) for .bss
    ekf_tmp.o(i.pf_ekf_tmp_init) refers to ekf_tmp.o(.data) for .data
    filters.o(i.att_filter) refers to arm_mat_mult_f32.o(.text) for arm_mat_mult_f32
    filters.o(i.att_filter) refers to arm_mat_add_f32.o(i.arm_mat_add_f32) for arm_mat_add_f32
    filters.o(i.att_filter) refers to arm_mat_trans_f32.o(.text) for arm_mat_trans_f32
    filters.o(i.att_filter) refers to arm_mat_inverse_f32.o(.text) for arm_mat_inverse_f32
    filters.o(i.att_filter) refers to arm_mat_sub_f32.o(.text) for arm_mat_sub_f32
    filters.o(i.att_filter) refers to ekf_tmp.o(.data) for xbar_att
    filters.o(i.att_filter) refers to ekf_var.o(.bss) for q
    filters.o(i.att_filter) refers to ekf_var.o(.bss) for qc
    filters.o(i.att_filter) refers to ekf_var.o(.bss) for w
    filters.o(i.att_filter) refers to ekf_var.o(.bss) for F_att_f32
    filters.o(i.att_filter) refers to ekf_var.o(.data) for Sx
    filters.o(i.att_filter) refers to ekf_var.o(.data) for Sy
    filters.o(i.att_filter) refers to ekf_var.o(.data) for Sz
    filters.o(i.att_filter) refers to ekf_init.o(.data) for F_att
    filters.o(i.att_filter) refers to ekf_var.o(.bss) for igrfmag
    filters.o(i.att_filter) refers to ekf_var.o(.data) for H_att_f32
    filters.o(i.prefilter) refers to arm_mat_mult_f32.o(.text) for arm_mat_mult_f32
[...]
    stm32f4xx_rcc.o(i.RCC_MCO2Config) refers to igrf_testbench.o(i.assert_failed) for assert_failed
    stm32f4xx_rcc.o(i.RCC_MCO2Config) refers to stm32f4xx_rcc.o(.conststring) for .conststring
    stm32f4xx_rcc.o(i.RCC_PCLK1Config) refers to igrf_testbench.o(i.assert_failed) for assert_failed
    stm32f4xx_rcc.o(i.RCC_PCLK1Config) refers to stm32f4xx_rcc.o(.conststring) for .conststring
    stm32f4xx_rcc.o(i.RCC_PCLK2Config) refers to igrf_testbench.o(i.assert_failed) for assert_failed
    stm32f4xx_rcc.o(i.RCC_PCLK2Config) refers to stm32f4xx_rcc.o(.conststring) for .conststring
    stm32f4xx_rcc.o(i.RCC_PLLCmd) refers to igrf_testbench.o(i.assert_failed) for assert_failed
    stm32f4xx_rcc.o(i.RCC_PLLCmd) refers to stm32f4xx_rcc.o(.conststring) for .conststring
    stm32f4xx_rcc.o(i.RCC_PLLConfig) refers to igrf_testbench.o(i.assert_failed) for assert_failed
    stm32f4xx_rcc.o(i.RCC_PLLConfig) refers to stm32f4xx_rcc.o(.conststring) for .conststring
    stm32f4xx_rcc.o(i.RCC_PLLI2SCmd) refers to igrf_testbench.o(i.assert_failed) for assert_failed
    stm32f4xx_rcc.o(i.RCC_PLLI2SCmd) refers to stm32f4xx_rcc.o(.conststring) for .conststring
    stm32f4xx_rcc.o(i.RCC_PLLI2SConfig) refers to igrf_testbench.o(i.assert_failed) for assert_failed
    stm32f4xx_rcc.o(i.RCC_PLLI2SConfig) refers to stm32f4xx_rcc.o(.conststring) for .conststring
    stm32f4xx_rcc.o(i.RCC_RTCCLKCmd) refers to igrf_testbench.o(i.assert_failed) for assert_failed
    stm32f4xx_rcc.o(i.RCC_RTCCLKCmd) refers to stm32f4xx_rcc.o(.conststring) for .conststring
    stm32f4xx_rcc.o(i.RCC_RTCCLKConfig) refers to igrf_testbench.o(i.assert_failed) for assert_failed
    stm32f4xx_rcc.o(i.RCC_RTCCLKConfig) refers to stm32f4xx_rcc.o(.conststring) for .conststring
    stm32f4xx_rcc.o(i.RCC_SYSCLKConfig) refers to igrf_testbench.o(i.assert_failed) for assert_failed
    stm32f4xx_rcc.o(i.RCC_SYSCLKConfig) refers to stm32f4xx_rcc.o(.conststring) for .conststring
    stm32f4xx_rcc.o(i.RCC_WaitForHSEStartUp) refers to stm32f4xx_rcc.o(i.RCC_GetFlagStatus) for RCC_GetFlagStatus
    misc.o(i.NVIC_Init) refers to igrf_testbench.o(i.assert_failed) for assert_failed
    misc.o(i.NVIC_PriorityGroupConfig) refers to igrf_testbench.o(i.assert_failed) for assert_failed
    misc.o(i.NVIC_SetVectorTable) refers to igrf_testbench.o(i.assert_failed) for assert_failed
    misc.o(i.NVIC_SystemLPConfig) refers to igrf_testbench.o(i.assert_failed) for assert_failed
    misc.o(i.SysTick_CLKSourceConfig) refers to igrf_testbench.o(i.assert_failed) for assert_failed
    stm32f4xx_gpio.o(i.GPIO_DeInit) refers to igrf_testbench.o(i.assert_failed) for assert_failed
    stm32f4xx_gpio.o(i.GPIO_DeInit) refers to stm32f4xx_rcc.o(i.RCC_AHB1PeriphResetCmd) for RCC_AHB1PeriphResetCmd
    stm32f4xx_gpio.o(i.GPIO_DeInit) refers to stm32f4xx_gpio.o(.conststring) for .conststring
    stm32f4xx_gpio.o(i.GPIO_Init) refers to igrf_testbench.o(i.assert_failed) for assert_failed
    stm32f4xx_gpio.o(i.GPIO_Init) refers to stm32f4xx_gpio.o(.conststring) for .conststring
    stm32f4xx_gpio.o(i.GPIO_PinAFConfig) refers to igrf_testbench.o(i.assert_failed) for assert_failed
    stm32f4xx_gpio.o(i.GPIO_PinAFConfig) refers to stm32f4xx_gpio.o(.conststring) for .conststring
    stm32f4xx_gpio.o(i.GPIO_PinLockConfig) refers to igrf_testbench.o(i.assert_failed) for assert_failed
    stm32f4xx_gpio.o(i.GPIO_PinLockConfig) refers to stm32f4xx_gpio.o(.conststring) for .conststring
    stm32f4xx_gpio.o(i.GPIO_ReadInputData) refers to igrf_testbench.o(i.assert_failed) for assert_failed
    stm32f4xx_gpio.o(i.GPIO_ReadInputData) refers to stm32f4xx_gpio.o(.conststring) for .conststring
    stm32f4xx_gpio.o(i.GPIO_ReadInputDataBit) refers to igrf_testbench.o(i.assert_failed) for assert_failed
    stm32f4xx_gpio.o(i.GPIO_ReadInputDataBit) refers to stm32f4xx_gpio.o(.conststring) for .conststring
    stm32f4xx_gpio.o(i.GPIO_ReadOutputData) refers to igrf_testbench.o(i.assert_failed) for assert_failed
    stm32f4xx_gpio.o(i.GPIO_ReadOutputData) refers to stm32f4xx_gpio.o(.conststring) for .conststring
    stm32f4xx_gpio.o(i.GPIO_ReadOutputDataBit) refers to igrf_testbench.o(i.assert_failed) for assert_failed
    stm32f4xx_gpio.o(i.GPIO_ReadOutputDataBit) refers to stm32f4xx_gpio.o(.conststring) for .conststring
    stm32f4xx_gpio.o(i.GPIO_ResetBits) refers to igrf_testbench.o(i.assert_failed) for assert_failed
    stm32f4xx_gpio.o(i.GPIO_ResetBits) refers to stm32f4xx_gpio.o(.conststring) for .conststring
    stm32f4xx_gpio.o(i.GPIO_SetBits) refers to igrf_testbench.o(i.assert_failed) for assert_failed
    stm32f4xx_gpio.o(i.GPIO_SetBits) refers to stm32f4xx_gpio.o(.conststring) for .conststring
    stm32f4xx_gpio.o(i.GPIO_ToggleBits) refers to igrf_testbench.o(i.assert_failed) for assert_failed
    stm32f4xx_gpio.o(i.GPIO_ToggleBits) refers to stm32f4xx_gpio.o(.conststring) for .conststring
    stm32f4xx_gpio.o(i.GPIO_Write) refers to igrf_testbench.o(i.assert_failed) for assert_failed
    stm32f4xx_gpio.o(i.GPIO_Write) refers to stm32f4xx_gpio.o(.conststring) for .conststring
    stm32f4xx_gpio.o(i.GPIO_WriteBit) refers to igrf_testbench.o(i.assert_failed) for assert_failed
    stm32f4xx_gpio.o(i.GPIO_WriteBit) refers to stm32f4xx_gpio.o(.conststring) for .conststring
    stm32f4xx_syscfg.o(i.SYSCFG_CompensationCellCmd) refers to igrf_testbench.o(i.assert_failed) for assert_failed
    stm32f4xx_syscfg.o(i.SYSCFG_CompensationCellCmd) refers to stm32f4xx_syscfg.o(.conststring) for .conststring
    stm32f4xx_syscfg.o(i.SYSCFG_DeInit) refers to stm32f4xx_rcc.o(i.RCC_APB2PeriphResetCmd) for RCC_APB2PeriphResetCmd
    stm32f4xx_syscfg.o(i.SYSCFG_ETH_MediaInterfaceConfig) refers to igrf_testbench.o(i.assert_failed) for assert_failed
    stm32f4xx_syscfg.o(i.SYSCFG_ETH_MediaInterfaceConfig) refers to stm32f4xx_syscfg.o(.conststring) for .conststring
    stm32f4xx_syscfg.o(i.SYSCFG_EXTILineConfig) refers to igrf_testbench.o(i.assert_failed) for assert_failed
    stm32f4xx_syscfg.o(i.SYSCFG_EXTILineConfig) refers to stm32f4xx_syscfg.o(.conststring) for .conststring
    stm32f4xx_syscfg.o(i.SYSCFG_MemoryRemapConfig) refers to igrf_testbench.o(i.assert_failed) for assert_failed
    stm32f4xx_syscfg.o(i.SYSCFG_MemoryRemapConfig) refers to stm32f4xx_syscfg.o(.conststring) for .conststring
    stm32f4xx_exti.o(i.EXTI_ClearFlag) refers to igrf_testbench.o(i.assert_failed) for assert_failed
    stm32f4xx_exti.o(i.EXTI_ClearFlag) refers to stm32f4xx_exti.o(.conststring) for .conststring
    stm32f4xx_exti.o(i.EXTI_ClearITPendingBit) refers to igrf_testbench.o(i.assert_failed) for assert_failed
    stm32f4xx_exti.o(i.EXTI_ClearITPendingBit) refers to stm32f4xx_exti.o(.conststring) for .conststring
    stm32f4xx_exti.o(i.EXTI_GenerateSWInterrupt) refers to igrf_testbench.o(i.assert_failed) for assert_failed
    stm32f4xx_exti.o(i.EXTI_GenerateSWInterrupt) refers to stm32f4xx_exti.o(.conststring) for .conststring
    stm32f4xx_exti.o(i.EXTI_GetFlagStatus) refers to igrf_testbench.o(i.assert_failed) for assert_failed
    stm32f4xx_exti.o(i.EXTI_GetFlagStatus) refers to stm32f4xx_exti.o(.conststring) for .conststring
    stm32f4xx_exti.o(i.EXTI_GetITStatus) refers to igrf_testbench.o(i.assert_failed) for assert_failed
    stm32f4xx_exti.o(i.EXTI_GetITStatus) refers to stm32f4xx_exti.o(.conststring) for .conststring
    stm32f4xx_exti.o(i.EXTI_Init) refers to igrf_testbench.o(i.assert_failed) for assert_failed
    stm32f4xx_exti.o(i.EXTI_Init) refers to stm32f4xx_exti.o(.conststring) for .conststring
    startup_stm32f4xx.o(RESET) refers to startup_stm32f4xx.o(STACK) for __initial_sp
    startup_stm32f4xx.o(RESET) refers to startup_stm32f4xx.o(.text) for Reset_Handler
    startup_stm32f4xx.o(RESET) refers to stm32f4xx_it.o(i.NMI_Handler) for NMI_Handler
    startup_stm32f4xx.o(RESET) refers to stm32f4xx_it.o(i.HardFault_Handler) for HardFault_Handler
    startup_stm32f4xx.o(RESET) refers to stm32f4xx_it.o(i.MemManage_Handler) for MemManage_Handler
    startup_stm32f4xx.o(RESET) refers to stm32f4xx_it.o(i.BusFault_Handler) for BusFault_Handler
    startup_stm32f4xx.o(RESET) refers to stm32f4xx_it.o(i.UsageFault_Handler) for UsageFault_Handler
    startup_stm32f4xx.o(RESET) refers to stm32f4xx_it.o(i.SVC_Handler) for SVC_Handler
    startup_stm32f4xx.o(RESET) refers to stm32f4xx_it.o(i.DebugMon_Handler) for DebugMon_Handler
    startup_stm32f4xx.o(RESET) refers to stm32f4xx_it.o(i.PendSV_Handler) for PendSV_Handler
    startup_stm32f4xx.o(RESET) refers to stm32f4xx_it.o(i.SysTick_Handler) for SysTick_Handler
    startup_stm32f4xx.o(RESET) refers to stm32f4xx_it.o(i.EXTI0_IRQHandler) for EXTI0_IRQHandler
    startup_stm32f4xx.o(.text) refers to system_stm32f4xx.o(i.SystemInit) for SystemInit
    startup_stm32f4xx.o(.text) refers to entry.o(.ARM.Collect$$$$00000000) for __main
    cosf.o(i.__hardfp_cosf) refers (Special) to iusefp.o(.text) for __I$use$fp
    cosf.o(i.__hardfp_cosf) refers to rredf.o(i.__mathlib_rredf2) for __mathlib_rredf2
    cosf.o(i.__hardfp_cosf) refers to errno.o(i.__set_errno) for __set_errno
    cosf.o(i.__hardfp_cosf) refers to funder.o(i.__mathlib_flt_invalid) for __mathlib_flt_invalid
    cosf.o(i.__hardfp_cosf) refers to funder.o(i.__mathlib_flt_infnan) for __mathlib_flt_infnan
    cosf.o(i.__softfp_cosf) refers (Special) to iusefp.o(.text) for __I$use$fp
    cosf.o(i.__softfp_cosf) refers to cosf.o(i.__hardfp_cosf) for __hardfp_cosf
    cosf.o(i.cosf) refers (Special) to iusefp.o(.text) for __I$use$fp
    cosf.o(i.cosf) refers to cosf.o(i.__hardfp_cosf) for __hardfp_cosf
    cosf_x.o(i.____hardfp_cosf$lsc) refers (Special) to iusefp.o(.text) for __I$use$fp
    cosf_x.o(i.____hardfp_cosf$lsc) refers to rredf.o(i.__mathlib_rredf2) for __mathlib_rredf2
    cosf_x.o(i.____hardfp_cosf$lsc) refers to errno.o(i.__set_errno) for __set_errno
    cosf_x.o(i.____hardfp_cosf$lsc) refers to funder.o(i.__mathlib_flt_infnan) for __mathlib_flt_infnan
    cosf_x.o(i.____softfp_cosf$lsc) refers (Special) to iusefp.o(.text) for __I$use$fp
    cosf_x.o(i.____softfp_cosf$lsc) refers to cosf_x.o(i.____hardfp_cosf$lsc) for ____hardfp_cosf$lsc
    cosf_x.o(i.__cosf$lsc) refers (Special) to iusefp.o(.text) for __I$use$fp
    cosf_x.o(i.__cosf$lsc) refers to cosf_x.o(i.____hardfp_cosf$lsc) for ____hardfp_cosf$lsc
    pow.o(i.__hardfp_pow) refers (Special) to iusefp.o(.text) for __I$use$fp
    pow.o(i.__hardfp_pow) refers to dunder.o(i.__mathlib_dbl_infnan2) for __mathlib_dbl_infnan2
    pow.o(i.__hardfp_pow) refers to errno.o(i.__set_errno) for __set_errno
    pow.o(i.__hardfp_pow) refers to dunder.o(i.__mathlib_dbl_divzero) for __mathlib_dbl_divzero
    pow.o(i.__hardfp_pow) refers to dunder.o(i.__mathlib_dbl_overflow) for __mathlib_dbl_overflow
    pow.o(i.__hardfp_pow) refers to ddiv.o(.text) for __aeabi_ddiv
    pow.o(i.__hardfp_pow) refers to sqrt.o(i.sqrt) for sqrt
    pow.o(i.__hardfp_pow) refers to fabs.o(i.fabs) for fabs
    pow.o(i.__hardfp_pow) refers to dunder.o(i.__mathlib_dbl_invalid) for __mathlib_dbl_invalid
    pow.o(i.__hardfp_pow) refers to dunder.o(i.__mathlib_dbl_underflow) for __mathlib_dbl_underflow
    pow.o(i.__hardfp_pow) refers to dadd.o(.text) for __aeabi_dsub
    pow.o(i.__hardfp_pow) refers to dmul.o(.text) for __aeabi_dmul
    pow.o(i.__hardfp_pow) refers to qnan.o(.constdata) for __mathlib_zero
    pow.o(i.__hardfp_pow) refers to poly.o(i.__kernel_poly) for __kernel_poly
    pow.o(i.__hardfp_pow) refers to dflti.o(.text) for __aeabi_i2d
    pow.o(i.__hardfp_pow) refers to pow.o(.constdata) for .constdata
    pow.o(i.__hardfp_pow) refers to cdrcmple.o(.text) for __aeabi_cdrcmple
    pow.o(i.__hardfp_pow) refers to dscalb.o(.text) for __ARM_scalbn
    pow.o(i.__hardfp_pow) refers to fpclassify.o(i.__ARM_fpclassify) for __ARM_fpclassify
    pow.o(i.__softfp_pow) refers (Special) to iusefp.o(.text) for __I$use$fp
    pow.o(i.__softfp_pow) refers to pow.o(i.__hardfp_pow) for __hardfp_pow
    pow.o(i.pow) refers (Special) to iusefp.o(.text) for __I$use$fp
    pow.o(i.pow) refers to pow.o(i.__hardfp_pow) for __hardfp_pow
    pow.o(.constdata) refers (Special) to iusefp.o(.text) for __I$use$fp
    pow_x.o(i.____hardfp_pow$lsc) refers (Special) to iusefp.o(.text) for __I$use$fp
    pow_x.o(i.____hardfp_pow$lsc) refers to dunder.o(i.__mathlib_dbl_infnan2) for __mathlib_dbl_infnan2
    pow_x.o(i.____hardfp_pow$lsc) refers to errno.o(i.__set_errno) for __set_errno
    pow_x.o(i.____hardfp_pow$lsc) refers to ddiv.o(.text) for __aeabi_ddiv
    pow_x.o(i.____hardfp_pow$lsc) refers to sqrt.o(i.sqrt) for sqrt
    pow_x.o(i.____hardfp_pow$lsc) refers to fabs.o(i.fabs) for fabs
    pow_x.o(i.____hardfp_pow$lsc) refers to dflti.o(.text) for __aeabi_i2d
    pow_x.o(i.____hardfp_pow$lsc) refers to dadd.o(.text) for __aeabi_dsub
    pow_x.o(i.____hardfp_pow$lsc) refers to dmul.o(.text) for __aeabi_dmul
    pow_x.o(i.____hardfp_pow$lsc) refers to qnan.o(.constdata) for __mathlib_zero
    pow_x.o(i.____hardfp_pow$lsc) refers to poly.o(i.__kernel_poly) for __kernel_poly
    pow_x.o(i.____hardfp_pow$lsc) refers to pow_x.o(.constdata) for .constdata
    pow_x.o(i.____hardfp_pow$lsc) refers to cdrcmple.o(.text) for __aeabi_cdrcmple
    pow_x.o(i.____hardfp_pow$lsc) refers to dscalb.o(.text) for __ARM_scalbn
    pow_x.o(i.____softfp_pow$lsc) refers (Special) to iusefp.o(.text) for __I$use$fp
    pow_x.o(i.____softfp_pow$lsc) refers to pow_x.o(i.____hardfp_pow$lsc) for ____hardfp_pow$lsc
    pow_x.o(i.__pow$lsc) refers (Special) to iusefp.o(.text) for __I$use$fp
    pow_x.o(i.__pow$lsc) refers to pow_x.o(i.____hardfp_pow$lsc) for ____hardfp_pow$lsc
    pow_x.o(.constdata) refers (Special) to iusefp.o(.text) for __I$use$fp
    powf.o(i.__hardfp_powf) refers (Special) to iusefp.o(.text) for __I$use$fp
    powf.o(i.__hardfp_powf) refers to fpclassifyf.o(i.__ARM_fpclassifyf) for __ARM_fpclassifyf
    powf.o(i.__hardfp_powf) refers to funder.o(i.__mathlib_flt_underflow) for __mathlib_flt_underflow
    powf.o(i.__hardfp_powf) refers to errno.o(i.__set_errno) for __set_errno
    powf.o(i.__hardfp_powf) refers to funder.o(i.__mathlib_flt_overflow) for __mathlib_flt_overflow
    powf.o(i.__hardfp_powf) refers to funder.o(i.__mathlib_flt_invalid) for __mathlib_flt_invalid
    powf.o(i.__hardfp_powf) refers to powf.o(.constdata) for .constdata
    powf.o(i.__hardfp_powf) refers to funder.o(i.__mathlib_flt_infnan2) for __mathlib_flt_infnan2
    powf.o(i.__hardfp_powf) refers to funder.o(i.__mathlib_flt_divzero) for __mathlib_flt_divzero
    powf.o(i.__softfp_powf) refers (Special) to iusefp.o(.text) for __I$use$fp
    powf.o(i.__softfp_powf) refers to powf.o(i.__hardfp_powf) for __hardfp_powf
    powf.o(i.powf) refers (Special) to iusefp.o(.text) for __I$use$fp
    powf.o(i.powf) refers to powf.o(i.__hardfp_powf) for __hardfp_powf
    powf.o(.constdata) refers (Special) to iusefp.o(.text) for __I$use$fp
    powf_x.o(i.____hardfp_powf$lsc) refers (Special) to iusefp.o(.text) for __I$use$fp
    powf_x.o(i.____hardfp_powf$lsc) refers to fpstat.o(.text) for __ieee_status
    powf_x.o(i.____hardfp_powf$lsc) refers to errno.o(i.__set_errno) for __set_errno
    powf_x.o(i.____hardfp_powf$lsc) refers to powf_x.o(.constdata) for .constdata
    powf_x.o(i.____hardfp_powf$lsc) refers to funder.o(i.__mathlib_flt_infnan2) for __mathlib_flt_infnan2
    powf_x.o(i.____softfp_powf$lsc) refers (Special) to iusefp.o(.text) for __I$use$fp
    powf_x.o(i.____softfp_powf$lsc) refers to powf_x.o(i.____hardfp_powf$lsc) for ____hardfp_powf$lsc
    powf_x.o(i.__powf$lsc) refers (Special) to iusefp.o(.text) for __I$use$fp
    powf_x.o(i.__powf$lsc) refers to powf_x.o(i.____hardfp_powf$lsc) for ____hardfp_powf$lsc
    powf_x.o(.constdata) refers (Special) to iusefp.o(.text) for __I$use$fp
    sinf.o(i.__hardfp_sinf) refers (Special) to iusefp.o(.text) for __I$use$fp
    sinf.o(i.__hardfp_sinf) refers to rredf.o(i.__mathlib_rredf2) for __mathlib_rredf2
    sinf.o(i.__hardfp_sinf) refers to fpclassifyf.o(i.__ARM_fpclassifyf) for __ARM_fpclassifyf
    sinf.o(i.__hardfp_sinf) refers to funder.o(i.__mathlib_flt_underflow) for __mathlib_flt_underflow
    sinf.o(i.__hardfp_sinf) refers to errno.o(i.__set_errno) for __set_errno
    sinf.o(i.__hardfp_sinf) refers to funder.o(i.__mathlib_flt_invalid) for __mathlib_flt_invalid
    sinf.o(i.__hardfp_sinf) refers to funder.o(i.__mathlib_flt_infnan) for __mathlib_flt_infnan
    sinf.o(i.__softfp_sinf) refers (Special) to iusefp.o(.text) for __I$use$fp
    sinf.o(i.__softfp_sinf) refers to sinf.o(i.__hardfp_sinf) for __hardfp_sinf
    sinf.o(i.sinf) refers (Special) to iusefp.o(.text) for __I$use$fp
    sinf.o(i.sinf) refers to sinf.o(i.__hardfp_sinf) for __hardfp_sinf
    sinf_x.o(i.____hardfp_sinf$lsc) refers (Special) to iusefp.o(.text) for __I$use$fp
    sinf_x.o(i.____hardfp_sinf$lsc) refers to rredf.o(i.__mathlib_rredf2) for __mathlib_rredf2
    sinf_x.o(i.____hardfp_sinf$lsc) refers to errno.o(i.__set_errno) for __set_errno
    sinf_x.o(i.____hardfp_sinf$lsc) refers to funder.o(i.__mathlib_flt_infnan) for __mathlib_flt_infnan
    sinf_x.o(i.____softfp_sinf$lsc) refers (Special) to iusefp.o(.text) for __I$use$fp
    sinf_x.o(i.____softfp_sinf$lsc) refers to sinf_x.o(i.____hardfp_sinf$lsc) for ____hardfp_sinf$lsc
    sinf_x.o(i.__sinf$lsc) refers (Special) to iusefp.o(.text) for __I$use$fp
    sinf_x.o(i.__sinf$lsc) refers to sinf_x.o(i.____hardfp_sinf$lsc) for ____hardfp_sinf$lsc
    sqrtf.o(i.__hardfp_sqrtf) refers (Special) to iusefp.o(.text) for __I$use$fp
    sqrtf.o(i.__hardfp_sqrtf) refers to errno.o(i.__set_errno) for __set_errno
    sqrtf.o(i.__softfp_sqrtf) refers (Special) to iusefp.o(.text) for __I$use$fp
    sqrtf.o(i.__softfp_sqrtf) refers to errno.o(i.__set_errno) for __set_errno
    sqrtf.o(i.sqrtf) refers (Special) to iusefp.o(.text) for __I$use$fp
    sqrtf.o(i.sqrtf) refers to errno.o(i.__set_errno) for __set_errno
    sqrtf_x.o(i.____hardfp_sqrtf$lsc) refers (Special) to iusefp.o(.text) for __I$use$fp
    sqrtf_x.o(i.____hardfp_sqrtf$lsc) refers to errno.o(i.__set_errno) for __set_errno
    sqrtf_x.o(i.____softfp_sqrtf$lsc) refers (Special) to iusefp.o(.text) for __I$use$fp
    sqrtf_x.o(i.____softfp_sqrtf$lsc) refers to errno.o(i.__set_errno) for __set_errno
    sqrtf_x.o(i.__sqrtf$lsc) refers (Special) to iusefp.o(.text) for __I$use$fp
    sqrtf_x.o(i.__sqrtf$lsc) refers to errno.o(i.__set_errno) for __set_errno
    entry.o(.ARM.Collect$$$$00000000) refers (Special) to entry10a.o(.ARM.Collect$$$$0000000D) for __rt_final_cpp
    entry.o(.ARM.Collect$$$$00000000) refers (Special) to entry11a.o(.ARM.Collect$$$$0000000F) for __rt_final_exit
    entry.o(.ARM.Collect$$$$00000000) refers (Special) to entry7b.o(.ARM.Collect$$$$00000008) for _main_clock
    entry.o(.ARM.Collect$$$$00000000) refers (Special) to entry8b.o(.ARM.Collect$$$$0000000A) for _main_cpp_init
    entry.o(.ARM.Collect$$$$00000000) refers (Special) to entry9a.o(.ARM.Collect$$$$0000000B) for _main_init
    entry.o(.ARM.Collect$$$$00000000) refers (Special) to entry5.o(.ARM.Collect$$$$00000004) for _main_scatterload
    entry.o(.ARM.Collect$$$$00000000) refers (Special) to entry2.o(.ARM.Collect$$$$00000001) for _main_stk
    dadd.o(.text) refers (Special) to iusefp.o(.text) for __I$use$fp
    dadd.o(.text) refers to llshl.o(.text) for __aeabi_llsl
    dadd.o(.text) refers to llsshr.o(.text) for __aeabi_lasr
    dadd.o(.text) refers to depilogue.o(.text) for _double_epilogue
    ddiv.o(.text) refers (Special) to iusefp.o(.text) for __I$use$fp
    ddiv.o(.text) refers to depilogue.o(.text) for _double_round
    dfltui.o(.text) refers (Special) to iusefp.o(.text) for __I$use$fp
    dfltui.o(.text) refers to depilogue.o(.text) for _double_epilogue
    d2f.o(.text) refers (Special) to iusefp.o(.text) for __I$use$fp
    d2f.o(.text) refers to fepilogue.o(.text) for _float_round
    dunder.o(i.__mathlib_dbl_divzero) refers to ddiv.o(.text) for __aeabi_ddiv
    dunder.o(i.__mathlib_dbl_infnan) refers to dadd.o(.text) for __aeabi_dadd
    dunder.o(i.__mathlib_dbl_infnan2) refers to dadd.o(.text) for __aeabi_dadd
    dunder.o(i.__mathlib_dbl_invalid) refers to ddiv.o(.text) for __aeabi_ddiv
    dunder.o(i.__mathlib_dbl_overflow) refers to dmul.o(.text) for __aeabi_dmul
    dunder.o(i.__mathlib_dbl_posinfnan) refers to dmul.o(.text) for __aeabi_dmul
    dunder.o(i.__mathlib_dbl_underflow) refers to dmul.o(.text) for __aeabi_dmul
    fabs.o(i.__hardfp_fabs) refers (Special) to iusefp.o(.text) for __I$use$fp
    fabs.o(i.__softfp_fabs) refers (Special) to iusefp.o(.text) for __I$use$fp
    fabs.o(i.fabs) refers (Special) to iusefp.o(.text) for __I$use$fp
    fpclassify.o(i.__ARM_fpclassify) refers (Special) to iusefp.o(.text) for __I$use$fp
    fpclassifyf.o(i.__ARM_fpclassifyf) refers (Special) to iusefp.o(.text) for __I$use$fp
    poly.o(i.__kernel_poly) refers (Special) to iusefp.o(.text) for __I$use$fp
    poly.o(i.__kernel_poly) refers to dmul.o(.text) for __aeabi_dmul
    poly.o(i.__kernel_poly) refers to dadd.o(.text) for __aeabi_dadd
    qnan.o(.constdata) refers (Special) to iusefp.o(.text) for __I$use$fp
    rredf.o(i.__mathlib_rredf2) refers (Special) to iusefp.o(.text) for __I$use$fp
    rredf.o(i.__mathlib_rredf2) refers to rredf.o(.constdata) for .constdata
    rredf.o(.constdata) refers (Special) to iusefp.o(.text) for __I$use$fp
    sqrt.o(i.__hardfp_sqrt) refers (Special) to iusefp.o(.text) for __I$use$fp
    sqrt.o(i.__hardfp_sqrt) refers to dsqrt.o(.text) for _dsqrt
    sqrt.o(i.__hardfp_sqrt) refers to errno.o(i.__set_errno) for __set_errno
    sqrt.o(i.__softfp_sqrt) refers (Special) to iusefp.o(.text) for __I$use$fp
    sqrt.o(i.__softfp_sqrt) refers to dsqrt.o(.text) for _dsqrt
    sqrt.o(i.__softfp_sqrt) refers to errno.o(i.__set_errno) for __set_errno
    sqrt.o(i.sqrt) refers (Special) to iusefp.o(.text) for __I$use$fp
    sqrt.o(i.sqrt) refers to dsqrt.o(.text) for _dsqrt
    sqrt.o(i.sqrt) refers to errno.o(i.__set_errno) for __set_errno
    sqrt_x.o(i.____hardfp_sqrt$lsc) refers (Special) to iusefp.o(.text) for __I$use$fp
    sqrt_x.o(i.____hardfp_sqrt$lsc) refers to cdcmple.o(.text) for __aeabi_cdcmple
    sqrt_x.o(i.____hardfp_sqrt$lsc) refers to errno.o(i.__set_errno) for __set_errno
    sqrt_x.o(i.____hardfp_sqrt$lsc) refers to dsqrt.o(.text) for _dsqrt
    sqrt_x.o(i.____softfp_sqrt$lsc) refers (Special) to iusefp.o(.text) for __I$use$fp
    sqrt_x.o(i.____softfp_sqrt$lsc) refers to cdcmple.o(.text) for __aeabi_cdcmple
    sqrt_x.o(i.____softfp_sqrt$lsc) refers to errno.o(i.__set_errno) for __set_errno
    sqrt_x.o(i.____softfp_sqrt$lsc) refers to dsqrt.o(.text) for _dsqrt
    sqrt_x.o(i.__sqrt$lsc) refers (Special) to iusefp.o(.text) for __I$use$fp
    sqrt_x.o(i.__sqrt$lsc) refers to cdcmple.o(.text) for __aeabi_cdcmple
    sqrt_x.o(i.__sqrt$lsc) refers to errno.o(i.__set_errno) for __set_errno
    sqrt_x.o(i.__sqrt$lsc) refers to dsqrt.o(.text) for _dsqrt
    entry2.o(.ARM.Collect$$$$00000001) refers to entry2.o(.ARM.Collect$$$$00002712) for __lit__00000000
    entry2.o(.ARM.Collect$$$$00002712) refers to startup_stm32f4xx.o(STACK) for __initial_sp
    entry2.o(__vectab_stack_and_reset_area) refers to startup_stm32f4xx.o(STACK) for __initial_sp
    entry2.o(__vectab_stack_and_reset_area) refers to entry.o(.ARM.Collect$$$$00000000) for __main
    entry5.o(.ARM.Collect$$$$00000004) refers to init.o(.text) for __scatterload
    entry9a.o(.ARM.Collect$$$$0000000B) refers to igrf_testbench.o(i.main) for main
    entry9b.o(.ARM.Collect$$$$0000000C) refers to igrf_testbench.o(i.main) for main
    errno.o(i.__aeabi_errno_addr) refers to errno.o(.data) for .data
    errno.o(i.__read_errno) refers to errno.o(.data) for .data
    errno.o(i.__set_errno) refers to errno.o(.data) for .data
    depilogue.o(.text) refers to llshl.o(.text) for __aeabi_llsl
    depilogue.o(.text) refers to llushr.o(.text) for __aeabi_llsr
    dmul.o(.text) refers to depilogue.o(.text) for _double_epilogue
    dflti.o(.text) refers to depilogue.o(.text) for _double_epilogue
    init.o(.text) refers to entry5.o(.ARM.Collect$$$$00000004) for __main_after_scatterload
    dsqrt.o(.text) refers to llushr.o(.text) for __aeabi_llsr
    dsqrt.o(.text) refers to depilogue.o(.text) for _double_round


==============================================================================

Removing Unused input sections from the image.

    Removing stm32f4xx_it.o(.emb_text), (8 bytes).
    Removing system_stm32f4xx.o(.emb_text), (8 bytes).
    Removing system_stm32f4xx.o(i.SystemCoreClockUpdate), (120 bytes).
    Removing system_stm32f4xx.o(.data), (20 bytes).
    Removing ekf_var.o(.emb_text), (8 bytes).
    Removing ekf_var.o(.bss), (36 bytes).
    Removing ekf_var.o(.bss), (12 bytes).
    Removing ekf_var.o(.bss), (196 bytes).
    Removing ekf_var.o(.bss), (12 bytes).
    Removing ekf_var.o(.bss), (16 bytes).
    Removing ekf_var.o(.bss), (16 bytes).
    Removing ekf_var.o(.bss), (36 bytes).
    Removing ekf_var.o(.bss), (24 bytes).
    Removing ekf_var.o(.bss), (24 bytes).
    Removing ekf_var.o(.bss), (12 bytes).
    Removing ekf_var.o(.bss), (12 bytes).
    Removing ekf_var.o(.bss), (12 bytes).
    Removing ekf_var.o(.bss), (36 bytes).
    Removing ekf_var.o(.constdata), (324 bytes).
    Removing ekf_var.o(.constdata), (108 bytes).
    Removing ekf_var.o(.constdata), (324 bytes).
    Removing ekf_var.o(.constdata), (36 bytes).
    Removing ekf_var.o(.constdata), (12 bytes).
    Removing ekf_var.o(.constdata), (4 bytes).
    Removing ekf_var.o(.constdata), (4 bytes).
    Removing ekf_var.o(.constdata), (4 bytes).
    Removing ekf_var.o(.constdata), (144 bytes).
    Removing ekf_var.o(.constdata), (28 bytes).
    Removing ekf_var.o(.constdata), (24 bytes).
    Removing ekf_var.o(.data), (36 bytes).
    Removing ekf_var.o(.data), (324 bytes).
    Removing ekf_var.o(.data), (4 bytes).
    Removing ekf_var.o(.data), (4 bytes).
    Removing ekf_var.o(.data), (4 bytes).
    Removing ekf_var.o(.data), (168 bytes).
    Removing ekf_var.o(.data), (196 bytes).
    Removing ekf_var.o(.data), (196 bytes).
    Removing ekf_var.o(.data), (4 bytes).
    Removing ekf_var.o(.data), (4 bytes).
    Removing ekf_var.o(.data), (4 bytes).
    Removing ekf_init.o(.emb_text), (8 bytes).
    Removing ekf_init.o(i.init_att), (236 bytes).
    Removing ekf_init.o(i.init_igrf), (100 bytes).
    Removing ekf_init.o(i.init_pf), (236 bytes).
    Removing ekf_init.o(.data), (184 bytes).
    Removing ekf_tmp.o(.emb_text), (8 bytes).
    Removing ekf_tmp.o(i.att_ekf_tmp_init), (328 bytes).
    Removing ekf_tmp.o(i.pf_ekf_tmp_init), (332 bytes).
    Removing ekf_tmp.o(.bss), (4788 bytes).
    Removing ekf_tmp.o(.data), (824 bytes).
    Removing filters.o(.emb_text), (8 bytes).
    Removing filters.o(i.att_filter), (1124 bytes).
    Removing filters.o(i.prefilter), (304 bytes).
    Removing igrf.o(.emb_text), (8 bytes).
    Removing igrf_data.o(.emb_text), (8 bytes).
    Removing igrf_data.o(.data), (4 bytes).
    Removing igrf_data.o(.data), (4 bytes).
    Removing igrf_data.o(.data), (4 bytes).
    Removing e_time.o(.emb_text), (8 bytes).
    Removing igrf_testbench.o(.emb_text), (8 bytes).
    Removing arm_mat_init_f32.o(.emb_text), (8 bytes).
    Removing arm_mat_init_f32.o(i.arm_mat_init_f32), (8 bytes).
    Removing arm_mat_add_f32.o(.emb_text), (8 bytes).
    Removing arm_mat_add_f32.o(i.arm_mat_add_f32), (128 bytes).
    Removing stm32f4_discovery.o(.emb_text), (8 bytes).
    Removing stm32f4_discovery.o(i.STM_EVAL_LEDOff), (24 bytes).
    Removing stm32f4_discovery.o(i.STM_EVAL_PBGetState), (24 bytes).
    Removing stm32f4_discovery.o(i.STM_EVAL_PBInit), (152 bytes).
    Removing stm32f4_discovery.o(.data), (4 bytes).
    Removing stm32f4xx_rcc.o(.emb_text), (8 bytes).
    Removing stm32f4xx_rcc.o(i.RCC_AHB1PeriphClockLPModeCmd), (68 bytes).
    Removing stm32f4xx_rcc.o(i.RCC_AHB1PeriphResetCmd), (68 bytes).
    Removing stm32f4xx_rcc.o(i.RCC_AHB2PeriphClockCmd), (64 bytes).
    Removing stm32f4xx_rcc.o(i.RCC_AHB2PeriphClockLPModeCmd), (64 bytes).
    Removing stm32f4xx_rcc.o(i.RCC_AHB2PeriphResetCmd), (64 bytes).
    Removing stm32f4xx_rcc.o(i.RCC_AHB3PeriphClockCmd), (64 bytes).
    Removing stm32f4xx_rcc.o(i.RCC_AHB3PeriphClockLPModeCmd), (64 bytes).
    Removing stm32f4xx_rcc.o(i.RCC_AHB3PeriphResetCmd), (64 bytes).
    Removing stm32f4xx_rcc.o(i.RCC_APB1PeriphClockCmd), (68 bytes).
    Removing stm32f4xx_rcc.o(i.RCC_APB1PeriphClockLPModeCmd), (68 bytes).
    Removing stm32f4xx_rcc.o(i.RCC_APB1PeriphResetCmd), (68 bytes).
    Removing stm32f4xx_rcc.o(i.RCC_APB2PeriphClockCmd), (68 bytes).
    Removing stm32f4xx_rcc.o(i.RCC_APB2PeriphClockLPModeCmd), (68 bytes).
    Removing stm32f4xx_rcc.o(i.RCC_APB2PeriphResetCmd), (68 bytes).
    Removing stm32f4xx_rcc.o(i.RCC_AdjustHSICalibrationValue), (44 bytes).
    Removing stm32f4xx_rcc.o(i.RCC_BackupResetCmd), (36 bytes).
    Removing stm32f4xx_rcc.o(i.RCC_ClearFlag), (16 bytes).
    Removing stm32f4xx_rcc.o(i.RCC_ClearITPendingBit), (36 bytes).
    Removing stm32f4xx_rcc.o(i.RCC_ClockSecuritySystemCmd), (36 bytes).
    Removing stm32f4xx_rcc.o(i.RCC_DeInit), (60 bytes).
    Removing stm32f4xx_rcc.o(i.RCC_GetClocksFreq), (144 bytes).
    Removing stm32f4xx_rcc.o(i.RCC_GetFlagStatus), (120 bytes).
    Removing stm32f4xx_rcc.o(i.RCC_GetITStatus), (68 bytes).
    Removing stm32f4xx_rcc.o(i.RCC_GetSYSCLKSource), (16 bytes).
    Removing stm32f4xx_rcc.o(i.RCC_HCLKConfig), (72 bytes).
    Removing stm32f4xx_rcc.o(i.RCC_HSEConfig), (40 bytes).
    Removing stm32f4xx_rcc.o(i.RCC_HSICmd), (36 bytes).
    Removing stm32f4xx_rcc.o(i.RCC_I2SCLKConfig), (36 bytes).
    Removing stm32f4xx_rcc.o(i.RCC_ITConfig), (64 bytes).
    Removing stm32f4xx_rcc.o(i.RCC_LSEConfig), (60 bytes).
    Removing stm32f4xx_rcc.o(i.RCC_LSICmd), (36 bytes).
    Removing stm32f4xx_rcc.o(i.RCC_MCO1Config), (96 bytes).
    Removing stm32f4xx_rcc.o(i.RCC_MCO2Config), (96 bytes).
    Removing stm32f4xx_rcc.o(i.RCC_PCLK1Config), (64 bytes).
    Removing stm32f4xx_rcc.o(i.RCC_PCLK2Config), (64 bytes).
    Removing stm32f4xx_rcc.o(i.RCC_PLLCmd), (36 bytes).
    Removing stm32f4xx_rcc.o(i.RCC_PLLConfig), (152 bytes).
    Removing stm32f4xx_rcc.o(i.RCC_PLLI2SCmd), (36 bytes).
    Removing stm32f4xx_rcc.o(i.RCC_PLLI2SConfig), (60 bytes).
    Removing stm32f4xx_rcc.o(i.RCC_RTCCLKCmd), (36 bytes).
    Removing stm32f4xx_rcc.o(i.RCC_RTCCLKConfig), (380 bytes).
    Removing stm32f4xx_rcc.o(i.RCC_SYSCLKConfig), (48 bytes).
    Removing stm32f4xx_rcc.o(i.RCC_WaitForHSEStartUp), (44 bytes).
    Removing stm32f4xx_rcc.o(.data), (16 bytes).
    Removing misc.o(.emb_text), (8 bytes).
    Removing misc.o(i.NVIC_Init), (208 bytes).
    Removing misc.o(i.NVIC_PriorityGroupConfig), (120 bytes).
    Removing misc.o(i.NVIC_SetVectorTable), (124 bytes).
    Removing misc.o(i.NVIC_SystemLPConfig), (120 bytes).
    Removing misc.o(i.SysTick_CLKSourceConfig), (100 bytes).
    Removing stm32f4xx_gpio.o(.emb_text), (8 bytes).
    Removing stm32f4xx_gpio.o(i.GPIO_DeInit), (288 bytes).
    Removing stm32f4xx_gpio.o(i.GPIO_PinAFConfig), (284 bytes).
    Removing stm32f4xx_gpio.o(i.GPIO_PinLockConfig), (152 bytes).
    Removing stm32f4xx_gpio.o(i.GPIO_ReadInputData), (116 bytes).
    Removing stm32f4xx_gpio.o(i.GPIO_ReadInputDataBit), (216 bytes).
    Removing stm32f4xx_gpio.o(i.GPIO_ReadOutputData), (116 bytes).
    Removing stm32f4xx_gpio.o(i.GPIO_ReadOutputDataBit), (216 bytes).
    Removing stm32f4xx_gpio.o(i.GPIO_ResetBits), (128 bytes).
    Removing stm32f4xx_gpio.o(i.GPIO_SetBits), (128 bytes).
    Removing stm32f4xx_gpio.o(i.GPIO_StructInit), (18 bytes).
    Removing stm32f4xx_gpio.o(i.GPIO_ToggleBits), (120 bytes).
    Removing stm32f4xx_gpio.o(i.GPIO_Write), (116 bytes).
    Removing stm32f4xx_gpio.o(i.GPIO_WriteBit), (228 bytes).
    Removing stm32f4xx_syscfg.o(.emb_text), (8 bytes).
    Removing stm32f4xx_syscfg.o(i.SYSCFG_CompensationCellCmd), (32 bytes).
    Removing stm32f4xx_syscfg.o(i.SYSCFG_DeInit), (24 bytes).
    Removing stm32f4xx_syscfg.o(i.SYSCFG_ETH_MediaInterfaceConfig), (36 bytes).
    Removing stm32f4xx_syscfg.o(i.SYSCFG_EXTILineConfig), (168 bytes).
    Removing stm32f4xx_syscfg.o(i.SYSCFG_GetCompensationCellStatus), (20 bytes).
    Removing stm32f4xx_syscfg.o(i.SYSCFG_MemoryRemapConfig), (40 bytes).
    Removing stm32f4xx_syscfg.o(.conststring), (72 bytes).
    Removing stm32f4xx_exti.o(.emb_text), (8 bytes).
    Removing stm32f4xx_exti.o(i.EXTI_ClearFlag), (32 bytes).
    Removing stm32f4xx_exti.o(i.EXTI_DeInit), (36 bytes).
    Removing stm32f4xx_exti.o(i.EXTI_GenerateSWInterrupt), (36 bytes).
    Removing stm32f4xx_exti.o(i.EXTI_GetFlagStatus), (160 bytes).
    Removing stm32f4xx_exti.o(i.EXTI_Init), (188 bytes).
    Removing stm32f4xx_exti.o(i.EXTI_StructInit), (14 bytes).
    Removing startup_stm32f4xx.o(HEAP), (512 bytes).
    Removing arm_mat_inverse_f32.o(.emb_text), (8 bytes).
    Removing arm_mat_inverse_f32.o(.text), (1042 bytes).
    Removing arm_mat_mult_f32.o(.emb_text), (8 bytes).
    Removing arm_mat_mult_f32.o(.text), (308 bytes).
    Removing arm_mat_scale_f32.o(.emb_text), (8 bytes).
    Removing arm_mat_scale_f32.o(.text), (290 bytes).
    Removing arm_mat_sub_f32.o(.emb_text), (8 bytes).
    Removing arm_mat_sub_f32.o(.text), (358 bytes).
    Removing arm_mat_trans_f32.o(.emb_text), (8 bytes).
    Removing arm_mat_trans_f32.o(.text), (276 bytes).
    Removing dneg.o(.text), (6 bytes).
    Removing fpstat.o(.text), (4 bytes).
    Removing cdcmple.o(.text), (48 bytes).

163 unused section(s) (total 21008 bytes) removed from the image.

==============================================================================

Image Symbol Table

    Local Symbols

    Symbol Name                              Value     Ov Type        Size  Object(Section)

    ../clib/../cmprslib/lz77c.c              0x00000000   Number         0  __dclz77c.o ABSOLUTE
    ../clib/microlib/errno.c                 0x00000000   Number         0  errno.o ABSOLUTE
    ../clib/microlib/init/entry.s            0x00000000   Number         0  entry10b.o ABSOLUTE
    ../clib/microlib/init/entry.s            0x00000000   Number         0  entry11b.o ABSOLUTE
    ../clib/microlib/init/entry.s            0x00000000   Number         0  entry7b.o ABSOLUTE
    ../clib/microlib/init/entry.s            0x00000000   Number         0  entry7a.o ABSOLUTE
    ../clib/microlib/init/entry.s            0x00000000   Number         0  entry8b.o ABSOLUTE
    ../clib/microlib/init/entry.s            0x00000000   Number         0  entry11a.o ABSOLUTE
    ../clib/microlib/init/entry.s            0x00000000   Number         0  entry8a.o ABSOLUTE
    ../clib/microlib/init/entry.s            0x00000000   Number         0  entry10a.o ABSOLUTE
    ../clib/microlib/init/entry.s            0x00000000   Number         0  entry9b.o ABSOLUTE
    ../clib/microlib/init/entry.s            0x00000000   Number         0  entry5.o ABSOLUTE
    ../clib/microlib/init/entry.s            0x00000000   Number         0  entry9a.o ABSOLUTE
    ../clib/microlib/init/entry.s            0x00000000   Number         0  entry2.o ABSOLUTE
    ../clib/microlib/init/entry.s            0x00000000   Number         0  entry.o ABSOLUTE
    ../clib/microlib/longlong.c              0x00000000   Number         0  llsshr.o ABSOLUTE
    ../clib/microlib/longlong.c              0x00000000   Number         0  llshl.o ABSOLUTE
    ../clib/microlib/longlong.c              0x00000000   Number         0  llushr.o ABSOLUTE
    ../clib/microlib/stubs.s                 0x00000000   Number         0  iusefp.o ABSOLUTE
    ../fplib/microlib/d2f.c                  0x00000000   Number         0  d2f.o ABSOLUTE
    ../fplib/microlib/fpadd.c                0x00000000   Number         0  dadd.o ABSOLUTE
    ../fplib/microlib/fpdiv.c                0x00000000   Number         0  ddiv.o ABSOLUTE
    ../fplib/microlib/fpepilogue.c           0x00000000   Number         0  fepilogue.o ABSOLUTE
    ../fplib/microlib/fpepilogue.c           0x00000000   Number         0  depilogue.o ABSOLUTE
    ../fplib/microlib/fpflt.c                0x00000000   Number         0  dflti.o ABSOLUTE
    ../fplib/microlib/fpflt.c                0x00000000   Number         0  dfltui.o ABSOLUTE
    ../fplib/microlib/fpmul.c                0x00000000   Number         0  dmul.o ABSOLUTE
    ../fplib/microlib/fpneg.c                0x00000000   Number         0  dneg.o ABSOLUTE
    ../fplib/microlib/fpscalb.c              0x00000000   Number         0  dscalb.o ABSOLUTE
    ../fplib/microlib/fpsqrt.c               0x00000000   Number         0  dsqrt.o ABSOLUTE
    ../fplib/microlib/fpstat.c               0x00000000   Number         0  fpstat.o ABSOLUTE
    ../mathlib/cosf.c                        0x00000000   Number         0  cosf.o ABSOLUTE
    ../mathlib/cosf.c                        0x00000000   Number         0  cosf_x.o ABSOLUTE
    ../mathlib/dunder.c                      0x00000000   Number         0  dunder.o ABSOLUTE
    ../mathlib/fabs.c                        0x00000000   Number         0  fabs.o ABSOLUTE
    ../mathlib/fpclassify.c                  0x00000000   Number         0  fpclassify.o ABSOLUTE
    ../mathlib/fpclassifyf.c                 0x00000000   Number         0  fpclassifyf.o ABSOLUTE
    ../mathlib/funder.c                      0x00000000   Number         0  funder.o ABSOLUTE
    ../mathlib/poly.c                        0x00000000   Number         0  poly.o ABSOLUTE
    ../mathlib/pow.c                         0x00000000   Number         0  pow.o ABSOLUTE
    ../mathlib/pow.c                         0x00000000   Number         0  pow_x.o ABSOLUTE
    ../mathlib/powf.c                        0x00000000   Number         0  powf.o ABSOLUTE
    ../mathlib/powf.c                        0x00000000   Number         0  powf_x.o ABSOLUTE
    ../mathlib/qnan.c                        0x00000000   Number         0  qnan.o ABSOLUTE
    ../mathlib/rredf.c                       0x00000000   Number         0  rredf.o ABSOLUTE
    ../mathlib/sinf.c                        0x00000000   Number         0  sinf_x.o ABSOLUTE
    ../mathlib/sinf.c                        0x00000000   Number         0  sinf.o ABSOLUTE
    ../mathlib/sqrt.c                        0x00000000   Number         0  sqrt.o ABSOLUTE
    ../mathlib/sqrt.c                        0x00000000   Number         0  sqrt_x.o ABSOLUTE
    ../mathlib/sqrtf.c                       0x00000000   Number         0  sqrtf.o ABSOLUTE
    ../mathlib/sqrtf.c                       0x00000000   Number         0  sqrtf_x.o ABSOLUTE
    ..\..\..\..\Libraries\CMSIS\DSP_Lib\Source\MatrixFunctions\arm_mat_add_f32.c 0x00000000   Number         0  arm_mat_add_f32.o ABSOLUTE
    ..\..\..\..\Libraries\CMSIS\DSP_Lib\Source\MatrixFunctions\arm_mat_init_f32.c 0x00000000   Number         0  arm_mat_init_f32.o ABSOLUTE
    ..\..\..\..\Libraries\CMSIS\ST\STM32F4xx\Source\Templates\arm\startup_stm32f4xx.s 0x00000000   Number         0  startup_stm32f4xx.o ABSOLUTE
    ..\..\..\..\Libraries\STM32F4xx_StdPeriph_Driver\src\misc.c 0x00000000   Number         0  misc.o ABSOLUTE
    ..\..\..\..\Libraries\STM32F4xx_StdPeriph_Driver\src\stm32f4xx_exti.c 0x00000000   Number         0  stm32f4xx_exti.o ABSOLUTE
    ..\..\..\..\Libraries\STM32F4xx_StdPeriph_Driver\src\stm32f4xx_gpio.c 0x00000000   Number         0  stm32f4xx_gpio.o ABSOLUTE
    ..\..\..\..\Libraries\STM32F4xx_StdPeriph_Driver\src\stm32f4xx_rcc.c 0x00000000   Number         0  stm32f4xx_rcc.o ABSOLUTE
    ..\..\..\..\Libraries\STM32F4xx_StdPeriph_Driver\src\stm32f4xx_syscfg.c 0x00000000   Number         0  stm32f4xx_syscfg.o ABSOLUTE
    ..\..\..\..\Utilities\STM32F4-Discovery\stm32f4_discovery.c 0x00000000   Number         0  stm32f4_discovery.o ABSOLUTE
    ..\MatrixFunctions\arm_mat_inverse_f32.c 0x00000000   Number         0  arm_mat_inverse_f32.o ABSOLUTE
    ..\MatrixFunctions\arm_mat_mult_f32.c    0x00000000   Number         0  arm_mat_mult_f32.o ABSOLUTE
    ..\MatrixFunctions\arm_mat_scale_f32.c   0x00000000   Number         0  arm_mat_scale_f32.o ABSOLUTE
    ..\MatrixFunctions\arm_mat_sub_f32.c     0x00000000   Number         0  arm_mat_sub_f32.o ABSOLUTE
    ..\MatrixFunctions\arm_mat_trans_f32.c   0x00000000   Number         0  arm_mat_trans_f32.o ABSOLUTE
    ..\\..\\..\\..\\Libraries\\CMSIS\\DSP_Lib\\Source\\MatrixFunctions\\arm_mat_add_f32.c 0x00000000   Number         0  arm_mat_add_f32.o ABSOLUTE
    ..\\..\\..\\..\\Libraries\\CMSIS\\DSP_Lib\\Source\\MatrixFunctions\\arm_mat_init_f32.c 0x00000000   Number         0  arm_mat_init_f32.o ABSOLUTE
    ..\\..\\..\\..\\Libraries\\STM32F4xx_StdPeriph_Driver\\src\\misc.c 0x00000000   Number         0  misc.o ABSOLUTE
    ..\\..\\..\\..\\Libraries\\STM32F4xx_StdPeriph_Driver\\src\\stm32f4xx_exti.c 0x00000000   Number         0  stm32f4xx_exti.o ABSOLUTE
    ..\\..\\..\\..\\Libraries\\STM32F4xx_StdPeriph_Driver\\src\\stm32f4xx_gpio.c 0x00000000   Number         0  stm32f4xx_gpio.o ABSOLUTE
    ..\\..\\..\\..\\Libraries\\STM32F4xx_StdPeriph_Driver\\src\\stm32f4xx_rcc.c 0x00000000   Number         0  stm32f4xx_rcc.o ABSOLUTE
    ..\\..\\..\\..\\Libraries\\STM32F4xx_StdPeriph_Driver\\src\\stm32f4xx_syscfg.c 0x00000000   Number         0  stm32f4xx_syscfg.o ABSOLUTE
    ..\\..\\..\\..\\Utilities\\STM32F4-Discovery\\stm32f4_discovery.c 0x00000000   Number         0  stm32f4_discovery.o ABSOLUTE
    ..\\MatrixFunctions\\arm_mat_inverse_f32.c 0x00000000   Number         0  arm_mat_inverse_f32.o ABSOLUTE
    ..\\MatrixFunctions\\arm_mat_mult_f32.c  0x00000000   Number         0  arm_mat_mult_f32.o ABSOLUTE
    ..\\MatrixFunctions\\arm_mat_scale_f32.c 0x00000000   Number         0  arm_mat_scale_f32.o ABSOLUTE
    ..\\MatrixFunctions\\arm_mat_sub_f32.c   0x00000000   Number         0  arm_mat_sub_f32.o ABSOLUTE
    ..\\MatrixFunctions\\arm_mat_trans_f32.c 0x00000000   Number         0  arm_mat_trans_f32.o ABSOLUTE
    ..\\igrf_testbench.c                     0x00000000   Number         0  igrf_testbench.o ABSOLUTE
    ..\\stm32f4xx_it.c                       0x00000000   Number         0  stm32f4xx_it.o ABSOLUTE
    ..\\system_stm32f4xx.c                   0x00000000   Number         0  system_stm32f4xx.o ABSOLUTE
    ..\\user\\source\\e_time.c               0x00000000   Number         0  e_time.o ABSOLUTE
    ..\\user\\source\\ekf_init.c             0x00000000   Number         0  ekf_init.o ABSOLUTE
    ..\\user\\source\\ekf_tmp.c              0x00000000   Number         0  ekf_tmp.o ABSOLUTE
    ..\\user\\source\\ekf_var.c              0x00000000   Number         0  ekf_var.o ABSOLUTE
    ..\\user\\source\\filters.c              0x00000000   Number         0  filters.o ABSOLUTE
    ..\\user\\source\\igrf.c                 0x00000000   Number         0  igrf.o ABSOLUTE
    ..\\user\\source\\igrf_data.c            0x00000000   Number         0  igrf_data.o ABSOLUTE
    ..\igrf_testbench.c                      0x00000000   Number         0  igrf_testbench.o ABSOLUTE
    ..\stm32f4xx_it.c                        0x00000000   Number         0  stm32f4xx_it.o ABSOLUTE
    ..\system_stm32f4xx.c                    0x00000000   Number         0  system_stm32f4xx.o ABSOLUTE
    ..\user\source\e_time.c                  0x00000000   Number         0  e_time.o ABSOLUTE
    ..\user\source\ekf_init.c                0x00000000   Number         0  ekf_init.o ABSOLUTE
    ..\user\source\ekf_tmp.c                 0x00000000   Number         0  ekf_tmp.o ABSOLUTE
    ..\user\source\ekf_var.c                 0x00000000   Number         0  ekf_var.o ABSOLUTE
    ..\user\source\filters.c                 0x00000000   Number         0  filters.o ABSOLUTE
    ..\user\source\igrf.c                    0x00000000   Number         0  igrf.o ABSOLUTE
    ..\user\source\igrf_data.c               0x00000000   Number         0  igrf_data.o ABSOLUTE
    cdcmple.s                                0x00000000   Number         0  cdcmple.o ABSOLUTE
    cdrcmple.s                               0x00000000   Number         0  cdrcmple.o ABSOLUTE
    dc.s                                     0x00000000   Number         0  dc.o ABSOLUTE
    handlers.s                               0x00000000   Number         0  handlers.o ABSOLUTE
    init.s                                   0x00000000   Number         0  init.o ABSOLUTE
    RESET                                    0x08000000   Section      392  startup_stm32f4xx.o(RESET)
    .ARM.Collect$$$$00000000                 0x08000188   Section        0  entry.o(.ARM.Collect$$$$00000000)
    .ARM.Collect$$$$00000001                 0x08000188   Section        4  entry2.o(.ARM.Collect$$$$00000001)
    .ARM.Collect$$$$00000004                 0x0800018c   Section        4  entry5.o(.ARM.Collect$$$$00000004)
    .ARM.Collect$$$$00000008                 0x08000190   Section        0  entry7b.o(.ARM.Collect$$$$00000008)
    .ARM.Collect$$$$0000000A                 0x08000190   Section        0  entry8b.o(.ARM.Collect$$$$0000000A)
    .ARM.Collect$$$$0000000B                 0x08000190   Section        8  entry9a.o(.ARM.Collect$$$$0000000B)
    .ARM.Collect$$$$0000000D                 0x08000198   Section        0  entry10a.o(.ARM.Collect$$$$0000000D)
    .ARM.Collect$$$$0000000F                 0x08000198   Section        0  entry11a.o(.ARM.Collect$$$$0000000F)
    .ARM.Collect$$$$00002712                 0x08000198   Section        4  entry2.o(.ARM.Collect$$$$00002712)
    __lit__00000000                          0x08000198   Data           4  entry2.o(.ARM.Collect$$$$00002712)
    .text                                    0x0800019c   Section       36  startup_stm32f4xx.o(.text)
    $v0                                      0x0800019c   Number         0  startup_stm32f4xx.o(.text)
    .text                                    0x080001c0   Section        0  dadd.o(.text)
    .text                                    0x0800030e   Section        0  ddiv.o(.text)
    .text                                    0x080003ec   Section        0  dfltui.o(.text)
    .text                                    0x08000406   Section        0  d2f.o(.text)
    .text                                    0x0800043e   Section        0  llshl.o(.text)
    .text                                    0x0800045c   Section        0  llsshr.o(.text)
    .text                                    0x08000480   Section        0  iusefp.o(.text)
    .text                                    0x08000480   Section        0  fepilogue.o(.text)
    .text                                    0x080004ee   Section        0  depilogue.o(.text)
    .text                                    0x080005a8   Section        0  dmul.o(.text)
    .text                                    0x0800068c   Section        0  dscalb.o(.text)
    .text                                    0x080006ba   Section        0  dflti.o(.text)
    .text                                    0x080006dc   Section       48  cdrcmple.o(.text)
    .text                                    0x0800070c   Section       36  init.o(.text)
    .text                                    0x08000730   Section        0  llushr.o(.text)
    .text                                    0x08000750   Section        0  dsqrt.o(.text)
    .text                                    0x080007f2   Section        0  __dclz77c.o(.text)
    i.BusFault_Handler                       0x08000850   Section        0  stm32f4xx_it.o(i.BusFault_Handler)
    i.DebugMon_Handler                       0x08000852   Section        0  stm32f4xx_it.o(i.DebugMon_Handler)
    i.Delay                                  0x08000854   Section        0  igrf_testbench.o(i.Delay)
    i.EXTI0_IRQHandler                       0x08000860   Section        0  stm32f4xx_it.o(i.EXTI0_IRQHandler)
    i.EXTI_ClearITPendingBit                 0x08000884   Section        0  stm32f4xx_exti.o(i.EXTI_ClearITPendingBit)
    i.EXTI_GetITStatus                       0x080008a8   Section        0  stm32f4xx_exti.o(i.EXTI_GetITStatus)
    i.GPIO_Init                              0x08000954   Section        0  stm32f4xx_gpio.o(i.GPIO_Init)
    i.HardFault_Handler                      0x08000aa4   Section        0  stm32f4xx_it.o(i.HardFault_Handler)
    i.MemManage_Handler                      0x08000aa6   Section        0  stm32f4xx_it.o(i.MemManage_Handler)
    i.NMI_Handler                            0x08000aa8   Section        0  stm32f4xx_it.o(i.NMI_Handler)
    i.PendSV_Handler                         0x08000aaa   Section        0  stm32f4xx_it.o(i.PendSV_Handler)
    i.RCC_AHB1PeriphClockCmd                 0x08000aac   Section        0  stm32f4xx_rcc.o(i.RCC_AHB1PeriphClockCmd)
    i.STM_EVAL_LEDInit                       0x08000af0   Section        0  stm32f4_discovery.o(i.STM_EVAL_LEDInit)
    i.STM_EVAL_LEDOn                         0x08000b38   Section        0  stm32f4_discovery.o(i.STM_EVAL_LEDOn)
    i.STM_EVAL_LEDToggle                     0x08000b50   Section        0  stm32f4_discovery.o(i.STM_EVAL_LEDToggle)
    i.SVC_Handler                            0x08000b6c   Section        0  stm32f4xx_it.o(i.SVC_Handler)
    i.SetSysClock                            0x08000b70   Section        0  system_stm32f4xx.o(i.SetSysClock)
    SetSysClock                              0x08000b71   Thumb Code   162  system_stm32f4xx.o(i.SetSysClock)
    i.SysTick_Handler                        0x08000c24   Section        0  stm32f4xx_it.o(i.SysTick_Handler)
    i.SystemInit                             0x08000c28   Section        0  system_stm32f4xx.o(i.SystemInit)
    i.UsageFault_Handler                     0x08000c78   Section        0  stm32f4xx_it.o(i.UsageFault_Handler)
    i.__ARM_fpclassify                       0x08000c7a   Section        0  fpclassify.o(i.__ARM_fpclassify)
    i.__ARM_fpclassifyf                      0x08000caa   Section        0  fpclassifyf.o(i.__ARM_fpclassifyf)
    i.__hardfp_cosf                          0x08000cd0   Section        0  cosf.o(i.__hardfp_cosf)
    i.__hardfp_pow                           0x08000e20   Section        0  pow.o(i.__hardfp_pow)
    i.__hardfp_powf                          0x08001a58   Section        0  powf.o(i.__hardfp_powf)
    i.__hardfp_sinf                          0x08002064   Section        0  sinf.o(i.__hardfp_sinf)
    i.__hardfp_sqrtf                         0x080021f4   Section        0  sqrtf.o(i.__hardfp_sqrtf)
    i.__kernel_poly                          0x0800222e   Section        0  poly.o(i.__kernel_poly)
    i.__mathlib_dbl_divzero                  0x08002328   Section        0  dunder.o(i.__mathlib_dbl_divzero)
    i.__mathlib_dbl_infnan2                  0x08002358   Section        0  dunder.o(i.__mathlib_dbl_infnan2)
    i.__mathlib_dbl_invalid                  0x08002370   Section        0  dunder.o(i.__mathlib_dbl_invalid)
    i.__mathlib_dbl_overflow                 0x08002390   Section        0  dunder.o(i.__mathlib_dbl_overflow)
    i.__mathlib_dbl_underflow                0x080023b0   Section        0  dunder.o(i.__mathlib_dbl_underflow)
    i.__mathlib_flt_divzero                  0x080023d0   Section        0  funder.o(i.__mathlib_flt_divzero)
    i.__mathlib_flt_infnan                   0x080023e4   Section        0  funder.o(i.__mathlib_flt_infnan)
    i.__mathlib_flt_infnan2                  0x080023ea   Section        0  funder.o(i.__mathlib_flt_infnan2)
    i.__mathlib_flt_invalid                  0x080023f0   Section        0  funder.o(i.__mathlib_flt_invalid)
    i.__mathlib_flt_overflow                 0x08002400   Section        0  funder.o(i.__mathlib_flt_overflow)
    i.__mathlib_flt_underflow                0x08002410   Section        0  funder.o(i.__mathlib_flt_underflow)
    i.__mathlib_rredf2                       0x08002420   Section        0  rredf.o(i.__mathlib_rredf2)
    i.__scatterload_copy                     0x08002574   Section       14  handlers.o(i.__scatterload_copy)
    i.__scatterload_null                     0x08002582   Section        2  handlers.o(i.__scatterload_null)
    i.__scatterload_zeroinit                 0x08002584   Section       14  handlers.o(i.__scatterload_zeroinit)
    i.__set_errno                            0x08002594   Section        0  errno.o(i.__set_errno)
    i.assert_failed                          0x080025a0   Section        0  igrf_testbench.o(i.assert_failed)
    i.cortexm4f_enable_fpu                   0x080025a4   Section        0  igrf_testbench.o(i.cortexm4f_enable_fpu)
    i.countLeapYears                         0x080025b4   Section        0  e_time.o(i.countLeapYears)
    i.e_time                                 0x080025d4   Section        0  e_time.o(i.e_time)
    i.fabs                                   0x08002648   Section        0  fabs.o(i.fabs)
    i.igrf                                   0x08002660   Section        0  igrf.o(i.igrf)
    i.main                                   0x08002b3c   Section        0  igrf_testbench.o(i.main)
    i.sqrt                                   0x08002b98   Section        0  sqrt.o(i.sqrt)
    .constdata                               0x08002c08   Section       12  igrf.o(.constdata)
    .constdata                               0x08002c14   Section       48  e_time.o(.constdata)
    .constdata                               0x08002c44   Section       36  stm32f4_discovery.o(.constdata)
    .constdata                               0x08002c68   Section      136  pow.o(.constdata)
    bp                                       0x08002c68   Data          16  pow.o(.constdata)
    dp_h                                     0x08002c78   Data          16  pow.o(.constdata)
    dp_l                                     0x08002c88   Data          16  pow.o(.constdata)
    L                                        0x08002c98   Data          48  pow.o(.constdata)
    P                                        0x08002cc8   Data          40  pow.o(.constdata)
    .constdata                               0x08002cf0   Section      320  powf.o(.constdata)
    table                                    0x08002cf0   Data         128  powf.o(.constdata)
    powersof2to1over16top                    0x08002d70   Data          64  powf.o(.constdata)
    powersof2to1over16bot                    0x08002db0   Data          64  powf.o(.constdata)
    powersof2to1over16all                    0x08002df0   Data          64  powf.o(.constdata)
    .constdata                               0x08002e30   Section        8  qnan.o(.constdata)
    .constdata                               0x08002e38   Section       32  rredf.o(.constdata)
    twooverpi                                0x08002e38   Data          32  rredf.o(.constdata)
    .conststring                             0x08002e58   Section       69  stm32f4xx_rcc.o(.conststring)
    .conststring                             0x08002ea0   Section       70  stm32f4xx_gpio.o(.conststring)
    .conststring                             0x08002ee8   Section       70  stm32f4xx_exti.o(.conststring)
    .data                                    0x20000000   Section     1664  igrf_data.o(.data)
    .data                                    0x20000680   Section     1664  igrf_data.o(.data)
    .data                                    0x20000d00   Section       24  igrf_testbench.o(.data)
    .data                                    0x20000d18   Section        4  igrf_testbench.o(.data)
    .data                                    0x20000d1c   Section       20  stm32f4_discovery.o(.data)
    .data                                    0x20000d30   Section        4  errno.o(.data)
    _errno                                   0x20000d30   Data           4  errno.o(.data)
    .bss                                     0x20000d34   Section       12  ekf_var.o(.bss)
    .bss                                     0x20000d40   Section    43680  igrf_data.o(.bss)
    .bss                                     0x2000b7e0   Section    43680  igrf_data.o(.bss)
    STACK                                    0x20016280   Section     1024  startup_stm32f4xx.o(STACK)

    Global Symbols

    Symbol Name                              Value     Ov Type        Size  Object(Section)

    BuildAttributes$$THM_ISAv4$E$P$D$K$B$S$7EM$VFPi3$EXTD16$VFPS$VFMA$PE$A:L22UL41UL21$X:L11$S22US41US21$IEEE1$IW$USESV6$~STKCKD$USESV7$~SHL$OTIME$ROPI$IEEEX$EBA8$MICROLIB$REQ8$PRES8$EABIv2 0x00000000   Number         0  anon$$obj.o ABSOLUTE
    __ARM_use_no_argv                        0x00000000   Number         0  igrf_testbench.o ABSOLUTE
    __cpp_initialize__aeabi_                  - Undefined Weak Reference
    __cxa_finalize                            - Undefined Weak Reference
    _clock_init                               - Undefined Weak Reference
    _microlib_exit                            - Undefined Weak Reference
    __Vectors_Size                           0x00000188   Number         0  startup_stm32f4xx.o ABSOLUTE
    __Vectors                                0x08000000   Data           4  startup_stm32f4xx.o(RESET)
    __Vectors_End                            0x08000188   Data           0  startup_stm32f4xx.o(RESET)
    __main                                   0x08000189   Thumb Code     0  entry.o(.ARM.Collect$$$$00000000)
    _main_stk                                0x08000189   Thumb Code     0  entry2.o(.ARM.Collect$$$$00000001)
    _main_scatterload                        0x0800018d   Thumb Code     0  entry5.o(.ARM.Collect$$$$00000004)
    __main_after_scatterload                 0x08000191   Thumb Code     0  entry5.o(.ARM.Collect$$$$00000004)
    _main_clock                              0x08000191   Thumb Code     0  entry7b.o(.ARM.Collect$$$$00000008)
    _main_cpp_init                           0x08000191   Thumb Code     0  entry8b.o(.ARM.Collect$$$$0000000A)
    _main_init                               0x08000191   Thumb Code     0  entry9a.o(.ARM.Collect$$$$0000000B)
    __rt_final_cpp                           0x08000199   Thumb Code     0  entry10a.o(.ARM.Collect$$$$0000000D)
    __rt_final_exit                          0x08000199   Thumb Code     0  entry11a.o(.ARM.Collect$$$$0000000F)
    Reset_Handler                            0x0800019d   Thumb Code     8  startup_stm32f4xx.o(.text)
    ADC_IRQHandler                           0x080001b7   Thumb Code     0  startup_stm32f4xx.o(.text)
    CAN1_RX0_IRQHandler                      0x080001b7   Thumb Code     0  startup_stm32f4xx.o(.text)
    CAN1_RX1_IRQHandler                      0x080001b7   Thumb Code     0  startup_stm32f4xx.o(.text)
    CAN1_SCE_IRQHandler                      0x080001b7   Thumb Code     0  startup_stm32f4xx.o(.text)
    CAN1_TX_IRQHandler                       0x080001b7   Thumb Code     0  startup_stm32f4xx.o(.text)
    CAN2_RX0_IRQHandler                      0x080001b7   Thumb Code     0  startup_stm32f4xx.o(.text)
    CAN2_RX1_IRQHandler                      0x080001b7   Thumb Code     0  startup_stm32f4xx.o(.text)
    CAN2_SCE_IRQHandler                      0x080001b7   Thumb Code     0  startup_stm32f4xx.o(.text)
    CAN2_TX_IRQHandler                       0x080001b7   Thumb Code     0  startup_stm32f4xx.o(.text)
    CRYP_IRQHandler                          0x080001b7   Thumb Code     0  startup_stm32f4xx.o(.text)
    DCMI_IRQHandler                          0x080001b7   Thumb Code     0  startup_stm32f4xx.o(.text)
    DMA1_Stream0_IRQHandler                  0x080001b7   Thumb Code     0  startup_stm32f4xx.o(.text)
    DMA1_Stream1_IRQHandler                  0x080001b7   Thumb Code     0  startup_stm32f4xx.o(.text)
    DMA1_Stream2_IRQHandler                  0x080001b7   Thumb Code     0  startup_stm32f4xx.o(.text)
    DMA1_Stream3_IRQHandler                  0x080001b7   Thumb Code     0  startup_stm32f4xx.o(.text)
    DMA1_Stream4_IRQHandler                  0x080001b7   Thumb Code     0  startup_stm32f4xx.o(.text)
    DMA1_Stream5_IRQHandler                  0x080001b7   Thumb Code     0  startup_stm32f4xx.o(.text)
    DMA1_Stream6_IRQHandler                  0x080001b7   Thumb Code     0  startup_stm32f4xx.o(.text)
    DMA1_Stream7_IRQHandler                  0x080001b7   Thumb Code     0  startup_stm32f4xx.o(.text)
    DMA2_Stream0_IRQHandler                  0x080001b7   Thumb Code     0  startup_stm32f4xx.o(.text)
    DMA2_Stream1_IRQHandler                  0x080001b7   Thumb Code     0  startup_stm32f4xx.o(.text)
    DMA2_Stream2_IRQHandler                  0x080001b7   Thumb Code     0  startup_stm32f4xx.o(.text)
    DMA2_Stream3_IRQHandler                  0x080001b7   Thumb Code     0  startup_stm32f4xx.o(.text)
    DMA2_Stream4_IRQHandler                  0x080001b7   Thumb Code     0  startup_stm32f4xx.o(.text)
    DMA2_Stream5_IRQHandler                  0x080001b7   Thumb Code     0  startup_stm32f4xx.o(.text)
    DMA2_Stream6_IRQHandler                  0x080001b7   Thumb Code     0  startup_stm32f4xx.o(.text)
    DMA2_Stream7_IRQHandler                  0x080001b7   Thumb Code     0  startup_stm32f4xx.o(.text)
    ETH_IRQHandler                           0x080001b7   Thumb Code     0  startup_stm32f4xx.o(.text)
    ETH_WKUP_IRQHandler                      0x080001b7   Thumb Code     0  startup_stm32f4xx.o(.text)
    EXTI15_10_IRQHandler                     0x080001b7   Thumb Code     0  startup_stm32f4xx.o(.text)
    EXTI1_IRQHandler                         0x080001b7   Thumb Code     0  startup_stm32f4xx.o(.text)
    EXTI2_IRQHandler                         0x080001b7   Thumb Code     0  startup_stm32f4xx.o(.text)
    EXTI3_IRQHandler                         0x080001b7   Thumb Code     0  startup_stm32f4xx.o(.text)
    EXTI4_IRQHandler                         0x080001b7   Thumb Code     0  startup_stm32f4xx.o(.text)
    EXTI9_5_IRQHandler                       0x080001b7   Thumb Code     0  startup_stm32f4xx.o(.text)
    FLASH_IRQHandler                         0x080001b7   Thumb Code     0  startup_stm32f4xx.o(.text)
    FPU_IRQHandler                           0x080001b7   Thumb Code     0  startup_stm32f4xx.o(.text)
    FSMC_IRQHandler                          0x080001b7   Thumb Code     0  startup_stm32f4xx.o(.text)
    HASH_RNG_IRQHandler                      0x080001b7   Thumb Code     0  startup_stm32f4xx.o(.text)
    I2C1_ER_IRQHandler                       0x080001b7   Thumb Code     0  startup_stm32f4xx.o(.text)
    I2C1_EV_IRQHandler                       0x080001b7   Thumb Code     0  startup_stm32f4xx.o(.text)
    I2C2_ER_IRQHandler                       0x080001b7   Thumb Code     0  startup_stm32f4xx.o(.text)
    I2C2_EV_IRQHandler                       0x080001b7   Thumb Code     0  startup_stm32f4xx.o(.text)
    I2C3_ER_IRQHandler                       0x080001b7   Thumb Code     0  startup_stm32f4xx.o(.text)
    I2C3_EV_IRQHandler                       0x080001b7   Thumb Code     0  startup_stm32f4xx.o(.text)
    OTG_FS_IRQHandler                        0x080001b7   Thumb Code     0  startup_stm32f4xx.o(.text)
    OTG_FS_WKUP_IRQHandler                   0x080001b7   Thumb Code     0  startup_stm32f4xx.o(.text)
    OTG_HS_EP1_IN_IRQHandler                 0x080001b7   Thumb Code     0  startup_stm32f4xx.o(.text)
    OTG_HS_EP1_OUT_IRQHandler                0x080001b7   Thumb Code     0  startup_stm32f4xx.o(.text)
    OTG_HS_IRQHandler                        0x080001b7   Thumb Code     0  startup_stm32f4xx.o(.text)
    OTG_HS_WKUP_IRQHandler                   0x080001b7   Thumb Code     0  startup_stm32f4xx.o(.text)
    PVD_IRQHandler                           0x080001b7   Thumb Code     0  startup_stm32f4xx.o(.text)
    RCC_IRQHandler                           0x080001b7   Thumb Code     0  startup_stm32f4xx.o(.text)
    RTC_Alarm_IRQHandler                     0x080001b7   Thumb Code     0  startup_stm32f4xx.o(.text)
    RTC_WKUP_IRQHandler                      0x080001b7   Thumb Code     0  startup_stm32f4xx.o(.text)
    SDIO_IRQHandler                          0x080001b7   Thumb Code     0  startup_stm32f4xx.o(.text)
    SPI1_IRQHandler                          0x080001b7   Thumb Code     0  startup_stm32f4xx.o(.text)
    SPI2_IRQHandler                          0x080001b7   Thumb Code     0  startup_stm32f4xx.o(.text)
    SPI3_IRQHandler                          0x080001b7   Thumb Code     0  startup_stm32f4xx.o(.text)
    TAMP_STAMP_IRQHandler                    0x080001b7   Thumb Code     0  startup_stm32f4xx.o(.text)
    TIM1_BRK_TIM9_IRQHandler                 0x080001b7   Thumb Code     0  startup_stm32f4xx.o(.text)
    TIM1_CC_IRQHandler                       0x080001b7   Thumb Code     0  startup_stm32f4xx.o(.text)
    TIM1_TRG_COM_TIM11_IRQHandler            0x080001b7   Thumb Code     0  startup_stm32f4xx.o(.text)
    TIM1_UP_TIM10_IRQHandler                 0x080001b7   Thumb Code     0  startup_stm32f4xx.o(.text)
    TIM2_IRQHandler                          0x080001b7   Thumb Code     0  startup_stm32f4xx.o(.text)
    TIM3_IRQHandler                          0x080001b7   Thumb Code     0  startup_stm32f4xx.o(.text)
    TIM4_IRQHandler                          0x080001b7   Thumb Code     0  startup_stm32f4xx.o(.text)
    TIM5_IRQHandler                          0x080001b7   Thumb Code     0  startup_stm32f4xx.o(.text)
    TIM6_DAC_IRQHandler                      0x080001b7   Thumb Code     0  startup_stm32f4xx.o(.text)
    TIM7_IRQHandler                          0x080001b7   Thumb Code     0  startup_stm32f4xx.o(.text)
    TIM8_BRK_TIM12_IRQHandler                0x080001b7   Thumb Code     0  startup_stm32f4xx.o(.text)
    TIM8_CC_IRQHandler                       0x080001b7   Thumb Code     0  startup_stm32f4xx.o(.text)
    TIM8_TRG_COM_TIM14_IRQHandler            0x080001b7   Thumb Code     0  startup_stm32f4xx.o(.text)
    TIM8_UP_TIM13_IRQHandler                 0x080001b7   Thumb Code     0  startup_stm32f4xx.o(.text)
    UART4_IRQHandler                         0x080001b7   Thumb Code     0  startup_stm32f4xx.o(.text)
    UART5_IRQHandler                         0x080001b7   Thumb Code     0  startup_stm32f4xx.o(.text)
    USART1_IRQHandler                        0x080001b7   Thumb Code     0  startup_stm32f4xx.o(.text)
    USART2_IRQHandler                        0x080001b7   Thumb Code     0  startup_stm32f4xx.o(.text)
    USART3_IRQHandler                        0x080001b7   Thumb Code     0  startup_stm32f4xx.o(.text)
    USART6_IRQHandler                        0x080001b7   Thumb Code     0  startup_stm32f4xx.o(.text)
    WWDG_IRQHandler                          0x080001b7   Thumb Code     0  startup_stm32f4xx.o(.text)
    __aeabi_dadd                             0x080001c1   Thumb Code   322  dadd.o(.text)
    __aeabi_dsub                             0x08000303   Thumb Code     6  dadd.o(.text)
    __aeabi_drsub                            0x08000309   Thumb Code     6  dadd.o(.text)
    __aeabi_ddiv                             0x0800030f   Thumb Code   222  ddiv.o(.text)
    __aeabi_ui2d                             0x080003ed   Thumb Code    26  dfltui.o(.text)
    __aeabi_d2f                              0x08000407   Thumb Code    56  d2f.o(.text)
    __aeabi_llsl                             0x0800043f   Thumb Code    30  llshl.o(.text)
    _ll_shift_l                              0x0800043f   Thumb Code     0  llshl.o(.text)
    __aeabi_lasr                             0x0800045d   Thumb Code    36  llsshr.o(.text)
    _ll_sshift_r                             0x0800045d   Thumb Code     0  llsshr.o(.text)
    __I$use$fp                               0x08000481   Thumb Code     0  iusefp.o(.text)
    _float_round                             0x08000481   Thumb Code    18  fepilogue.o(.text)
    _float_epilogue                          0x08000493   Thumb Code    92  fepilogue.o(.text)
    _double_round                            0x080004ef   Thumb Code    30  depilogue.o(.text)
    _double_epilogue                         0x0800050d   Thumb Code   156  depilogue.o(.text)
    __aeabi_dmul                             0x080005a9   Thumb Code   228  dmul.o(.text)
    __ARM_scalbn                             0x0800068d   Thumb Code    46  dscalb.o(.text)
    scalbn                                   0x0800068d   Thumb Code     0  dscalb.o(.text)
    __aeabi_i2d                              0x080006bb   Thumb Code    34  dflti.o(.text)
    __aeabi_cdrcmple                         0x080006dd   Thumb Code    48  cdrcmple.o(.text)
    __scatterload                            0x0800070d   Thumb Code    28  init.o(.text)
    __scatterload_rt2                        0x0800070d   Thumb Code     0  init.o(.text)
    __aeabi_llsr                             0x08000731   Thumb Code    32  llushr.o(.text)
    _ll_ushift_r                             0x08000731   Thumb Code     0  llushr.o(.text)
    _dsqrt                                   0x08000751   Thumb Code   162  dsqrt.o(.text)
    __decompress                             0x080007f3   Thumb Code     0  __dclz77c.o(.text)
    __decompress2                            0x080007f3   Thumb Code    94  __dclz77c.o(.text)
    BusFault_Handler                         0x08000851   Thumb Code     2  stm32f4xx_it.o(i.BusFault_Handler)
    DebugMon_Handler                         0x08000853   Thumb Code     2  stm32f4xx_it.o(i.DebugMon_Handler)
    Delay                                    0x08000855   Thumb Code    12  igrf_testbench.o(i.Delay)
    EXTI0_IRQHandler                         0x08000861   Thumb Code    36  stm32f4xx_it.o(i.EXTI0_IRQHandler)
    EXTI_ClearITPendingBit                   0x08000885   Thumb Code    26  stm32f4xx_exti.o(i.EXTI_ClearITPendingBit)
    EXTI_GetITStatus                         0x080008a9   Thumb Code   162  stm32f4xx_exti.o(i.EXTI_GetITStatus)
    GPIO_Init                                0x08000955   Thumb Code   294  stm32f4xx_gpio.o(i.GPIO_Init)
    HardFault_Handler                        0x08000aa5   Thumb Code     2  stm32f4xx_it.o(i.HardFault_Handler)
    MemManage_Handler                        0x08000aa7   Thumb Code     2  stm32f4xx_it.o(i.MemManage_Handler)
    NMI_Handler                              0x08000aa9   Thumb Code     2  stm32f4xx_it.o(i.NMI_Handler)
    PendSV_Handler                           0x08000aab   Thumb Code     2  stm32f4xx_it.o(i.PendSV_Handler)
    RCC_AHB1PeriphClockCmd                   0x08000aad   Thumb Code    56  stm32f4xx_rcc.o(i.RCC_AHB1PeriphClockCmd)
    STM_EVAL_LEDInit                         0x08000af1   Thumb Code    62  stm32f4_discovery.o(i.STM_EVAL_LEDInit)
    STM_EVAL_LEDOn                           0x08000b39   Thumb Code    16  stm32f4_discovery.o(i.STM_EVAL_LEDOn)
    STM_EVAL_LEDToggle                       0x08000b51   Thumb Code    20  stm32f4_discovery.o(i.STM_EVAL_LEDToggle)
    SVC_Handler                              0x08000b6d   Thumb Code     2  stm32f4xx_it.o(i.SVC_Handler)
    SysTick_Handler                          0x08000c25   Thumb Code     2  stm32f4xx_it.o(i.SysTick_Handler)
    SystemInit                               0x08000c29   Thumb Code    62  system_stm32f4xx.o(i.SystemInit)
    UsageFault_Handler                       0x08000c79   Thumb Code     2  stm32f4xx_it.o(i.UsageFault_Handler)
    __ARM_fpclassify                         0x08000c7b   Thumb Code    48  fpclassify.o(i.__ARM_fpclassify)
    __ARM_fpclassifyf                        0x08000cab   Thumb Code    38  fpclassifyf.o(i.__ARM_fpclassifyf)
    __hardfp_cosf                            0x08000cd1   Thumb Code   280  cosf.o(i.__hardfp_cosf)
    __hardfp_pow                             0x08000e21   Thumb Code  3044  pow.o(i.__hardfp_pow)
    __hardfp_powf                            0x08001a59   Thumb Code  1518  powf.o(i.__hardfp_powf)
    __mathlib_powf                           0x08001a59   Thumb Code     0  powf.o(i.__hardfp_powf)
    __hardfp_sinf                            0x08002065   Thumb Code   344  sinf.o(i.__hardfp_sinf)
    __hardfp_sqrtf                           0x080021f5   Thumb Code    58  sqrtf.o(i.__hardfp_sqrtf)
    __kernel_poly                            0x0800222f   Thumb Code   248  poly.o(i.__kernel_poly)
    __mathlib_dbl_divzero                    0x08002329   Thumb Code    28  dunder.o(i.__mathlib_dbl_divzero)
    __mathlib_dbl_infnan2                    0x08002359   Thumb Code    20  dunder.o(i.__mathlib_dbl_infnan2)
    __mathlib_dbl_invalid                    0x08002371   Thumb Code    24  dunder.o(i.__mathlib_dbl_invalid)
    __mathlib_dbl_overflow                   0x08002391   Thumb Code    24  dunder.o(i.__mathlib_dbl_overflow)
    __mathlib_dbl_underflow                  0x080023b1   Thumb Code    24  dunder.o(i.__mathlib_dbl_underflow)
    __mathlib_flt_divzero                    0x080023d1   Thumb Code    14  funder.o(i.__mathlib_flt_divzero)
    __mathlib_flt_infnan                     0x080023e5   Thumb Code     6  funder.o(i.__mathlib_flt_infnan)
    __mathlib_flt_infnan2                    0x080023eb   Thumb Code     6  funder.o(i.__mathlib_flt_infnan2)
    __mathlib_flt_invalid                    0x080023f1   Thumb Code    10  funder.o(i.__mathlib_flt_invalid)
    __mathlib_flt_overflow                   0x08002401   Thumb Code    10  funder.o(i.__mathlib_flt_overflow)
    __mathlib_flt_underflow                  0x08002411   Thumb Code    10  funder.o(i.__mathlib_flt_underflow)
    __mathlib_rredf2                         0x08002421   Thumb Code   316  rredf.o(i.__mathlib_rredf2)
    __scatterload_copy                       0x08002575   Thumb Code    14  handlers.o(i.__scatterload_copy)
    __scatterload_null                       0x08002583   Thumb Code     2  handlers.o(i.__scatterload_null)
    __scatterload_zeroinit                   0x08002585   Thumb Code    14  handlers.o(i.__scatterload_zeroinit)
    __set_errno                              0x08002595   Thumb Code     6  errno.o(i.__set_errno)
    assert_failed                            0x080025a1   Thumb Code     2  igrf_testbench.o(i.assert_failed)
    cortexm4f_enable_fpu                     0x080025a5   Thumb Code    12  igrf_testbench.o(i.cortexm4f_enable_fpu)
    countLeapYears                           0x080025b5   Thumb Code    30  e_time.o(i.countLeapYears)
    e_time                                   0x080025d5   Thumb Code   110  e_time.o(i.e_time)
    fabs                                     0x08002649   Thumb Code    24  fabs.o(i.fabs)
    igrf                                     0x08002661   Thumb Code  1238  igrf.o(i.igrf)
    main                                     0x08002b3d   Thumb Code    88  igrf_testbench.o(i.main)
    sqrt                                     0x08002b99   Thumb Code   110  sqrt.o(i.sqrt)
    monthDays                                0x08002c14   Data          48  e_time.o(.constdata)
    BUTTON_PORT_SOURCE                       0x08002c44   Data           1  stm32f4_discovery.o(.constdata)
    BUTTON_PIN_SOURCE                        0x08002c45   Data           1  stm32f4_discovery.o(.constdata)
    BUTTON_IRQn                              0x08002c46   Data           1  stm32f4_discovery.o(.constdata)
    BUTTON_PIN                               0x08002c48   Data           2  stm32f4_discovery.o(.constdata)
    BUTTON_EXTI_LINE                         0x08002c4a   Data           2  stm32f4_discovery.o(.constdata)
    BUTTON_CLK                               0x08002c4c   Data           4  stm32f4_discovery.o(.constdata)
    GPIO_PIN                                 0x08002c50   Data           8  stm32f4_discovery.o(.constdata)
    GPIO_CLK                                 0x08002c58   Data          16  stm32f4_discovery.o(.constdata)
    __mathlib_zero                           0x08002e30   Data           8  qnan.o(.constdata)
    Region$$Table$$Base                      0x08002f30   Number         0  anon$$obj.o(Region$$Table)
    Region$$Table$$Limit                     0x08002f50   Number         0  anon$$obj.o(Region$$Table)
    igrfh                                    0x20000000   Data        1664  igrf_data.o(.data)
    igrfg                                    0x20000680   Data        1664  igrf_data.o(.data)
    gps                                      0x20000d00   Data          24  igrf_testbench.o(.data)
    days                                     0x20000d18   Data           4  igrf_testbench.o(.data)
    BUTTON_PORT                              0x20000d1c   Data           4  stm32f4_discovery.o(.data)
    GPIO_PORT                                0x20000d20   Data          16  stm32f4_discovery.o(.data)
    Bi_f32                                   0x20000d34   Data          12  ekf_var.o(.bss)
    g                                        0x20000d40   Data       43680  igrf_data.o(.bss)
    h                                        0x2000b7e0   Data       43680  igrf_data.o(.bss)
    __initial_sp                             0x20016680   Data           0  startup_stm32f4xx.o(STACK)



==============================================================================

Memory Map of the image

  Image Entry point : 0x08000189

  Load Region LR_IROM1 (Base: 0x08000000, Size: 0x00003c84, Max: 0x00100000, ABSOLUTE, COMPRESSED[0x000036d0])

    Execution Region ER_IROM1 (Base: 0x08000000, Size: 0x00002f50, Max: 0x00100000, ABSOLUTE)

    Base Addr    Size         Type   Attr      Idx    E Section Name        Object

    0x08000000   0x00000188   Data   RO         1265    RESET               startup_stm32f4xx.o
    0x08000188   0x00000000   Code   RO         1433  * .ARM.Collect$$$$00000000  mc_w.l(entry.o)
    0x08000188   0x00000004   Code   RO         1500    .ARM.Collect$$$$00000001  mc_w.l(entry2.o)
    0x0800018c   0x00000004   Code   RO         1503    .ARM.Collect$$$$00000004  mc_w.l(entry5.o)
    0x08000190   0x00000000   Code   RO         1505    .ARM.Collect$$$$00000008  mc_w.l(entry7b.o)
    0x08000190   0x00000000   Code   RO         1507    .ARM.Collect$$$$0000000A  mc_w.l(entry8b.o)
    0x08000190   0x00000008   Code   RO         1508    .ARM.Collect$$$$0000000B  mc_w.l(entry9a.o)
    0x08000198   0x00000000   Code   RO         1510    .ARM.Collect$$$$0000000D  mc_w.l(entry10a.o)
    0x08000198   0x00000000   Code   RO         1512    .ARM.Collect$$$$0000000F  mc_w.l(entry11a.o)
    0x08000198   0x00000004   Code   RO         1501    .ARM.Collect$$$$00002712  mc_w.l(entry2.o)
    0x0800019c   0x00000024   Code   RO         1266    .text               startup_stm32f4xx.o
    0x080001c0   0x0000014e   Code   RO         1436    .text               mf_w.l(dadd.o)
    0x0800030e   0x000000de   Code   RO         1438    .text               mf_w.l(ddiv.o)
    0x080003ec   0x0000001a   Code   RO         1440    .text               mf_w.l(dfltui.o)
    0x08000406   0x00000038   Code   RO         1442    .text               mf_w.l(d2f.o)
    0x0800043e   0x0000001e   Code   RO         1514    .text               mc_w.l(llshl.o)
    0x0800045c   0x00000024   Code   RO         1516    .text               mc_w.l(llsshr.o)
    0x08000480   0x00000000   Code   RO         1525    .text               mc_w.l(iusefp.o)
    0x08000480   0x0000006e   Code   RO         1526    .text               mf_w.l(fepilogue.o)
    0x080004ee   0x000000ba   Code   RO         1528    .text               mf_w.l(depilogue.o)
    0x080005a8   0x000000e4   Code   RO         1530    .text               mf_w.l(dmul.o)
    0x0800068c   0x0000002e   Code   RO         1534    .text               mf_w.l(dscalb.o)
    0x080006ba   0x00000022   Code   RO         1536    .text               mf_w.l(dflti.o)
    0x080006dc   0x00000030   Code   RO         1538    .text               mf_w.l(cdrcmple.o)
    0x0800070c   0x00000024   Code   RO         1542    .text               mc_w.l(init.o)
    0x08000730   0x00000020   Code   RO         1544    .text               mc_w.l(llushr.o)
    0x08000750   0x000000a2   Code   RO         1546    .text               mf_w.l(dsqrt.o)
    0x080007f2   0x0000005e   Code   RO         1558    .text               mc_w.l(__dclz77c.o)
    0x08000850   0x00000002   Code   RO            2    i.BusFault_Handler  stm32f4xx_it.o
    0x08000852   0x00000002   Code   RO            3    i.DebugMon_Handler  stm32f4xx_it.o
    0x08000854   0x0000000c   Code   RO          514    i.Delay             igrf_testbench.o
    0x08000860   0x00000024   Code   RO            4    i.EXTI0_IRQHandler  stm32f4xx_it.o
    0x08000884   0x00000024   Code   RO         1203    i.EXTI_ClearITPendingBit  stm32f4xx_exti.o
    0x080008a8   0x000000ac   Code   RO         1207    i.EXTI_GetITStatus  stm32f4xx_exti.o
    0x08000954   0x00000150   Code   RO         1058    i.GPIO_Init         stm32f4xx_gpio.o
    0x08000aa4   0x00000002   Code   RO            5    i.HardFault_Handler  stm32f4xx_it.o
    0x08000aa6   0x00000002   Code   RO            6    i.MemManage_Handler  stm32f4xx_it.o
    0x08000aa8   0x00000002   Code   RO            7    i.NMI_Handler       stm32f4xx_it.o
    0x08000aaa   0x00000002   Code   RO            8    i.PendSV_Handler    stm32f4xx_it.o
    0x08000aac   0x00000044   Code   RO          656    i.RCC_AHB1PeriphClockCmd  stm32f4xx_rcc.o
    0x08000af0   0x00000048   Code   RO          605    i.STM_EVAL_LEDInit  stm32f4_discovery.o
    0x08000b38   0x00000018   Code   RO          607    i.STM_EVAL_LEDOn    stm32f4_discovery.o
    0x08000b50   0x0000001c   Code   RO          608    i.STM_EVAL_LEDToggle  stm32f4_discovery.o
    0x08000b6c   0x00000002   Code   RO            9    i.SVC_Handler       stm32f4xx_it.o
    0x08000b6e   0x00000002   PAD
    0x08000b70   0x000000b4   Code   RO          198    i.SetSysClock       system_stm32f4xx.o
    0x08000c24   0x00000002   Code   RO           10    i.SysTick_Handler   stm32f4xx_it.o
    0x08000c26   0x00000002   PAD
    0x08000c28   0x00000050   Code   RO          200    i.SystemInit        system_stm32f4xx.o
    0x08000c78   0x00000002   Code   RO           11    i.UsageFault_Handler  stm32f4xx_it.o
    0x08000c7a   0x00000030   Code   RO         1464    i.__ARM_fpclassify  m_wm.l(fpclassify.o)
    0x08000caa   0x00000026   Code   RO         1466    i.__ARM_fpclassifyf  m_wm.l(fpclassifyf.o)
    0x08000cd0   0x00000150   Code   RO         1369    i.__hardfp_cosf     m_wm.l(cosf.o)
    0x08000e20   0x00000c38   Code   RO         1381    i.__hardfp_pow      m_wm.l(pow.o)
    0x08001a58   0x0000060c   Code   RO         1395    i.__hardfp_powf     m_wm.l(powf.o)
    0x08002064   0x00000190   Code   RO         1409    i.__hardfp_sinf     m_wm.l(sinf.o)
    0x080021f4   0x0000003a   Code   RO         1421    i.__hardfp_sqrtf    m_wm.l(sqrtf.o)
    0x0800222e   0x000000f8   Code   RO         1482    i.__kernel_poly     m_wm.l(poly.o)
    0x08002326   0x00000002   PAD
    0x08002328   0x00000030   Code   RO         1444    i.__mathlib_dbl_divzero  m_wm.l(dunder.o)
    0x08002358   0x00000014   Code   RO         1446    i.__mathlib_dbl_infnan2  m_wm.l(dunder.o)
    0x0800236c   0x00000004   PAD
    0x08002370   0x00000020   Code   RO         1447    i.__mathlib_dbl_invalid  m_wm.l(dunder.o)
    0x08002390   0x00000020   Code   RO         1448    i.__mathlib_dbl_overflow  m_wm.l(dunder.o)
    0x080023b0   0x00000020   Code   RO         1450    i.__mathlib_dbl_underflow  m_wm.l(dunder.o)
    0x080023d0   0x00000014   Code   RO         1468    i.__mathlib_flt_divzero  m_wm.l(funder.o)
    0x080023e4   0x00000006   Code   RO         1469    i.__mathlib_flt_infnan  m_wm.l(funder.o)
    0x080023ea   0x00000006   Code   RO         1470    i.__mathlib_flt_infnan2  m_wm.l(funder.o)
    0x080023f0   0x00000010   Code   RO         1471    i.__mathlib_flt_invalid  m_wm.l(funder.o)
    0x08002400   0x00000010   Code   RO         1472    i.__mathlib_flt_overflow  m_wm.l(funder.o)
    0x08002410   0x00000010   Code   RO         1474    i.__mathlib_flt_underflow  m_wm.l(funder.o)
    0x08002420   0x00000154   Code   RO         1485    i.__mathlib_rredf2  m_wm.l(rredf.o)
    0x08002574   0x0000000e   Code   RO         1552    i.__scatterload_copy  mc_w.l(handlers.o)
    0x08002582   0x00000002   Code   RO         1553    i.__scatterload_null  mc_w.l(handlers.o)
    0x08002584   0x0000000e   Code   RO         1554    i.__scatterload_zeroinit  mc_w.l(handlers.o)
    0x08002592   0x00000002   PAD
    0x08002594   0x0000000c   Code   RO         1520    i.__set_errno       mc_w.l(errno.o)
    0x080025a0   0x00000002   Code   RO          515    i.assert_failed     igrf_testbench.o
    0x080025a2   0x00000002   PAD
    0x080025a4   0x00000010   Code   RO          516    i.cortexm4f_enable_fpu  igrf_testbench.o
    0x080025b4   0x0000001e   Code   RO          474    i.countLeapYears    e_time.o
    0x080025d2   0x00000002   PAD
    0x080025d4   0x00000074   Code   RO          475    i.e_time            e_time.o
    0x08002648   0x00000018   Code   RO         1460    i.fabs              m_wm.l(fabs.o)
    0x08002660   0x000004dc   Code   RO          414    i.igrf              igrf.o
    0x08002b3c   0x0000005c   Code   RO          517    i.main              igrf_testbench.o
    0x08002b98   0x0000006e   Code   RO         1490    i.sqrt              m_wm.l(sqrt.o)
    0x08002c06   0x00000002   PAD
    0x08002c08   0x0000000c   Data   RO          415    .constdata          igrf.o
    0x08002c14   0x00000030   Data   RO          476    .constdata          e_time.o
    0x08002c44   0x00000024   Data   RO          611    .constdata          stm32f4_discovery.o
    0x08002c68   0x00000088   Data   RO         1384    .constdata          m_wm.l(pow.o)
    0x08002cf0   0x00000140   Data   RO         1398    .constdata          m_wm.l(powf.o)
    0x08002e30   0x00000008   Data   RO         1484    .constdata          m_wm.l(qnan.o)
    0x08002e38   0x00000020   Data   RO         1486    .constdata          m_wm.l(rredf.o)
    0x08002e58   0x00000045   Data   RO          700    .conststring        stm32f4xx_rcc.o
    0x08002e9d   0x00000003   PAD
    0x08002ea0   0x00000046   Data   RO         1071    .conststring        stm32f4xx_gpio.o
    0x08002ee6   0x00000002   PAD
    0x08002ee8   0x00000046   Data   RO         1210    .conststring        stm32f4xx_exti.o
    0x08002f2e   0x00000002   PAD
    0x08002f30   0x00000020   Data   RO         1550    Region$$Table       anon$$obj.o


    Execution Region RW_IRAM1 (Base: 0x20000000, Size: 0x00016680, Max: 0x00020000, ABSOLUTE, COMPRESSED[0x00000780])

    Base Addr    Size         Type   Attr      Idx    E Section Name        Object

    0x20000000   0x00000680   Data   RW          454    .data               igrf_data.o
    0x20000680   0x00000680   Data   RW          455    .data               igrf_data.o
    0x20000d00   0x00000018   Data   RW          518    .data               igrf_testbench.o
    0x20000d18   0x00000004   Data   RW          519    .data               igrf_testbench.o
    0x20000d1c   0x00000014   Data   RW          612    .data               stm32f4_discovery.o
    0x20000d30   0x00000004   Data   RW         1521    .data               mc_w.l(errno.o)
    0x20000d34   0x0000000c   Zero   RW          265    .bss                ekf_var.o
    0x20000d40   0x0000aaa0   Zero   RW          452    .bss                igrf_data.o
    0x2000b7e0   0x0000aaa0   Zero   RW          453    .bss                igrf_data.o
    0x20016280   0x00000400   Zero   RW         1263    STACK               startup_stm32f4xx.o


==============================================================================

Image component sizes


      Code (inc. data)   RO Data    RW Data    ZI Data      Debug   Object Name

       146          6         48          0          0      16378   e_time.o
         0          0          0          0          0      11044   ekf_init.o
         0          0          0          0         12       1989   ekf_var.o
      1244         88         12          0          0       2151   igrf.o
         0          0          0       3328      87360        714   igrf_data.o
       122          8          0         28          0       4539   igrf_testbench.o
        36          8        392          0       1024        932   startup_stm32f4xx.o
       124         26         36         20          0       2926   stm32f4_discovery.o
       208         20         70          0          0       1432   stm32f4xx_exti.o
       336         42         70          0          0       7784   stm32f4xx_gpio.o
        54          0          0          0          0      30820   stm32f4xx_it.o
        68         12         69          0          0        693   stm32f4xx_rcc.o
       260         36          0          0          0     221789   system_stm32f4xx.o

    ----------------------------------------------------------------------
      2606        246        736       3376      88396     303191   Object Totals
         0          0         32          0          0          0   (incl. Generated)
         8          0          7          0          0          0   (incl. Padding)

    ----------------------------------------------------------------------

      Code (inc. data)   RO Data    RW Data    ZI Data      Debug   Library Member Name

       336         56          0          0          0        136   cosf.o
       164         44          0          0          0        620   dunder.o
        24          0          0          0          0        124   fabs.o
        48          0          0          0          0        124   fpclassify.o
        38          0          0          0          0        116   fpclassifyf.o
        80         24          0          0          0        696   funder.o
       248          0          0          0          0        152   poly.o
      3128        302        136          0          0        356   pow.o
      1548        110        320          0          0        268   powf.o
         0          0          8          0          0          0   qnan.o
       340         24         32          0          0        160   rredf.o
       400         56          0          0          0        212   sinf.o
       110          0          0          0          0        148   sqrt.o
        58          0          0          0          0        136   sqrtf.o
        94          0          0          0          0          0   __dclz77c.o
         0          0          0          0          0          0   entry.o
         0          0          0          0          0          0   entry10a.o
         0          0          0          0          0          0   entry11a.o
         8          4          0          0          0          0   entry2.o
         4          0          0          0          0          0   entry5.o
         0          0          0          0          0          0   entry7b.o
         0          0          0          0          0          0   entry8b.o
         8          4          0          0          0          0   entry9a.o
        12          6          0          4          0         68   errno.o
        30          0          0          0          0          0   handlers.o
        36          8          0          0          0         68   init.o
         0          0          0          0          0          0   iusefp.o
        30          0          0          0          0         68   llshl.o
        36          0          0          0          0         68   llsshr.o
        32          0          0          0          0         68   llushr.o
        48          0          0          0          0         68   cdrcmple.o
        56          0          0          0          0         88   d2f.o
       334          0          0          0          0        148   dadd.o
       222          0          0          0          0        100   ddiv.o
       186          0          0          0          0        176   depilogue.o
        34          0          0          0          0         76   dflti.o
        26          0          0          0          0         76   dfltui.o
       228          0          0          0          0         96   dmul.o
        46          0          0          0          0         80   dscalb.o
       162          0          0          0          0        100   dsqrt.o
       110          0          0          0          0        168   fepilogue.o

    ----------------------------------------------------------------------
      8274        638        496          4          0       4764   Library Totals
        10          0          0          0          0          0   (incl. Padding)

    ----------------------------------------------------------------------

      Code (inc. data)   RO Data    RW Data    ZI Data      Debug   Library Name

      6522        616        496          0          0       3248   m_wm.l
       290         22          0          4          0        340   mc_w.l
      1452          0          0          0          0       1176   mf_w.l

    ----------------------------------------------------------------------
      8274        638        496          4          0       4764   Library Totals

    ----------------------------------------------------------------------

==============================================================================


      Code (inc. data)   RO Data    RW Data    ZI Data      Debug   

     10880        884       1232       3380      88396     303411   Grand Totals
     10880        884       1232       1920      88396     303411   ELF Image Totals (compressed)
     10880        884       1232       1920          0          0   ROM Totals

==============================================================================

    Total RO  Size (Code + RO Data)                12112 (  11.83kB)
    Total RW  Size (RW Data + ZI Data)             91776 (  89.63kB)
    Total ROM Size (Code + RO Data + RW Data)      14032 (  13.70kB)

==============================================================================

