<html>
<body>
<pre>
<h1>µVision Build Log</h1>
<h2>Tool Versions:</h2>
IDE-Version: µVision V5.13.0.0
Copyright (C) 2014 ARM Ltd and ARM Germany GmbH. All rights reserved.
License Information: Sulav Shrestha, Studsat, LIC=FQQQD-8WMPU-F1UPT-RXU9A-MW3ZL-TZ2CE
 
Tool Versions:
Toolchain:       MDK-ARM Professional  Version: 5.13.0.0
Toolchain Path:  C:\Keil_v5\ARM\ARMCC\Bin
C Compiler:      Armcc.exe V5.05 update 1 (build 106)
Assembler:       Armasm.exe V5.05 update 1 (build 106)
Linker/Locator:  ArmLink.exe V5.05 update 1 (build 106)
Library Manager: ArmAr.exe V5.05 update 1 (build 106)
Hex Converter:   FromElf.exe V5.05 update 1 (build 106)
CPU DLL:         SARMCM3.DLL V5.13.0.0
Dialog DLL:      DCM.DLL V1.13.1.0
Target DLL:      STLink\ST-LINKIII-KEIL_SWO.dll V2.0.14.0_KEIL
Dialog DLL:      TCM.DLL V1.14.4.0
 
<h2>Project:</h2>
D:\studsat_project\Project\learn\att_det\MDK-ARM\Exti.uvproj
Project File Date:  07/18/2016

<h2>Output:</h2>
Rebuild target 'Exti'
compiling stm32f4xx_it.c...
compiling system_stm32f4xx.c...
compiling ekf_var.c...
compiling ekf_init.c...
compiling ekf_tmp.c...
compiling filters.c...
compiling igrf.c...
compiling igrf_data.c...
compiling e_time.c...
compiling igrf_testbench.c...
compiling arm_mat_init_f32.c...
compiling arm_mat_add_f32.c...
compiling stm32f4_discovery.c...
compiling stm32f4xx_rcc.c...
compiling misc.c...
compiling stm32f4xx_gpio.c...
compiling stm32f4xx_syscfg.c...
compiling stm32f4xx_exti.c...
assembling startup_stm32f4xx.s...
linking...
Program Size: Code=10880 RO-data=1232 RW-data=3380 ZI-data=88396  
".\Exti\Exti.axf" - 0 Error(s), 0 Warning(s).
</pre>
</body>
</html>
